<?xml version="1.0" encoding="ISO-8859-1" ?>
<link_info>
   <banner>TI ARM Linker PC v20.2.7.LTS</banner>
   <copyright>Copyright (c) 1996-2018 Texas Instruments Incorporated</copyright>
   <link_time>0x676fba3d</link_time>
   <link_errors>0x0</link_errors>
   <output_file>Project_embed.out</output_file>
   <entry_point>
      <name>_c_int00_noargs</name>
      <address>0x54b5</address>
   </entry_point>
   <input_file_list>
      <input_file id="fl-2">
         <path>.\</path>
         <kind>object</kind>
         <file>lcd1602_i2c.obj</file>
         <name>lcd1602_i2c.obj</name>
      </input_file>
      <input_file id="fl-3">
         <path>.\</path>
         <kind>object</kind>
         <file>main_task1.obj</file>
         <name>main_task1.obj</name>
      </input_file>
      <input_file id="fl-4">
         <path>.\</path>
         <kind>object</kind>
         <file>tm4c123gh6pm_startup_ccs.obj</file>
         <name>tm4c123gh6pm_startup_ccs.obj</name>
      </input_file>
      <input_file id="fl-5">
         <path>.\libs\i2c\</path>
         <kind>object</kind>
         <file>i2c.obj</file>
         <name>i2c.obj</name>
      </input_file>
      <input_file id="fl-a">
         <kind>object</kind>
         <file>&lt;internal&gt;</file>
         <name>&lt;internal&gt;</name>
      </input_file>
      <input_file id="fl-b">
         <path>C:\ti\TivaWare_C_Series-1.1\driverlib\ccs\Debug\</path>
         <kind>archive</kind>
         <file>driverlib.lib</file>
         <name>uart.obj</name>
      </input_file>
      <input_file id="fl-c">
         <path>C:\ti\TivaWare_C_Series-1.1\driverlib\ccs\Debug\</path>
         <kind>archive</kind>
         <file>driverlib.lib</file>
         <name>systick.obj</name>
      </input_file>
      <input_file id="fl-d">
         <path>C:\ti\TivaWare_C_Series-1.1\driverlib\ccs\Debug\</path>
         <kind>archive</kind>
         <file>driverlib.lib</file>
         <name>sysctl.obj</name>
      </input_file>
      <input_file id="fl-e">
         <path>C:\ti\TivaWare_C_Series-1.1\driverlib\ccs\Debug\</path>
         <kind>archive</kind>
         <file>driverlib.lib</file>
         <name>interrupt.obj</name>
      </input_file>
      <input_file id="fl-f">
         <path>C:\ti\TivaWare_C_Series-1.1\driverlib\ccs\Debug\</path>
         <kind>archive</kind>
         <file>driverlib.lib</file>
         <name>i2c.obj</name>
      </input_file>
      <input_file id="fl-10">
         <path>C:\ti\TivaWare_C_Series-1.1\driverlib\ccs\Debug\</path>
         <kind>archive</kind>
         <file>driverlib.lib</file>
         <name>gpio.obj</name>
      </input_file>
      <input_file id="fl-11">
         <path>C:\ti\TivaWare_C_Series-1.1\driverlib\ccs\Debug\</path>
         <kind>archive</kind>
         <file>driverlib.lib</file>
         <name>cpu.obj</name>
      </input_file>
      <input_file id="fl-c7">
         <path>C:\ti\ccs1250\ccs\tools\compiler\ti-cgt-arm_20.2.7.LTS\lib\</path>
         <kind>archive</kind>
         <file>rtsv7M4_T_le_v4SPD16_eabi.lib</file>
         <name>s_lround.c.obj</name>
      </input_file>
      <input_file id="fl-c8">
         <path>C:\ti\ccs1250\ccs\tools\compiler\ti-cgt-arm_20.2.7.LTS\lib\</path>
         <kind>archive</kind>
         <file>rtsv7M4_T_le_v4SPD16_eabi.lib</file>
         <name>e_atan2.c.obj</name>
      </input_file>
      <input_file id="fl-c9">
         <path>C:\ti\ccs1250\ccs\tools\compiler\ti-cgt-arm_20.2.7.LTS\lib\</path>
         <kind>archive</kind>
         <file>rtsv7M4_T_le_v4SPD16_eabi.lib</file>
         <name>e_fmod.c.obj</name>
      </input_file>
      <input_file id="fl-ca">
         <path>C:\ti\ccs1250\ccs\tools\compiler\ti-cgt-arm_20.2.7.LTS\lib\</path>
         <kind>archive</kind>
         <file>rtsv7M4_T_le_v4SPD16_eabi.lib</file>
         <name>e_sqrt.c.obj</name>
      </input_file>
      <input_file id="fl-cb">
         <path>C:\ti\ccs1250\ccs\tools\compiler\ti-cgt-arm_20.2.7.LTS\lib\</path>
         <kind>archive</kind>
         <file>rtsv7M4_T_le_v4SPD16_eabi.lib</file>
         <name>s_atan.c.obj</name>
      </input_file>
      <input_file id="fl-cc">
         <path>C:\ti\ccs1250\ccs\tools\compiler\ti-cgt-arm_20.2.7.LTS\lib\</path>
         <kind>archive</kind>
         <file>rtsv7M4_T_le_v4SPD16_eabi.lib</file>
         <name>s_cos.c.obj</name>
      </input_file>
      <input_file id="fl-cd">
         <path>C:\ti\ccs1250\ccs\tools\compiler\ti-cgt-arm_20.2.7.LTS\lib\</path>
         <kind>archive</kind>
         <file>rtsv7M4_T_le_v4SPD16_eabi.lib</file>
         <name>s_round.c.obj</name>
      </input_file>
      <input_file id="fl-ce">
         <path>C:\ti\ccs1250\ccs\tools\compiler\ti-cgt-arm_20.2.7.LTS\lib\</path>
         <kind>archive</kind>
         <file>rtsv7M4_T_le_v4SPD16_eabi.lib</file>
         <name>s_sin.c.obj</name>
      </input_file>
      <input_file id="fl-cf">
         <path>C:\ti\ccs1250\ccs\tools\compiler\ti-cgt-arm_20.2.7.LTS\lib\</path>
         <kind>archive</kind>
         <file>rtsv7M4_T_le_v4SPD16_eabi.lib</file>
         <name>ti_fenv.c.obj</name>
      </input_file>
      <input_file id="fl-d0">
         <path>C:\ti\ccs1250\ccs\tools\compiler\ti-cgt-arm_20.2.7.LTS\lib\</path>
         <kind>archive</kind>
         <file>rtsv7M4_T_le_v4SPD16_eabi.lib</file>
         <name>sscanf.c.obj</name>
      </input_file>
      <input_file id="fl-d1">
         <path>C:\ti\ccs1250\ccs\tools\compiler\ti-cgt-arm_20.2.7.LTS\lib\</path>
         <kind>archive</kind>
         <file>rtsv7M4_T_le_v4SPD16_eabi.lib</file>
         <name>fd_add_t2.asm.obj</name>
      </input_file>
      <input_file id="fl-d2">
         <path>C:\ti\ccs1250\ccs\tools\compiler\ti-cgt-arm_20.2.7.LTS\lib\</path>
         <kind>archive</kind>
         <file>rtsv7M4_T_le_v4SPD16_eabi.lib</file>
         <name>fd_cmp_t2.asm.obj</name>
      </input_file>
      <input_file id="fl-d3">
         <path>C:\ti\ccs1250\ccs\tools\compiler\ti-cgt-arm_20.2.7.LTS\lib\</path>
         <kind>archive</kind>
         <file>rtsv7M4_T_le_v4SPD16_eabi.lib</file>
         <name>fd_div_t2.asm.obj</name>
      </input_file>
      <input_file id="fl-d4">
         <path>C:\ti\ccs1250\ccs\tools\compiler\ti-cgt-arm_20.2.7.LTS\lib\</path>
         <kind>archive</kind>
         <file>rtsv7M4_T_le_v4SPD16_eabi.lib</file>
         <name>fd_mul_t2.asm.obj</name>
      </input_file>
      <input_file id="fl-d5">
         <path>C:\ti\ccs1250\ccs\tools\compiler\ti-cgt-arm_20.2.7.LTS\lib\</path>
         <kind>archive</kind>
         <file>rtsv7M4_T_le_v4SPD16_eabi.lib</file>
         <name>fd_toi_t2.asm.obj</name>
      </input_file>
      <input_file id="fl-d6">
         <path>C:\ti\ccs1250\ccs\tools\compiler\ti-cgt-arm_20.2.7.LTS\lib\</path>
         <kind>archive</kind>
         <file>rtsv7M4_T_le_v4SPD16_eabi.lib</file>
         <name>i_tofd_t2.asm.obj</name>
      </input_file>
      <input_file id="fl-d7">
         <path>C:\ti\ccs1250\ccs\tools\compiler\ti-cgt-arm_20.2.7.LTS\lib\</path>
         <kind>archive</kind>
         <file>rtsv7M4_T_le_v4SPD16_eabi.lib</file>
         <name>copy_zero_init.c.obj</name>
      </input_file>
      <input_file id="fl-d8">
         <path>C:\ti\ccs1250\ccs\tools\compiler\ti-cgt-arm_20.2.7.LTS\lib\</path>
         <kind>archive</kind>
         <file>rtsv7M4_T_le_v4SPD16_eabi.lib</file>
         <name>copy_decompress_none.c.obj</name>
      </input_file>
      <input_file id="fl-d9">
         <path>C:\ti\ccs1250\ccs\tools\compiler\ti-cgt-arm_20.2.7.LTS\lib\</path>
         <kind>archive</kind>
         <file>rtsv7M4_T_le_v4SPD16_eabi.lib</file>
         <name>copy_decompress_lzss.c.obj</name>
      </input_file>
      <input_file id="fl-da">
         <path>C:\ti\ccs1250\ccs\tools\compiler\ti-cgt-arm_20.2.7.LTS\lib\</path>
         <kind>archive</kind>
         <file>rtsv7M4_T_le_v4SPD16_eabi.lib</file>
         <name>atof.c.obj</name>
      </input_file>
      <input_file id="fl-db">
         <path>C:\ti\ccs1250\ccs\tools\compiler\ti-cgt-arm_20.2.7.LTS\lib\</path>
         <kind>archive</kind>
         <file>rtsv7M4_T_le_v4SPD16_eabi.lib</file>
         <name>ctype.c.obj</name>
      </input_file>
      <input_file id="fl-dc">
         <path>C:\ti\ccs1250\ccs\tools\compiler\ti-cgt-arm_20.2.7.LTS\lib\</path>
         <kind>archive</kind>
         <file>rtsv7M4_T_le_v4SPD16_eabi.lib</file>
         <name>strchr.c.obj</name>
      </input_file>
      <input_file id="fl-dd">
         <path>C:\ti\ccs1250\ccs\tools\compiler\ti-cgt-arm_20.2.7.LTS\lib\</path>
         <kind>archive</kind>
         <file>rtsv7M4_T_le_v4SPD16_eabi.lib</file>
         <name>strcpy.c.obj</name>
      </input_file>
      <input_file id="fl-de">
         <path>C:\ti\ccs1250\ccs\tools\compiler\ti-cgt-arm_20.2.7.LTS\lib\</path>
         <kind>archive</kind>
         <file>rtsv7M4_T_le_v4SPD16_eabi.lib</file>
         <name>strncmp.c.obj</name>
      </input_file>
      <input_file id="fl-df">
         <path>C:\ti\ccs1250\ccs\tools\compiler\ti-cgt-arm_20.2.7.LTS\lib\</path>
         <kind>archive</kind>
         <file>rtsv7M4_T_le_v4SPD16_eabi.lib</file>
         <name>strncpy.c.obj</name>
      </input_file>
      <input_file id="fl-e0">
         <path>C:\ti\ccs1250\ccs\tools\compiler\ti-cgt-arm_20.2.7.LTS\lib\</path>
         <kind>archive</kind>
         <file>rtsv7M4_T_le_v4SPD16_eabi.lib</file>
         <name>strtod.c.obj</name>
      </input_file>
      <input_file id="fl-e1">
         <path>C:\ti\ccs1250\ccs\tools\compiler\ti-cgt-arm_20.2.7.LTS\lib\</path>
         <kind>archive</kind>
         <file>rtsv7M4_T_le_v4SPD16_eabi.lib</file>
         <name>strtok.c.obj</name>
      </input_file>
      <input_file id="fl-e2">
         <path>C:\ti\ccs1250\ccs\tools\compiler\ti-cgt-arm_20.2.7.LTS\lib\</path>
         <kind>archive</kind>
         <file>rtsv7M4_T_le_v4SPD16_eabi.lib</file>
         <name>signal.c.obj</name>
      </input_file>
      <input_file id="fl-e3">
         <path>C:\ti\ccs1250\ccs\tools\compiler\ti-cgt-arm_20.2.7.LTS\lib\</path>
         <kind>archive</kind>
         <file>rtsv7M4_T_le_v4SPD16_eabi.lib</file>
         <name>k_rem_pio2.c.obj</name>
      </input_file>
      <input_file id="fl-e4">
         <path>C:\ti\ccs1250\ccs\tools\compiler\ti-cgt-arm_20.2.7.LTS\lib\</path>
         <kind>archive</kind>
         <file>rtsv7M4_T_le_v4SPD16_eabi.lib</file>
         <name>boot_cortex_m.c.obj</name>
      </input_file>
      <input_file id="fl-e5">
         <path>C:\ti\ccs1250\ccs\tools\compiler\ti-cgt-arm_20.2.7.LTS\lib\</path>
         <kind>archive</kind>
         <file>rtsv7M4_T_le_v4SPD16_eabi.lib</file>
         <name>errno.c.obj</name>
      </input_file>
      <input_file id="fl-e6">
         <path>C:\ti\ccs1250\ccs\tools\compiler\ti-cgt-arm_20.2.7.LTS\lib\</path>
         <kind>archive</kind>
         <file>rtsv7M4_T_le_v4SPD16_eabi.lib</file>
         <name>k_cos.c.obj</name>
      </input_file>
      <input_file id="fl-e7">
         <path>C:\ti\ccs1250\ccs\tools\compiler\ti-cgt-arm_20.2.7.LTS\lib\</path>
         <kind>archive</kind>
         <file>rtsv7M4_T_le_v4SPD16_eabi.lib</file>
         <name>k_sin.c.obj</name>
      </input_file>
      <input_file id="fl-e8">
         <path>C:\ti\ccs1250\ccs\tools\compiler\ti-cgt-arm_20.2.7.LTS\lib\</path>
         <kind>archive</kind>
         <file>rtsv7M4_T_le_v4SPD16_eabi.lib</file>
         <name>s_floor.c.obj</name>
      </input_file>
      <input_file id="fl-e9">
         <path>C:\ti\ccs1250\ccs\tools\compiler\ti-cgt-arm_20.2.7.LTS\lib\</path>
         <kind>archive</kind>
         <file>rtsv7M4_T_le_v4SPD16_eabi.lib</file>
         <name>s_scalbn.c.obj</name>
      </input_file>
      <input_file id="fl-ea">
         <path>C:\ti\ccs1250\ccs\tools\compiler\ti-cgt-arm_20.2.7.LTS\lib\</path>
         <kind>archive</kind>
         <file>rtsv7M4_T_le_v4SPD16_eabi.lib</file>
         <name>_scanfi.c.obj</name>
      </input_file>
      <input_file id="fl-eb">
         <path>C:\ti\ccs1250\ccs\tools\compiler\ti-cgt-arm_20.2.7.LTS\lib\</path>
         <kind>archive</kind>
         <file>rtsv7M4_T_le_v4SPD16_eabi.lib</file>
         <name>fd_tos_t2.asm.obj</name>
      </input_file>
      <input_file id="fl-ec">
         <path>C:\ti\ccs1250\ccs\tools\compiler\ti-cgt-arm_20.2.7.LTS\lib\</path>
         <kind>archive</kind>
         <file>rtsv7M4_T_le_v4SPD16_eabi.lib</file>
         <name>memcpy_t2.asm.obj</name>
      </input_file>
      <input_file id="fl-ed">
         <path>C:\ti\ccs1250\ccs\tools\compiler\ti-cgt-arm_20.2.7.LTS\lib\</path>
         <kind>archive</kind>
         <file>rtsv7M4_T_le_v4SPD16_eabi.lib</file>
         <name>memset_t2.asm.obj</name>
      </input_file>
      <input_file id="fl-ee">
         <path>C:\ti\ccs1250\ccs\tools\compiler\ti-cgt-arm_20.2.7.LTS\lib\</path>
         <kind>archive</kind>
         <file>rtsv7M4_T_le_v4SPD16_eabi.lib</file>
         <name>autoinit.c.obj</name>
      </input_file>
      <input_file id="fl-ef">
         <path>C:\ti\ccs1250\ccs\tools\compiler\ti-cgt-arm_20.2.7.LTS\lib\</path>
         <kind>archive</kind>
         <file>rtsv7M4_T_le_v4SPD16_eabi.lib</file>
         <name>pre_init.c.obj</name>
      </input_file>
      <input_file id="fl-f0">
         <path>C:\ti\ccs1250\ccs\tools\compiler\ti-cgt-arm_20.2.7.LTS\lib\</path>
         <kind>archive</kind>
         <file>rtsv7M4_T_le_v4SPD16_eabi.lib</file>
         <name>cpy_tbl.c.obj</name>
      </input_file>
      <input_file id="fl-f1">
         <path>C:\ti\ccs1250\ccs\tools\compiler\ti-cgt-arm_20.2.7.LTS\lib\</path>
         <kind>archive</kind>
         <file>rtsv7M4_T_le_v4SPD16_eabi.lib</file>
         <name>exit.c.obj</name>
      </input_file>
      <input_file id="fl-f2">
         <path>C:\ti\ccs1250\ccs\tools\compiler\ti-cgt-arm_20.2.7.LTS\lib\</path>
         <kind>archive</kind>
         <file>rtsv7M4_T_le_v4SPD16_eabi.lib</file>
         <name>_lock.c.obj</name>
      </input_file>
      <input_file id="fl-f3">
         <path>C:\ti\ccs1250\ccs\tools\compiler\ti-cgt-arm_20.2.7.LTS\lib\</path>
         <kind>archive</kind>
         <file>rtsv7M4_T_le_v4SPD16_eabi.lib</file>
         <name>args_main.c.obj</name>
      </input_file>
      <input_file id="fl-f4">
         <path>C:\ti\ccs1250\ccs\tools\compiler\ti-cgt-arm_20.2.7.LTS\lib\</path>
         <kind>archive</kind>
         <file>rtsv7M4_T_le_v4SPD16_eabi.lib</file>
         <name>atoi.c.obj</name>
      </input_file>
      <input_file id="fl-f5">
         <path>C:\ti\ccs1250\ccs\tools\compiler\ti-cgt-arm_20.2.7.LTS\lib\</path>
         <kind>archive</kind>
         <file>rtsv7M4_T_le_v4SPD16_eabi.lib</file>
         <name>strcspn.c.obj</name>
      </input_file>
      <input_file id="fl-f6">
         <path>C:\ti\ccs1250\ccs\tools\compiler\ti-cgt-arm_20.2.7.LTS\lib\</path>
         <kind>archive</kind>
         <file>rtsv7M4_T_le_v4SPD16_eabi.lib</file>
         <name>strlen.c.obj</name>
      </input_file>
      <input_file id="fl-f7">
         <path>C:\ti\ccs1250\ccs\tools\compiler\ti-cgt-arm_20.2.7.LTS\lib\</path>
         <kind>archive</kind>
         <file>rtsv7M4_T_le_v4SPD16_eabi.lib</file>
         <name>strrchr.c.obj</name>
      </input_file>
      <input_file id="fl-f8">
         <path>C:\ti\ccs1250\ccs\tools\compiler\ti-cgt-arm_20.2.7.LTS\lib\</path>
         <kind>archive</kind>
         <file>rtsv7M4_T_le_v4SPD16_eabi.lib</file>
         <name>strspn.c.obj</name>
      </input_file>
      <input_file id="fl-f9">
         <path>C:\ti\ccs1250\ccs\tools\compiler\ti-cgt-arm_20.2.7.LTS\lib\</path>
         <kind>archive</kind>
         <file>rtsv7M4_T_le_v4SPD16_eabi.lib</file>
         <name>strtol.c.obj</name>
      </input_file>
      <input_file id="fl-fa">
         <path>C:\ti\ccs1250\ccs\tools\compiler\ti-cgt-arm_20.2.7.LTS\lib\</path>
         <kind>archive</kind>
         <file>rtsv7M4_T_le_v4SPD16_eabi.lib</file>
         <name>strtoll.c.obj</name>
      </input_file>
      <input_file id="fl-fb">
         <path>C:\ti\ccs1250\ccs\tools\compiler\ti-cgt-arm_20.2.7.LTS\lib\</path>
         <kind>archive</kind>
         <file>rtsv7M4_T_le_v4SPD16_eabi.lib</file>
         <name>strtoul.c.obj</name>
      </input_file>
      <input_file id="fl-fc">
         <path>C:\ti\ccs1250\ccs\tools\compiler\ti-cgt-arm_20.2.7.LTS\lib\</path>
         <kind>archive</kind>
         <file>rtsv7M4_T_le_v4SPD16_eabi.lib</file>
         <name>strtoull.c.obj</name>
      </input_file>
      <input_file id="fl-fd">
         <path>C:\ti\ccs1250\ccs\tools\compiler\ti-cgt-arm_20.2.7.LTS\lib\</path>
         <kind>archive</kind>
         <file>rtsv7M4_T_le_v4SPD16_eabi.lib</file>
         <name>s_copysign.c.obj</name>
      </input_file>
      <input_file id="fl-fe">
         <path>C:\ti\ccs1250\ccs\tools\compiler\ti-cgt-arm_20.2.7.LTS\lib\</path>
         <kind>archive</kind>
         <file>rtsv7M4_T_le_v4SPD16_eabi.lib</file>
         <name>ll_mul_t2.asm.obj</name>
      </input_file>
      <input_file id="fl-ff">
         <path>C:\ti\ccs1250\ccs\tools\compiler\ti-cgt-arm_20.2.7.LTS\lib\</path>
         <kind>archive</kind>
         <file>rtsv7M4_T_le_v4SPD16_eabi.lib</file>
         <name>ull_div_t2.asm.obj</name>
      </input_file>
      <input_file id="fl-100">
         <path>C:\ti\ccs1250\ccs\tools\compiler\ti-cgt-arm_20.2.7.LTS\lib\</path>
         <kind>archive</kind>
         <file>rtsv7M4_T_le_v4SPD16_eabi.lib</file>
         <name>div0.asm.obj</name>
      </input_file>
   </input_file_list>
   <object_component_list>
      <object_component id="oc-12">
         <name>.intvecs</name>
         <load_address>0x0</load_address>
         <run_address>0x0</run_address>
         <size>0x26c</size>
         <input_file_ref idref="fl-4"/>
      </object_component>
      <object_component id="oc-26a">
         <name>.text:__TI_scanfi</name>
         <load_address>0x26c</load_address>
         <run_address>0x26c</run_address>
         <size>0xb14</size>
         <input_file_ref idref="fl-ea"/>
      </object_component>
      <object_component id="oc-2d">
         <name>.text</name>
         <load_address>0xd80</load_address>
         <run_address>0xd80</run_address>
         <size>0x88c</size>
         <input_file_ref idref="fl-3"/>
      </object_component>
      <object_component id="oc-1e7">
         <name>.text:__kernel_rem_pio2</name>
         <load_address>0x160c</load_address>
         <run_address>0x160c</run_address>
         <size>0x738</size>
         <input_file_ref idref="fl-e3"/>
      </object_component>
      <object_component id="oc-8f">
         <name>.text:sin</name>
         <load_address>0x1d44</load_address>
         <run_address>0x1d44</run_address>
         <size>0x5e0</size>
         <input_file_ref idref="fl-ce"/>
      </object_component>
      <object_component id="oc-95">
         <name>.text:cos</name>
         <load_address>0x2324</load_address>
         <run_address>0x2324</run_address>
         <size>0x5dc</size>
         <input_file_ref idref="fl-cc"/>
      </object_component>
      <object_component id="oc-289">
         <name>.text:strtod</name>
         <load_address>0x2900</load_address>
         <run_address>0x2900</run_address>
         <size>0x460</size>
         <input_file_ref idref="fl-e0"/>
      </object_component>
      <object_component id="oc-218">
         <name>.text</name>
         <load_address>0x2d60</load_address>
         <run_address>0x2d60</run_address>
         <size>0x34c</size>
         <input_file_ref idref="fl-5"/>
      </object_component>
      <object_component id="oc-204">
         <name>.text:atan</name>
         <load_address>0x30ac</load_address>
         <run_address>0x30ac</run_address>
         <size>0x2ec</size>
         <input_file_ref idref="fl-cb"/>
      </object_component>
      <object_component id="oc-100">
         <name>.text:fmod</name>
         <load_address>0x3398</load_address>
         <run_address>0x3398</run_address>
         <size>0x234</size>
         <input_file_ref idref="fl-c9"/>
      </object_component>
      <object_component id="oc-ac">
         <name>.text</name>
         <load_address>0x35cc</load_address>
         <run_address>0x35cc</run_address>
         <size>0x220</size>
         <input_file_ref idref="fl-2"/>
      </object_component>
      <object_component id="oc-a1">
         <name>.text:atan2</name>
         <load_address>0x37ec</load_address>
         <run_address>0x37ec</run_address>
         <size>0x1e4</size>
         <input_file_ref idref="fl-c8"/>
      </object_component>
      <object_component id="oc-3b9">
         <name>.text:strtoll</name>
         <load_address>0x39d0</load_address>
         <run_address>0x39d0</run_address>
         <size>0x1dc</size>
         <input_file_ref idref="fl-fa"/>
      </object_component>
      <object_component id="oc-8a">
         <name>.text</name>
         <load_address>0x3bac</load_address>
         <run_address>0x3bac</run_address>
         <size>0x1b6</size>
         <input_file_ref idref="fl-d1"/>
      </object_component>
      <object_component id="oc-499">
         <name>.text:_nop</name>
         <load_address>0x3d62</load_address>
         <run_address>0x3d62</run_address>
         <size>0x2</size>
         <input_file_ref idref="fl-f2"/>
      </object_component>
      <object_component id="oc-1dc">
         <name>.text:__kernel_sin</name>
         <load_address>0x3d64</load_address>
         <run_address>0x3d64</run_address>
         <size>0x174</size>
         <input_file_ref idref="fl-e7"/>
      </object_component>
      <object_component id="oc-1ed">
         <name>.text:__kernel_cos</name>
         <load_address>0x3ed8</load_address>
         <run_address>0x3ed8</run_address>
         <size>0x170</size>
         <input_file_ref idref="fl-e6"/>
      </object_component>
      <object_component id="oc-3a2">
         <name>.text:strtoull</name>
         <load_address>0x4048</load_address>
         <run_address>0x4048</run_address>
         <size>0x15c</size>
         <input_file_ref idref="fl-fc"/>
      </object_component>
      <object_component id="oc-9b">
         <name>.text:sqrt</name>
         <load_address>0x41a4</load_address>
         <run_address>0x41a4</run_address>
         <size>0x158</size>
         <input_file_ref idref="fl-ca"/>
      </object_component>
      <object_component id="oc-85">
         <name>.text</name>
         <load_address>0x42fc</load_address>
         <run_address>0x42fc</run_address>
         <size>0x136</size>
         <input_file_ref idref="fl-d3"/>
      </object_component>
      <object_component id="oc-4cc">
         <name>.text</name>
         <load_address>0x4432</load_address>
         <run_address>0x4432</run_address>
         <size>0x2</size>
         <input_file_ref idref="fl-100"/>
      </object_component>
      <object_component id="oc-3b3">
         <name>.text:strtol</name>
         <load_address>0x4434</load_address>
         <run_address>0x4434</run_address>
         <size>0x130</size>
         <input_file_ref idref="fl-f9"/>
      </object_component>
      <object_component id="oc-337">
         <name>.text:scalbn</name>
         <load_address>0x4564</load_address>
         <run_address>0x4564</run_address>
         <size>0x110</size>
         <input_file_ref idref="fl-e9"/>
      </object_component>
      <object_component id="oc-3a8">
         <name>.text:strtoul</name>
         <load_address>0x4674</load_address>
         <run_address>0x4674</run_address>
         <size>0x110</size>
         <input_file_ref idref="fl-fb"/>
      </object_component>
      <object_component id="oc-11b">
         <name>.text:SysCtlClockSet</name>
         <load_address>0x4784</load_address>
         <run_address>0x4784</run_address>
         <size>0x104</size>
         <input_file_ref idref="fl-d"/>
      </object_component>
      <object_component id="oc-80">
         <name>.text</name>
         <load_address>0x4888</load_address>
         <run_address>0x4888</run_address>
         <size>0xfc</size>
         <input_file_ref idref="fl-d4"/>
      </object_component>
      <object_component id="oc-33d">
         <name>.text:floor</name>
         <load_address>0x4984</load_address>
         <run_address>0x4984</run_address>
         <size>0xf8</size>
         <input_file_ref idref="fl-e8"/>
      </object_component>
      <object_component id="oc-15d">
         <name>.text:SysCtlClockGet</name>
         <load_address>0x4a7c</load_address>
         <run_address>0x4a7c</run_address>
         <size>0xc4</size>
         <input_file_ref idref="fl-d"/>
      </object_component>
      <object_component id="oc-23e">
         <name>.text:round</name>
         <load_address>0x4b40</load_address>
         <run_address>0x4b40</run_address>
         <size>0xc4</size>
         <input_file_ref idref="fl-cd"/>
      </object_component>
      <object_component id="oc-13f">
         <name>.text:GPIOPadConfigSet</name>
         <load_address>0x4c04</load_address>
         <run_address>0x4c04</run_address>
         <size>0xb8</size>
         <input_file_ref idref="fl-10"/>
      </object_component>
      <object_component id="oc-41">
         <name>.text</name>
         <load_address>0x4cbc</load_address>
         <run_address>0x4cbc</run_address>
         <size>0x9c</size>
         <input_file_ref idref="fl-ec"/>
      </object_component>
      <object_component id="oc-46a">
         <name>.text</name>
         <load_address>0x4d58</load_address>
         <run_address>0x4d58</run_address>
         <size>0x96</size>
         <input_file_ref idref="fl-ff"/>
      </object_component>
      <object_component id="oc-1e2">
         <name>.text:__aeabi_cdcmple</name>
         <load_address>0x4dee</load_address>
         <run_address>0x4dee</run_address>
         <size>0x86</size>
         <input_file_ref idref="fl-d2"/>
      </object_component>
      <object_component id="oc-18d">
         <name>.text:__aeabi_cdrcmple</name>
         <load_address>0x4e74</load_address>
         <run_address>0x4e74</run_address>
         <size>0x86</size>
         <input_file_ref idref="fl-d2"/>
      </object_component>
      <object_component id="oc-1b9">
         <name>.text</name>
         <load_address>0x4efa</load_address>
         <run_address>0x4efa</run_address>
         <size>0x7a</size>
         <input_file_ref idref="fl-ed"/>
      </object_component>
      <object_component id="oc-3ae">
         <name>.text</name>
         <load_address>0x4f74</load_address>
         <run_address>0x4f74</run_address>
         <size>0x6e</size>
         <input_file_ref idref="fl-eb"/>
      </object_component>
      <object_component id="oc-27c">
         <name>.text:_chkmbc</name>
         <load_address>0x4fe4</load_address>
         <run_address>0x4fe4</run_address>
         <size>0x68</size>
         <input_file_ref idref="fl-d0"/>
      </object_component>
      <object_component id="oc-15">
         <name>.text:decompress:lzss:__TI_decompress_lzss</name>
         <load_address>0x504c</load_address>
         <run_address>0x504c</run_address>
         <size>0x68</size>
         <input_file_ref idref="fl-d9"/>
      </object_component>
      <object_component id="oc-151">
         <name>.text:IntEnable</name>
         <load_address>0x50b4</load_address>
         <run_address>0x50b4</run_address>
         <size>0x60</size>
         <input_file_ref idref="fl-e"/>
      </object_component>
      <object_component id="oc-145">
         <name>.text:GPIOIntTypeSet</name>
         <load_address>0x5114</load_address>
         <run_address>0x5114</run_address>
         <size>0x56</size>
         <input_file_ref idref="fl-10"/>
      </object_component>
      <object_component id="oc-3c8">
         <name>.text:atoi</name>
         <load_address>0x516c</load_address>
         <run_address>0x516c</run_address>
         <size>0x4c</size>
         <input_file_ref idref="fl-f4"/>
      </object_component>
      <object_component id="oc-b2">
         <name>.text:lround</name>
         <load_address>0x51b8</load_address>
         <run_address>0x51b8</run_address>
         <size>0x4c</size>
         <input_file_ref idref="fl-c7"/>
      </object_component>
      <object_component id="oc-127">
         <name>.text:GPIOPinConfigure</name>
         <load_address>0x5204</load_address>
         <run_address>0x5204</run_address>
         <size>0x48</size>
         <input_file_ref idref="fl-10"/>
      </object_component>
      <object_component id="oc-372">
         <name>.text:I2CMasterInitExpClk</name>
         <load_address>0x524c</load_address>
         <run_address>0x524c</run_address>
         <size>0x48</size>
         <input_file_ref idref="fl-f"/>
      </object_component>
      <object_component id="oc-106">
         <name>.text</name>
         <load_address>0x5294</load_address>
         <run_address>0x5294</run_address>
         <size>0x48</size>
         <input_file_ref idref="fl-d5"/>
      </object_component>
      <object_component id="oc-300">
         <name>.text:__TI_auto_init_nobinit_nopinit:__TI_auto_init_nobinit_nopinit</name>
         <load_address>0x52dc</load_address>
         <run_address>0x52dc</run_address>
         <size>0x44</size>
         <input_file_ref idref="fl-ee"/>
      </object_component>
      <object_component id="oc-163">
         <name>.text:UARTConfigSetExpClk</name>
         <load_address>0x5320</load_address>
         <run_address>0x5320</run_address>
         <size>0x40</size>
         <input_file_ref idref="fl-b"/>
      </object_component>
      <object_component id="oc-e0">
         <name>.text:strtok</name>
         <load_address>0x5360</load_address>
         <run_address>0x5360</run_address>
         <size>0x40</size>
         <input_file_ref idref="fl-e1"/>
      </object_component>
      <object_component id="oc-457">
         <name>.text:signal</name>
         <load_address>0x53a0</load_address>
         <run_address>0x53a0</run_address>
         <size>0x3c</size>
         <input_file_ref idref="fl-e2"/>
      </object_component>
      <object_component id="oc-f4">
         <name>.text:sscanf</name>
         <load_address>0x53dc</load_address>
         <run_address>0x53dc</run_address>
         <size>0x38</size>
         <input_file_ref idref="fl-d0"/>
      </object_component>
      <object_component id="oc-da">
         <name>.text:strncpy</name>
         <load_address>0x5414</load_address>
         <run_address>0x5414</run_address>
         <size>0x36</size>
         <input_file_ref idref="fl-df"/>
      </object_component>
      <object_component id="oc-2b8">
         <name>.text:IntRegister</name>
         <load_address>0x544c</load_address>
         <run_address>0x544c</run_address>
         <size>0x34</size>
         <input_file_ref idref="fl-e"/>
      </object_component>
      <object_component id="oc-121">
         <name>.text:SysCtlPeripheralEnable</name>
         <load_address>0x5480</load_address>
         <run_address>0x5480</run_address>
         <size>0x34</size>
         <input_file_ref idref="fl-d"/>
      </object_component>
      <object_component id="oc-5f">
         <name>.text:_c_int00_noargs:_c_int00_noargs</name>
         <load_address>0x54b4</load_address>
         <run_address>0x54b4</run_address>
         <size>0x34</size>
         <input_file_ref idref="fl-e4"/>
      </object_component>
      <object_component id="oc-387">
         <name>.text:raise</name>
         <load_address>0x54e8</load_address>
         <run_address>0x54e8</run_address>
         <size>0x2e</size>
         <input_file_ref idref="fl-e2"/>
      </object_component>
      <object_component id="oc-10b">
         <name>.text</name>
         <load_address>0x5516</load_address>
         <run_address>0x5516</run_address>
         <size>0x2e</size>
         <input_file_ref idref="fl-d6"/>
      </object_component>
      <object_component id="oc-d4">
         <name>.text:strncmp</name>
         <load_address>0x5544</load_address>
         <run_address>0x5544</run_address>
         <size>0x2c</size>
         <input_file_ref idref="fl-de"/>
      </object_component>
      <object_component id="oc-2a1">
         <name>.text:GPIODirModeSet</name>
         <load_address>0x5570</load_address>
         <run_address>0x5570</run_address>
         <size>0x2a</size>
         <input_file_ref idref="fl-10"/>
      </object_component>
      <object_component id="oc-255">
         <name>.text:strspn</name>
         <load_address>0x559a</load_address>
         <run_address>0x559a</run_address>
         <size>0x2a</size>
         <input_file_ref idref="fl-f8"/>
      </object_component>
      <object_component id="oc-25b">
         <name>.text:strcspn</name>
         <load_address>0x55c4</load_address>
         <run_address>0x55c4</run_address>
         <size>0x24</size>
         <input_file_ref idref="fl-f5"/>
      </object_component>
      <object_component id="oc-2c3">
         <name>.text:UARTDisable</name>
         <load_address>0x55e8</load_address>
         <run_address>0x55e8</run_address>
         <size>0x1c</size>
         <input_file_ref idref="fl-b"/>
      </object_component>
      <object_component id="oc-2b2">
         <name>.text:_GPIOIntNumberGet</name>
         <load_address>0x5604</load_address>
         <run_address>0x5604</run_address>
         <size>0x1c</size>
         <input_file_ref idref="fl-10"/>
      </object_component>
      <object_component id="oc-2d0">
         <name>.text:_UARTIntNumberGet</name>
         <load_address>0x5620</load_address>
         <run_address>0x5620</run_address>
         <size>0x1c</size>
         <input_file_ref idref="fl-b"/>
      </object_component>
      <object_component id="oc-4d">
         <name>.text:decompress:ZI:__TI_zero_init_nomemset:__TI_zero_init_nomemset</name>
         <load_address>0x563c</load_address>
         <run_address>0x563c</run_address>
         <size>0x1c</size>
         <input_file_ref idref="fl-d7"/>
      </object_component>
      <object_component id="oc-42c">
         <name>.text:copysign</name>
         <load_address>0x5658</load_address>
         <run_address>0x5658</run_address>
         <size>0x1a</size>
         <input_file_ref idref="fl-fd"/>
      </object_component>
      <object_component id="oc-157">
         <name>.text:GPIOIntRegister</name>
         <load_address>0x5672</load_address>
         <run_address>0x5672</run_address>
         <size>0x18</size>
         <input_file_ref idref="fl-10"/>
      </object_component>
      <object_component id="oc-169">
         <name>.text:UARTIntRegister</name>
         <load_address>0x568a</load_address>
         <run_address>0x568a</run_address>
         <size>0x18</size>
         <input_file_ref idref="fl-b"/>
      </object_component>
      <object_component id="oc-465">
         <name>.text</name>
         <load_address>0x56a2</load_address>
         <run_address>0x56a2</run_address>
         <size>0x18</size>
         <input_file_ref idref="fl-fe"/>
      </object_component>
      <object_component id="oc-3ce">
         <name>.text:strrchr</name>
         <load_address>0x56ba</load_address>
         <run_address>0x56ba</run_address>
         <size>0x18</size>
         <input_file_ref idref="fl-f7"/>
      </object_component>
      <object_component id="oc-ee">
         <name>.text:strchr</name>
         <load_address>0x56d2</load_address>
         <run_address>0x56d2</run_address>
         <size>0x16</size>
         <input_file_ref idref="fl-dc"/>
      </object_component>
      <object_component id="oc-187">
         <name>.text:SysTickEnable</name>
         <load_address>0x56e8</load_address>
         <run_address>0x56e8</run_address>
         <size>0x14</size>
         <input_file_ref idref="fl-c"/>
      </object_component>
      <object_component id="oc-17b">
         <name>.text:SysTickIntEnable</name>
         <load_address>0x56fc</load_address>
         <run_address>0x56fc</run_address>
         <size>0x14</size>
         <input_file_ref idref="fl-c"/>
      </object_component>
      <object_component id="oc-2c9">
         <name>.text:UARTEnable</name>
         <load_address>0x5710</load_address>
         <run_address>0x5710</run_address>
         <size>0x14</size>
         <input_file_ref idref="fl-b"/>
      </object_component>
      <object_component id="oc-e6">
         <name>.text:strcpy</name>
         <load_address>0x5724</load_address>
         <run_address>0x5724</run_address>
         <size>0x14</size>
         <input_file_ref idref="fl-dd"/>
      </object_component>
      <object_component id="oc-3c2">
         <name>.text:strlen</name>
         <load_address>0x5738</load_address>
         <run_address>0x5738</run_address>
         <size>0x14</size>
         <input_file_ref idref="fl-f6"/>
      </object_component>
      <object_component id="oc-133">
         <name>.text:GPIOPinTypeGPIOInput</name>
         <load_address>0x574c</load_address>
         <run_address>0x574c</run_address>
         <size>0x12</size>
         <input_file_ref idref="fl-10"/>
      </object_component>
      <object_component id="oc-139">
         <name>.text:GPIOPinTypeGPIOOutput</name>
         <load_address>0x575e</load_address>
         <run_address>0x575e</run_address>
         <size>0x12</size>
         <input_file_ref idref="fl-10"/>
      </object_component>
      <object_component id="oc-36c">
         <name>.text:GPIOPinTypeI2C</name>
         <load_address>0x5770</load_address>
         <run_address>0x5770</run_address>
         <size>0x12</size>
         <input_file_ref idref="fl-10"/>
      </object_component>
      <object_component id="oc-366">
         <name>.text:GPIOPinTypeI2CSCL</name>
         <load_address>0x5782</load_address>
         <run_address>0x5782</run_address>
         <size>0x12</size>
         <input_file_ref idref="fl-10"/>
      </object_component>
      <object_component id="oc-12d">
         <name>.text:GPIOPinTypeUART</name>
         <load_address>0x5794</load_address>
         <run_address>0x5794</run_address>
         <size>0x12</size>
         <input_file_ref idref="fl-10"/>
      </object_component>
      <object_component id="oc-270">
         <name>.text:_inpchar</name>
         <load_address>0x57a6</load_address>
         <run_address>0x57a6</run_address>
         <size>0x12</size>
         <input_file_ref idref="fl-d0"/>
      </object_component>
      <object_component id="oc-fa">
         <name>.text:atof</name>
         <load_address>0x57b8</load_address>
         <run_address>0x57b8</run_address>
         <size>0x12</size>
         <input_file_ref idref="fl-da"/>
      </object_component>
      <object_component id="oc-175">
         <name>.text:SysTickPeriodSet</name>
         <load_address>0x57cc</load_address>
         <run_address>0x57cc</run_address>
         <size>0x10</size>
         <input_file_ref idref="fl-c"/>
      </object_component>
      <object_component id="oc-c8">
         <name>.text:UARTCharGetNonBlocking</name>
         <load_address>0x57dc</load_address>
         <run_address>0x57dc</run_address>
         <size>0xe</size>
         <input_file_ref idref="fl-b"/>
      </object_component>
      <object_component id="oc-1b">
         <name>.text:decompress:none:__TI_decompress_none</name>
         <load_address>0x57ea</load_address>
         <run_address>0x57ea</run_address>
         <size>0xe</size>
         <input_file_ref idref="fl-d8"/>
      </object_component>
      <object_component id="oc-2db">
         <name>.text:CPUcpsie</name>
         <load_address>0x57f8</load_address>
         <run_address>0x57f8</run_address>
         <size>0xc</size>
         <input_file_ref idref="fl-11"/>
      </object_component>
      <object_component id="oc-14b">
         <name>.text:GPIOIntEnable</name>
         <load_address>0x5804</load_address>
         <run_address>0x5804</run_address>
         <size>0xc</size>
         <input_file_ref idref="fl-10"/>
      </object_component>
      <object_component id="oc-ce">
         <name>.text:UARTCharsAvail</name>
         <load_address>0x5810</load_address>
         <run_address>0x5810</run_address>
         <size>0xc</size>
         <input_file_ref idref="fl-b"/>
      </object_component>
      <object_component id="oc-27">
         <name>.text</name>
         <load_address>0x581c</load_address>
         <run_address>0x581c</run_address>
         <size>0xc</size>
         <input_file_ref idref="fl-4"/>
      </object_component>
      <object_component id="oc-44b">
         <name>.text:I2CMasterEnable</name>
         <load_address>0x5828</load_address>
         <run_address>0x5828</run_address>
         <size>0xa</size>
         <input_file_ref idref="fl-f"/>
      </object_component>
      <object_component id="oc-181">
         <name>.text:IntMasterEnable</name>
         <load_address>0x5832</load_address>
         <run_address>0x5832</run_address>
         <size>0xa</size>
         <input_file_ref idref="fl-e"/>
      </object_component>
      <object_component id="oc-bc">
         <name>.text:UARTIntStatus</name>
         <load_address>0x583c</load_address>
         <run_address>0x583c</run_address>
         <size>0xa</size>
         <input_file_ref idref="fl-b"/>
      </object_component>
      <object_component id="oc-230">
         <name>.text:I2CMasterBusy</name>
         <load_address>0x5846</load_address>
         <run_address>0x5846</run_address>
         <size>0x8</size>
         <input_file_ref idref="fl-f"/>
      </object_component>
      <object_component id="oc-21e">
         <name>.text:I2CMasterSlaveAddrSet</name>
         <load_address>0x584e</load_address>
         <run_address>0x584e</run_address>
         <size>0x8</size>
         <input_file_ref idref="fl-f"/>
      </object_component>
      <object_component id="oc-16f">
         <name>.text:UARTIntEnable</name>
         <load_address>0x5856</load_address>
         <run_address>0x5856</run_address>
         <size>0x8</size>
         <input_file_ref idref="fl-b"/>
      </object_component>
      <object_component id="oc-1fc">
         <name>.text:__aeabi_errno_addr</name>
         <load_address>0x5860</load_address>
         <run_address>0x5860</run_address>
         <size>0x8</size>
         <input_file_ref idref="fl-e5"/>
      </object_component>
      <object_component id="oc-276">
         <name>.text:_uninpchar</name>
         <load_address>0x5868</load_address>
         <run_address>0x5868</run_address>
         <size>0x8</size>
         <input_file_ref idref="fl-d0"/>
      </object_component>
      <object_component id="oc-74">
         <name>.text:GPIOIntClear</name>
         <load_address>0x5870</load_address>
         <run_address>0x5870</run_address>
         <size>0x6</size>
         <input_file_ref idref="fl-10"/>
      </object_component>
      <object_component id="oc-7a">
         <name>.text:GPIOPinRead</name>
         <load_address>0x5876</load_address>
         <run_address>0x5876</run_address>
         <size>0x6</size>
         <input_file_ref idref="fl-10"/>
      </object_component>
      <object_component id="oc-110">
         <name>.text:GPIOPinWrite</name>
         <load_address>0x587c</load_address>
         <run_address>0x587c</run_address>
         <size>0x6</size>
         <input_file_ref idref="fl-10"/>
      </object_component>
      <object_component id="oc-299">
         <name>.text:SysCtlDelay</name>
         <load_address>0x5882</load_address>
         <run_address>0x5882</run_address>
         <size>0x6</size>
         <input_file_ref idref="fl-d"/>
      </object_component>
      <object_component id="oc-238">
         <name>.text:__softfloat_float_raise</name>
         <load_address>0x5888</load_address>
         <run_address>0x5888</run_address>
         <size>0x6</size>
         <input_file_ref idref="fl-cf"/>
      </object_component>
      <object_component id="oc-22a">
         <name>.text:I2CMasterControl</name>
         <load_address>0x588e</load_address>
         <run_address>0x588e</run_address>
         <size>0x4</size>
         <input_file_ref idref="fl-f"/>
      </object_component>
      <object_component id="oc-378">
         <name>.text:I2CMasterDataGet</name>
         <load_address>0x5892</load_address>
         <run_address>0x5892</run_address>
         <size>0x4</size>
         <input_file_ref idref="fl-f"/>
      </object_component>
      <object_component id="oc-224">
         <name>.text:I2CMasterDataPut</name>
         <load_address>0x5896</load_address>
         <run_address>0x5896</run_address>
         <size>0x4</size>
         <input_file_ref idref="fl-f"/>
      </object_component>
      <object_component id="oc-c2">
         <name>.text:UARTIntClear</name>
         <load_address>0x589a</load_address>
         <run_address>0x589a</run_address>
         <size>0x4</size>
         <input_file_ref idref="fl-b"/>
      </object_component>
      <object_component id="oc-1bf">
         <name>.text:_system_pre_init</name>
         <load_address>0x589e</load_address>
         <run_address>0x589e</run_address>
         <size>0x4</size>
         <input_file_ref idref="fl-ef"/>
      </object_component>
      <object_component id="oc-2f4">
         <name>.text:abort:abort</name>
         <load_address>0x58a2</load_address>
         <run_address>0x58a2</run_address>
         <size>0x4</size>
         <input_file_ref idref="fl-f1"/>
      </object_component>
      <object_component id="oc-343">
         <name>.const:$O1$$</name>
         <load_address>0x58a8</load_address>
         <run_address>0x58a8</run_address>
         <size>0x158</size>
         <input_file_ref idref="fl-e3"/>
      </object_component>
      <object_component id="oc-3bf">
         <name>.const:.string:_ctypes_</name>
         <load_address>0x5a00</load_address>
         <run_address>0x5a00</run_address>
         <size>0x101</size>
         <input_file_ref idref="fl-db"/>
      </object_component>
      <object_component id="oc-3e2">
         <name>.const:$O1$$</name>
         <load_address>0x5b08</load_address>
         <run_address>0x5b08</run_address>
         <size>0xc8</size>
         <input_file_ref idref="fl-e0"/>
      </object_component>
      <object_component id="oc-3f7">
         <name>.const:g_ppui32GPIOIntMapBlizzard</name>
         <load_address>0x5bd0</load_address>
         <run_address>0x5bd0</run_address>
         <size>0xc0</size>
         <input_file_ref idref="fl-10"/>
      </object_component>
      <object_component id="oc-360">
         <name>.const:$O1$$</name>
         <load_address>0x5c90</load_address>
         <run_address>0x5c90</run_address>
         <size>0x98</size>
         <input_file_ref idref="fl-cb"/>
      </object_component>
      <object_component id="oc-29d">
         <name>.const:g_pui32GPIOBaseAddrs</name>
         <load_address>0x5d28</load_address>
         <run_address>0x5d28</run_address>
         <size>0x78</size>
         <input_file_ref idref="fl-10"/>
      </object_component>
      <object_component id="oc-2ad">
         <name>.const</name>
         <load_address>0x5da0</load_address>
         <run_address>0x5da0</run_address>
         <size>0x70</size>
         <input_file_ref idref="fl-e"/>
      </object_component>
      <object_component id="oc-2bf">
         <name>.const:g_pui32Xtals</name>
         <load_address>0x5e10</load_address>
         <run_address>0x5e10</run_address>
         <size>0x6c</size>
         <input_file_ref idref="fl-d"/>
      </object_component>
      <object_component id="oc-403">
         <name>.const:g_ppui32UARTIntMap</name>
         <load_address>0x5e7c</load_address>
         <run_address>0x5e7c</run_address>
         <size>0x40</size>
         <input_file_ref idref="fl-b"/>
      </object_component>
      <object_component id="oc-3d4">
         <name>.const:$O1$$</name>
         <load_address>0x5ebc</load_address>
         <run_address>0x5ebc</run_address>
         <size>0x10</size>
         <input_file_ref idref="fl-ea"/>
      </object_component>
      <object_component id="oc-291">
         <name>.const:Zero</name>
         <load_address>0x5ed0</load_address>
         <run_address>0x5ed0</run_address>
         <size>0x10</size>
         <input_file_ref idref="fl-c9"/>
      </object_component>
      <object_component id="oc-520">
         <name>.cinit..data.load</name>
         <load_address>0x5ee0</load_address>
         <run_address>0x5ee0</run_address>
         <size>0xe</size>
      </object_component>
      <object_component id="oc-51d">
         <name>__TI_handler_table</name>
         <load_address>0x5ef0</load_address>
         <run_address>0x5ef0</run_address>
         <size>0xc</size>
      </object_component>
      <object_component id="oc-521">
         <name>.cinit..bss.load</name>
         <load_address>0x5f00</load_address>
         <run_address>0x5f00</run_address>
         <size>0x8</size>
      </object_component>
      <object_component id="oc-51f">
         <name>.cinit..vtable.load</name>
         <load_address>0x5f08</load_address>
         <run_address>0x5f08</run_address>
         <size>0x8</size>
      </object_component>
      <object_component id="oc-51e">
         <name>__TI_cinit_table</name>
         <load_address>0x5f10</load_address>
         <run_address>0x5f10</run_address>
         <size>0x18</size>
      </object_component>
      <object_component id="oc-3fb">
         <name>.vtable</name>
         <uninitialized>true</uninitialized>
         <run_address>0x20000000</run_address>
         <size>0x26c</size>
         <input_file_ref idref="fl-e"/>
      </object_component>
      <object_component id="oc-b9">
         <name>.data</name>
         <load_address>0x200005cc</load_address>
         <run_address>0x200005cc</run_address>
         <size>0xa</size>
         <input_file_ref idref="fl-3"/>
      </object_component>
      <object_component id="oc-261">
         <name>.data</name>
         <load_address>0x200005e4</load_address>
         <run_address>0x200005e4</run_address>
         <size>0x4</size>
         <input_file_ref idref="fl-e1"/>
      </object_component>
      <object_component id="oc-4c0">
         <name>.data:sigTable</name>
         <load_address>0x2000054c</load_address>
         <run_address>0x2000054c</run_address>
         <size>0x80</size>
         <input_file_ref idref="fl-e2"/>
      </object_component>
      <object_component id="oc-359">
         <name>.data</name>
         <load_address>0x200005e0</load_address>
         <run_address>0x200005e0</run_address>
         <size>0x4</size>
         <input_file_ref idref="fl-e5"/>
      </object_component>
      <object_component id="oc-40e">
         <name>.data:$O1$$</name>
         <load_address>0x200005d8</load_address>
         <run_address>0x200005d8</run_address>
         <size>0x8</size>
         <input_file_ref idref="fl-f2"/>
      </object_component>
      <object_component id="oc-ed">
         <name>.bss:distance_str$1</name>
         <uninitialized>true</uninitialized>
         <run_address>0x200004f0</run_address>
         <size>0x10</size>
         <input_file_ref idref="fl-3"/>
      </object_component>
      <object_component id="oc-aa">
         <name>.common:current_latDecimal</name>
         <uninitialized>true</uninitialized>
         <run_address>0x20000528</run_address>
         <size>0x8</size>
      </object_component>
      <object_component id="oc-ab">
         <name>.common:current_longDecimal</name>
         <uninitialized>true</uninitialized>
         <run_address>0x20000530</run_address>
         <size>0x8</size>
      </object_component>
      <object_component id="oc-a7">
         <name>.common:inital_latDecimal</name>
         <uninitialized>true</uninitialized>
         <run_address>0x20000538</run_address>
         <size>0x8</size>
      </object_component>
      <object_component id="oc-b8">
         <name>.common:inital_longDecimal</name>
         <uninitialized>true</uninitialized>
         <run_address>0x20000540</run_address>
         <size>0x8</size>
      </object_component>
      <object_component id="oc-117">
         <name>.common:latitude</name>
         <uninitialized>true</uninitialized>
         <run_address>0x20000500</run_address>
         <size>0x10</size>
      </object_component>
      <object_component id="oc-119">
         <name>.common:longitude</name>
         <uninitialized>true</uninitialized>
         <run_address>0x20000510</run_address>
         <size>0x10</size>
      </object_component>
      <object_component id="oc-118">
         <name>.common:latDir</name>
         <uninitialized>true</uninitialized>
         <run_address>0x20000548</run_address>
         <size>0x1</size>
      </object_component>
      <object_component id="oc-11a">
         <name>.common:longDir</name>
         <uninitialized>true</uninitialized>
         <run_address>0x20000549</run_address>
         <size>0x1</size>
      </object_component>
      <object_component id="oc-116">
         <name>.common:GPGLLSentence</name>
         <uninitialized>true</uninitialized>
         <run_address>0x20000470</run_address>
         <size>0x80</size>
      </object_component>
      <object_component id="oc-ec">
         <name>.common:calculated_distance</name>
         <uninitialized>true</uninitialized>
         <run_address>0x20000520</run_address>
         <size>0x8</size>
      </object_component>
      <object_component id="oc-24">
         <name>.stack</name>
         <uninitialized>true</uninitialized>
         <run_address>0x20000270</run_address>
         <size>0x4</size>
         <input_file_ref idref="fl-e4"/>
      </object_component>
      <object_component id="oc-523">
         <name>.stack</name>
         <uninitialized>true</uninitialized>
         <run_address>0x20000270</run_address>
         <size>0x0</size>
      </object_component>
      <object_component id="oc-237">
         <name>.debug_info</name>
         <load_address>0x0</load_address>
         <run_address>0x0</run_address>
         <size>0x36c</size>
         <input_file_ref idref="fl-2"/>
      </object_component>
      <object_component id="oc-ad">
         <name>.debug_info</name>
         <load_address>0x36c</load_address>
         <run_address>0x36c</run_address>
         <size>0x832</size>
         <input_file_ref idref="fl-2"/>
      </object_component>
      <object_component id="oc-19f">
         <name>.debug_info</name>
         <load_address>0xb9e</load_address>
         <run_address>0xb9e</run_address>
         <size>0x26b</size>
         <input_file_ref idref="fl-2"/>
      </object_component>
      <object_component id="oc-193">
         <name>.debug_info</name>
         <load_address>0xe09</load_address>
         <run_address>0xe09</run_address>
         <size>0x8b</size>
         <input_file_ref idref="fl-2"/>
      </object_component>
      <object_component id="oc-2e4">
         <name>.debug_info</name>
         <load_address>0xe94</load_address>
         <run_address>0xe94</run_address>
         <size>0x2a4</size>
         <input_file_ref idref="fl-2"/>
      </object_component>
      <object_component id="oc-198">
         <name>.debug_info</name>
         <load_address>0x1138</load_address>
         <run_address>0x1138</run_address>
         <size>0xbb</size>
         <input_file_ref idref="fl-2"/>
      </object_component>
      <object_component id="oc-a8">
         <name>.debug_info</name>
         <load_address>0x11f3</load_address>
         <run_address>0x11f3</run_address>
         <size>0xc8f</size>
         <input_file_ref idref="fl-3"/>
      </object_component>
      <object_component id="oc-ba">
         <name>.debug_info</name>
         <load_address>0x1e82</load_address>
         <run_address>0x1e82</run_address>
         <size>0x184</size>
         <input_file_ref idref="fl-3"/>
      </object_component>
      <object_component id="oc-2e">
         <name>.debug_info</name>
         <load_address>0x2006</load_address>
         <run_address>0x2006</run_address>
         <size>0x1149</size>
         <input_file_ref idref="fl-3"/>
      </object_component>
      <object_component id="oc-213">
         <name>.debug_info</name>
         <load_address>0x314f</load_address>
         <run_address>0x314f</run_address>
         <size>0x2c</size>
         <input_file_ref idref="fl-3"/>
      </object_component>
      <object_component id="oc-284">
         <name>.debug_info</name>
         <load_address>0x317b</load_address>
         <run_address>0x317b</run_address>
         <size>0x2c</size>
         <input_file_ref idref="fl-3"/>
      </object_component>
      <object_component id="oc-20e">
         <name>.debug_info</name>
         <load_address>0x31a7</load_address>
         <run_address>0x31a7</run_address>
         <size>0x35</size>
         <input_file_ref idref="fl-3"/>
      </object_component>
      <object_component id="oc-35">
         <name>.debug_info</name>
         <load_address>0x31dc</load_address>
         <run_address>0x31dc</run_address>
         <size>0x329</size>
         <input_file_ref idref="fl-4"/>
      </object_component>
      <object_component id="oc-13">
         <name>.debug_info</name>
         <load_address>0x3505</load_address>
         <run_address>0x3505</run_address>
         <size>0xec</size>
         <input_file_ref idref="fl-4"/>
      </object_component>
      <object_component id="oc-2a">
         <name>.debug_info</name>
         <load_address>0x35f1</load_address>
         <run_address>0x35f1</run_address>
         <size>0x268</size>
         <input_file_ref idref="fl-4"/>
      </object_component>
      <object_component id="oc-3c">
         <name>.debug_info</name>
         <load_address>0x3859</load_address>
         <run_address>0x3859</run_address>
         <size>0x84</size>
         <input_file_ref idref="fl-4"/>
      </object_component>
      <object_component id="oc-37f">
         <name>.debug_info</name>
         <load_address>0x38dd</load_address>
         <run_address>0x38dd</run_address>
         <size>0x4cb</size>
         <input_file_ref idref="fl-5"/>
      </object_component>
      <object_component id="oc-21a">
         <name>.debug_info</name>
         <load_address>0x3da8</load_address>
         <run_address>0x3da8</run_address>
         <size>0xc12</size>
         <input_file_ref idref="fl-5"/>
      </object_component>
      <object_component id="oc-24d">
         <name>.debug_info</name>
         <load_address>0x49ba</load_address>
         <run_address>0x49ba</run_address>
         <size>0x1c8</size>
         <input_file_ref idref="fl-b"/>
      </object_component>
      <object_component id="oc-404">
         <name>.debug_info</name>
         <load_address>0x4b82</load_address>
         <run_address>0x4b82</run_address>
         <size>0x109</size>
         <input_file_ref idref="fl-b"/>
      </object_component>
      <object_component id="oc-2d3">
         <name>.debug_info</name>
         <load_address>0x4c8b</load_address>
         <run_address>0x4c8b</run_address>
         <size>0x246</size>
         <input_file_ref idref="fl-b"/>
      </object_component>
      <object_component id="oc-bf">
         <name>.debug_info</name>
         <load_address>0x4ed1</load_address>
         <run_address>0x4ed1</run_address>
         <size>0x1e3</size>
         <input_file_ref idref="fl-b"/>
      </object_component>
      <object_component id="oc-16c">
         <name>.debug_info</name>
         <load_address>0x50b4</load_address>
         <run_address>0x50b4</run_address>
         <size>0x1f3</size>
         <input_file_ref idref="fl-b"/>
      </object_component>
      <object_component id="oc-172">
         <name>.debug_info</name>
         <load_address>0x52a7</load_address>
         <run_address>0x52a7</run_address>
         <size>0x1f3</size>
         <input_file_ref idref="fl-b"/>
      </object_component>
      <object_component id="oc-c5">
         <name>.debug_info</name>
         <load_address>0x549a</load_address>
         <run_address>0x549a</run_address>
         <size>0x1f1</size>
         <input_file_ref idref="fl-b"/>
      </object_component>
      <object_component id="oc-2cc">
         <name>.debug_info</name>
         <load_address>0x568b</load_address>
         <run_address>0x568b</run_address>
         <size>0x1ab</size>
         <input_file_ref idref="fl-b"/>
      </object_component>
      <object_component id="oc-2c6">
         <name>.debug_info</name>
         <load_address>0x5836</load_address>
         <run_address>0x5836</run_address>
         <size>0x233</size>
         <input_file_ref idref="fl-b"/>
      </object_component>
      <object_component id="oc-166">
         <name>.debug_info</name>
         <load_address>0x5a69</load_address>
         <run_address>0x5a69</run_address>
         <size>0x28a</size>
         <input_file_ref idref="fl-b"/>
      </object_component>
      <object_component id="oc-d1">
         <name>.debug_info</name>
         <load_address>0x5cf3</load_address>
         <run_address>0x5cf3</run_address>
         <size>0x1b7</size>
         <input_file_ref idref="fl-b"/>
      </object_component>
      <object_component id="oc-cb">
         <name>.debug_info</name>
         <load_address>0x5eaa</load_address>
         <run_address>0x5eaa</run_address>
         <size>0x1c7</size>
         <input_file_ref idref="fl-b"/>
      </object_component>
      <object_component id="oc-248">
         <name>.debug_info</name>
         <load_address>0x6071</load_address>
         <run_address>0x6071</run_address>
         <size>0x90</size>
         <input_file_ref idref="fl-b"/>
      </object_component>
      <object_component id="oc-1d2">
         <name>.debug_info</name>
         <load_address>0x6101</load_address>
         <run_address>0x6101</run_address>
         <size>0x18b</size>
         <input_file_ref idref="fl-b"/>
      </object_component>
      <object_component id="oc-2d9">
         <name>.debug_info</name>
         <load_address>0x628c</load_address>
         <run_address>0x628c</run_address>
         <size>0x144</size>
         <input_file_ref idref="fl-c"/>
      </object_component>
      <object_component id="oc-176">
         <name>.debug_info</name>
         <load_address>0x63d0</load_address>
         <run_address>0x63d0</run_address>
         <size>0x1c5</size>
         <input_file_ref idref="fl-c"/>
      </object_component>
      <object_component id="oc-17c">
         <name>.debug_info</name>
         <load_address>0x6595</load_address>
         <run_address>0x6595</run_address>
         <size>0x18b</size>
         <input_file_ref idref="fl-c"/>
      </object_component>
      <object_component id="oc-188">
         <name>.debug_info</name>
         <load_address>0x6720</load_address>
         <run_address>0x6720</run_address>
         <size>0x185</size>
         <input_file_ref idref="fl-c"/>
      </object_component>
      <object_component id="oc-29b">
         <name>.debug_info</name>
         <load_address>0x68a5</load_address>
         <run_address>0x68a5</run_address>
         <size>0x1e2</size>
         <input_file_ref idref="fl-d"/>
      </object_component>
      <object_component id="oc-2c0">
         <name>.debug_info</name>
         <load_address>0x6a87</load_address>
         <run_address>0x6a87</run_address>
         <size>0xff</size>
         <input_file_ref idref="fl-d"/>
      </object_component>
      <object_component id="oc-122">
         <name>.debug_info</name>
         <load_address>0x6b86</load_address>
         <run_address>0x6b86</run_address>
         <size>0x1e1</size>
         <input_file_ref idref="fl-d"/>
      </object_component>
      <object_component id="oc-11c">
         <name>.debug_info</name>
         <load_address>0x6d67</load_address>
         <run_address>0x6d67</run_address>
         <size>0x2d4</size>
         <input_file_ref idref="fl-d"/>
      </object_component>
      <object_component id="oc-15e">
         <name>.debug_info</name>
         <load_address>0x703b</load_address>
         <run_address>0x703b</run_address>
         <size>0x202</size>
         <input_file_ref idref="fl-d"/>
      </object_component>
      <object_component id="oc-2b1">
         <name>.debug_info</name>
         <load_address>0x723d</load_address>
         <run_address>0x723d</run_address>
         <size>0x1ba</size>
         <input_file_ref idref="fl-e"/>
      </object_component>
      <object_component id="oc-2ae">
         <name>.debug_info</name>
         <load_address>0x73f7</load_address>
         <run_address>0x73f7</run_address>
         <size>0x1c2</size>
         <input_file_ref idref="fl-e"/>
      </object_component>
      <object_component id="oc-3fc">
         <name>.debug_info</name>
         <load_address>0x75b9</load_address>
         <run_address>0x75b9</run_address>
         <size>0x109</size>
         <input_file_ref idref="fl-e"/>
      </object_component>
      <object_component id="oc-2ba">
         <name>.debug_info</name>
         <load_address>0x76c2</load_address>
         <run_address>0x76c2</run_address>
         <size>0x2b0</size>
         <input_file_ref idref="fl-e"/>
      </object_component>
      <object_component id="oc-183">
         <name>.debug_info</name>
         <load_address>0x7972</load_address>
         <run_address>0x7972</run_address>
         <size>0x1a2</size>
         <input_file_ref idref="fl-e"/>
      </object_component>
      <object_component id="oc-153">
         <name>.debug_info</name>
         <load_address>0x7b14</load_address>
         <run_address>0x7b14</run_address>
         <size>0x1cc</size>
         <input_file_ref idref="fl-e"/>
      </object_component>
      <object_component id="oc-381">
         <name>.debug_info</name>
         <load_address>0x7ce0</load_address>
         <run_address>0x7ce0</run_address>
         <size>0x1b7</size>
         <input_file_ref idref="fl-f"/>
      </object_component>
      <object_component id="oc-220">
         <name>.debug_info</name>
         <load_address>0x7e97</load_address>
         <run_address>0x7e97</run_address>
         <size>0x232</size>
         <input_file_ref idref="fl-f"/>
      </object_component>
      <object_component id="oc-44c">
         <name>.debug_info</name>
         <load_address>0x80c9</load_address>
         <run_address>0x80c9</run_address>
         <size>0x1b2</size>
         <input_file_ref idref="fl-f"/>
      </object_component>
      <object_component id="oc-373">
         <name>.debug_info</name>
         <load_address>0x827b</load_address>
         <run_address>0x827b</run_address>
         <size>0x24c</size>
         <input_file_ref idref="fl-f"/>
      </object_component>
      <object_component id="oc-225">
         <name>.debug_info</name>
         <load_address>0x84c7</load_address>
         <run_address>0x84c7</run_address>
         <size>0x1e2</size>
         <input_file_ref idref="fl-f"/>
      </object_component>
      <object_component id="oc-379">
         <name>.debug_info</name>
         <load_address>0x86a9</load_address>
         <run_address>0x86a9</run_address>
         <size>0x1b8</size>
         <input_file_ref idref="fl-f"/>
      </object_component>
      <object_component id="oc-22b">
         <name>.debug_info</name>
         <load_address>0x8861</load_address>
         <run_address>0x8861</run_address>
         <size>0x1e2</size>
         <input_file_ref idref="fl-f"/>
      </object_component>
      <object_component id="oc-231">
         <name>.debug_info</name>
         <load_address>0x8a43</load_address>
         <run_address>0x8a43</run_address>
         <size>0x1b2</size>
         <input_file_ref idref="fl-f"/>
      </object_component>
      <object_component id="oc-1d7">
         <name>.debug_info</name>
         <load_address>0x8bf5</load_address>
         <run_address>0x8bf5</run_address>
         <size>0x1d1</size>
         <input_file_ref idref="fl-10"/>
      </object_component>
      <object_component id="oc-3f8">
         <name>.debug_info</name>
         <load_address>0x8dc6</load_address>
         <run_address>0x8dc6</run_address>
         <size>0x119</size>
         <input_file_ref idref="fl-10"/>
      </object_component>
      <object_component id="oc-29e">
         <name>.debug_info</name>
         <load_address>0x8edf</load_address>
         <run_address>0x8edf</run_address>
         <size>0x10d</size>
         <input_file_ref idref="fl-10"/>
      </object_component>
      <object_component id="oc-113">
         <name>.debug_info</name>
         <load_address>0x8fec</load_address>
         <run_address>0x8fec</run_address>
         <size>0x207</size>
         <input_file_ref idref="fl-10"/>
      </object_component>
      <object_component id="oc-2a4">
         <name>.debug_info</name>
         <load_address>0x91f3</load_address>
         <run_address>0x91f3</run_address>
         <size>0x215</size>
         <input_file_ref idref="fl-10"/>
      </object_component>
      <object_component id="oc-142">
         <name>.debug_info</name>
         <load_address>0x9408</load_address>
         <run_address>0x9408</run_address>
         <size>0x265</size>
         <input_file_ref idref="fl-10"/>
      </object_component>
      <object_component id="oc-130">
         <name>.debug_info</name>
         <load_address>0x966d</load_address>
         <run_address>0x966d</run_address>
         <size>0x1df</size>
         <input_file_ref idref="fl-10"/>
      </object_component>
      <object_component id="oc-368">
         <name>.debug_info</name>
         <load_address>0x984c</load_address>
         <run_address>0x984c</run_address>
         <size>0x1e3</size>
         <input_file_ref idref="fl-10"/>
      </object_component>
      <object_component id="oc-36d">
         <name>.debug_info</name>
         <load_address>0x9a2f</load_address>
         <run_address>0x9a2f</run_address>
         <size>0x1dd</size>
         <input_file_ref idref="fl-10"/>
      </object_component>
      <object_component id="oc-13b">
         <name>.debug_info</name>
         <load_address>0x9c0c</load_address>
         <run_address>0x9c0c</run_address>
         <size>0x1eb</size>
         <input_file_ref idref="fl-10"/>
      </object_component>
      <object_component id="oc-134">
         <name>.debug_info</name>
         <load_address>0x9df7</load_address>
         <run_address>0x9df7</run_address>
         <size>0x1e9</size>
         <input_file_ref idref="fl-10"/>
      </object_component>
      <object_component id="oc-7b">
         <name>.debug_info</name>
         <load_address>0x9fe0</load_address>
         <run_address>0x9fe0</run_address>
         <size>0x1df</size>
         <input_file_ref idref="fl-10"/>
      </object_component>
      <object_component id="oc-128">
         <name>.debug_info</name>
         <load_address>0xa1bf</load_address>
         <run_address>0xa1bf</run_address>
         <size>0x1e4</size>
         <input_file_ref idref="fl-10"/>
      </object_component>
      <object_component id="oc-2b3">
         <name>.debug_info</name>
         <load_address>0xa3a3</load_address>
         <run_address>0xa3a3</run_address>
         <size>0x246</size>
         <input_file_ref idref="fl-10"/>
      </object_component>
      <object_component id="oc-146">
         <name>.debug_info</name>
         <load_address>0xa5e9</load_address>
         <run_address>0xa5e9</run_address>
         <size>0x21f</size>
         <input_file_ref idref="fl-10"/>
      </object_component>
      <object_component id="oc-158">
         <name>.debug_info</name>
         <load_address>0xa808</load_address>
         <run_address>0xa808</run_address>
         <size>0x1f9</size>
         <input_file_ref idref="fl-10"/>
      </object_component>
      <object_component id="oc-14c">
         <name>.debug_info</name>
         <load_address>0xaa01</load_address>
         <run_address>0xaa01</run_address>
         <size>0x1f3</size>
         <input_file_ref idref="fl-10"/>
      </object_component>
      <object_component id="oc-75">
         <name>.debug_info</name>
         <load_address>0xabf4</load_address>
         <run_address>0xabf4</run_address>
         <size>0x1f1</size>
         <input_file_ref idref="fl-10"/>
      </object_component>
      <object_component id="oc-2dd">
         <name>.debug_info</name>
         <load_address>0xade5</load_address>
         <run_address>0xade5</run_address>
         <size>0x176</size>
         <input_file_ref idref="fl-11"/>
      </object_component>
      <object_component id="oc-b3">
         <name>.debug_info</name>
         <load_address>0xaf5b</load_address>
         <run_address>0xaf5b</run_address>
         <size>0x1cb</size>
         <input_file_ref idref="fl-c7"/>
      </object_component>
      <object_component id="oc-20b">
         <name>.debug_info</name>
         <load_address>0xb126</load_address>
         <run_address>0xb126</run_address>
         <size>0x2a9</size>
         <input_file_ref idref="fl-c8"/>
      </object_component>
      <object_component id="oc-a2">
         <name>.debug_info</name>
         <load_address>0xb3cf</load_address>
         <run_address>0xb3cf</run_address>
         <size>0x247</size>
         <input_file_ref idref="fl-c8"/>
      </object_component>
      <object_component id="oc-352">
         <name>.debug_info</name>
         <load_address>0xb616</load_address>
         <run_address>0xb616</run_address>
         <size>0x46</size>
         <input_file_ref idref="fl-c8"/>
      </object_component>
      <object_component id="oc-1f5">
         <name>.debug_info</name>
         <load_address>0xb65c</load_address>
         <run_address>0xb65c</run_address>
         <size>0x39</size>
         <input_file_ref idref="fl-c8"/>
      </object_component>
      <object_component id="oc-295">
         <name>.debug_info</name>
         <load_address>0xb695</load_address>
         <run_address>0xb695</run_address>
         <size>0x297</size>
         <input_file_ref idref="fl-c9"/>
      </object_component>
      <object_component id="oc-292">
         <name>.debug_info</name>
         <load_address>0xb92c</load_address>
         <run_address>0xb92c</run_address>
         <size>0xfd</size>
         <input_file_ref idref="fl-c9"/>
      </object_component>
      <object_component id="oc-102">
         <name>.debug_info</name>
         <load_address>0xba29</load_address>
         <run_address>0xba29</run_address>
         <size>0x288</size>
         <input_file_ref idref="fl-c9"/>
      </object_component>
      <object_component id="oc-203">
         <name>.debug_info</name>
         <load_address>0xbcb1</load_address>
         <run_address>0xbcb1</run_address>
         <size>0x2c5</size>
         <input_file_ref idref="fl-ca"/>
      </object_component>
      <object_component id="oc-9d">
         <name>.debug_info</name>
         <load_address>0xbf76</load_address>
         <run_address>0xbf76</run_address>
         <size>0x24e</size>
         <input_file_ref idref="fl-ca"/>
      </object_component>
      <object_component id="oc-447">
         <name>.debug_info</name>
         <load_address>0xc1c4</load_address>
         <run_address>0xc1c4</run_address>
         <size>0x2f2</size>
         <input_file_ref idref="fl-cb"/>
      </object_component>
      <object_component id="oc-361">
         <name>.debug_info</name>
         <load_address>0xc4b6</load_address>
         <run_address>0xc4b6</run_address>
         <size>0x131</size>
         <input_file_ref idref="fl-cb"/>
      </object_component>
      <object_component id="oc-205">
         <name>.debug_info</name>
         <load_address>0xc5e7</load_address>
         <run_address>0xc5e7</run_address>
         <size>0x4ac</size>
         <input_file_ref idref="fl-cb"/>
      </object_component>
      <object_component id="oc-1fb">
         <name>.debug_info</name>
         <load_address>0xca93</load_address>
         <run_address>0xca93</run_address>
         <size>0x361</size>
         <input_file_ref idref="fl-cc"/>
      </object_component>
      <object_component id="oc-97">
         <name>.debug_info</name>
         <load_address>0xcdf4</load_address>
         <run_address>0xcdf4</run_address>
         <size>0x79b</size>
         <input_file_ref idref="fl-cc"/>
      </object_component>
      <object_component id="oc-38f">
         <name>.debug_info</name>
         <load_address>0xd58f</load_address>
         <run_address>0xd58f</run_address>
         <size>0x2ab</size>
         <input_file_ref idref="fl-cd"/>
      </object_component>
      <object_component id="oc-240">
         <name>.debug_info</name>
         <load_address>0xd83a</load_address>
         <run_address>0xd83a</run_address>
         <size>0x214</size>
         <input_file_ref idref="fl-cd"/>
      </object_component>
      <object_component id="oc-1f4">
         <name>.debug_info</name>
         <load_address>0xda4e</load_address>
         <run_address>0xda4e</run_address>
         <size>0x361</size>
         <input_file_ref idref="fl-ce"/>
      </object_component>
      <object_component id="oc-91">
         <name>.debug_info</name>
         <load_address>0xddaf</load_address>
         <run_address>0xddaf</run_address>
         <size>0x7ae</size>
         <input_file_ref idref="fl-ce"/>
      </object_component>
      <object_component id="oc-239">
         <name>.debug_info</name>
         <load_address>0xe55d</load_address>
         <run_address>0xe55d</run_address>
         <size>0x178</size>
         <input_file_ref idref="fl-cf"/>
      </object_component>
      <object_component id="oc-283">
         <name>.debug_info</name>
         <load_address>0xe6d5</load_address>
         <run_address>0xe6d5</run_address>
         <size>0x37a</size>
         <input_file_ref idref="fl-d0"/>
      </object_component>
      <object_component id="oc-f7">
[...]
         <value>0x568b</value>
         <object_component_ref idref="oc-169"/>
      </symbol>
      <symbol id="sm-226">
         <name>SysTickEnable</name>
         <value>0x56e9</value>
         <object_component_ref idref="oc-187"/>
      </symbol>
      <symbol id="sm-227">
         <name>SysTickIntEnable</name>
         <value>0x56fd</value>
         <object_component_ref idref="oc-17b"/>
      </symbol>
      <symbol id="sm-228">
         <name>SysTickPeriodSet</name>
         <value>0x57cd</value>
         <object_component_ref idref="oc-175"/>
      </symbol>
      <symbol id="sm-273">
         <name>SysCtlClockSet</name>
         <value>0x4785</value>
         <object_component_ref idref="oc-11b"/>
      </symbol>
      <symbol id="sm-274">
         <name>SysCtlDelay</name>
         <value>0x5883</value>
         <object_component_ref idref="oc-299"/>
      </symbol>
      <symbol id="sm-275">
         <name>SysCtlPeripheralEnable</name>
         <value>0x5481</value>
         <object_component_ref idref="oc-121"/>
      </symbol>
      <symbol id="sm-276">
         <name>SysCtlClockGet</name>
         <value>0x4a7d</value>
         <object_component_ref idref="oc-15d"/>
      </symbol>
      <symbol id="sm-2b8">
         <name>IntEnable</name>
         <value>0x50b5</value>
         <object_component_ref idref="oc-151"/>
      </symbol>
      <symbol id="sm-2b9">
         <name>IntRegister</name>
         <value>0x544d</value>
         <object_component_ref idref="oc-2b8"/>
      </symbol>
      <symbol id="sm-2ba">
         <name>g_pfnRAMVectors</name>
         <value>0x20000000</value>
         <object_component_ref idref="oc-3fb"/>
      </symbol>
      <symbol id="sm-2bb">
         <name>IntMasterEnable</name>
         <value>0x5833</value>
         <object_component_ref idref="oc-181"/>
      </symbol>
      <symbol id="sm-2fc">
         <name>I2CMasterDataPut</name>
         <value>0x5897</value>
         <object_component_ref idref="oc-224"/>
      </symbol>
      <symbol id="sm-2fd">
         <name>I2CMasterInitExpClk</name>
         <value>0x524d</value>
         <object_component_ref idref="oc-372"/>
      </symbol>
      <symbol id="sm-2fe">
         <name>I2CMasterSlaveAddrSet</name>
         <value>0x584f</value>
         <object_component_ref idref="oc-21e"/>
      </symbol>
      <symbol id="sm-2ff">
         <name>I2CMasterDataGet</name>
         <value>0x5893</value>
         <object_component_ref idref="oc-378"/>
      </symbol>
      <symbol id="sm-300">
         <name>I2CMasterControl</name>
         <value>0x588f</value>
         <object_component_ref idref="oc-22a"/>
      </symbol>
      <symbol id="sm-301">
         <name>I2CMasterBusy</name>
         <value>0x5847</value>
         <object_component_ref idref="oc-230"/>
      </symbol>
      <symbol id="sm-302">
         <name>I2CMasterEnable</name>
         <value>0x5829</value>
         <object_component_ref idref="oc-44b"/>
      </symbol>
      <symbol id="sm-39a">
         <name>GPIOIntRegister</name>
         <value>0x5673</value>
         <object_component_ref idref="oc-157"/>
      </symbol>
      <symbol id="sm-39b">
         <name>GPIOPinConfigure</name>
         <value>0x5205</value>
         <object_component_ref idref="oc-127"/>
      </symbol>
      <symbol id="sm-39c">
         <name>GPIOPinTypeI2CSCL</name>
         <value>0x5783</value>
         <object_component_ref idref="oc-366"/>
      </symbol>
      <symbol id="sm-39d">
         <name>GPIOIntEnable</name>
         <value>0x5805</value>
         <object_component_ref idref="oc-14b"/>
      </symbol>
      <symbol id="sm-39e">
         <name>GPIOPinTypeI2C</name>
         <value>0x5771</value>
         <object_component_ref idref="oc-36c"/>
      </symbol>
      <symbol id="sm-39f">
         <name>GPIOIntTypeSet</name>
         <value>0x5115</value>
         <object_component_ref idref="oc-145"/>
      </symbol>
      <symbol id="sm-3a0">
         <name>GPIOPinTypeGPIOInput</name>
         <value>0x574d</value>
         <object_component_ref idref="oc-133"/>
      </symbol>
      <symbol id="sm-3a1">
         <name>GPIOIntClear</name>
         <value>0x5871</value>
         <object_component_ref idref="oc-74"/>
      </symbol>
      <symbol id="sm-3a2">
         <name>GPIOPinTypeUART</name>
         <value>0x5795</value>
         <object_component_ref idref="oc-12d"/>
      </symbol>
      <symbol id="sm-3a3">
         <name>GPIOPinTypeGPIOOutput</name>
         <value>0x575f</value>
         <object_component_ref idref="oc-139"/>
      </symbol>
      <symbol id="sm-3a4">
         <name>GPIOPinRead</name>
         <value>0x5877</value>
         <object_component_ref idref="oc-7a"/>
      </symbol>
      <symbol id="sm-3a5">
         <name>GPIODirModeSet</name>
         <value>0x5571</value>
         <object_component_ref idref="oc-2a1"/>
      </symbol>
      <symbol id="sm-3a6">
         <name>GPIOPinWrite</name>
         <value>0x587d</value>
         <object_component_ref idref="oc-110"/>
      </symbol>
      <symbol id="sm-3a7">
         <name>GPIOPadConfigSet</name>
         <value>0x4c05</value>
         <object_component_ref idref="oc-13f"/>
      </symbol>
      <symbol id="sm-3b1">
         <name>CPUcpsie</name>
         <value>0x57f9</value>
         <object_component_ref idref="oc-2db"/>
      </symbol>
      <symbol id="sm-3c0">
         <name>lround</name>
         <value>0x51b9</value>
         <object_component_ref idref="oc-b2"/>
      </symbol>
      <symbol id="sm-404">
         <name>atan2</name>
         <value>0x37ed</value>
         <object_component_ref idref="oc-a1"/>
      </symbol>
      <symbol id="sm-405">
         <name>atan2l</name>
         <value>0x37ed</value>
         <object_component_ref idref="oc-a1"/>
      </symbol>
      <symbol id="sm-444">
         <name>fmod</name>
         <value>0x3399</value>
         <object_component_ref idref="oc-100"/>
      </symbol>
      <symbol id="sm-445">
         <name>fmodl</name>
         <value>0x3399</value>
         <object_component_ref idref="oc-100"/>
      </symbol>
      <symbol id="sm-467">
         <name>sqrtl</name>
         <value>0x41a5</value>
         <object_component_ref idref="oc-9b"/>
      </symbol>
      <symbol id="sm-468">
         <name>sqrt</name>
         <value>0x41a5</value>
         <object_component_ref idref="oc-9b"/>
      </symbol>
      <symbol id="sm-49e">
         <name>atanl</name>
         <value>0x30ad</value>
         <object_component_ref idref="oc-204"/>
      </symbol>
      <symbol id="sm-49f">
         <name>atan</name>
         <value>0x30ad</value>
         <object_component_ref idref="oc-204"/>
      </symbol>
      <symbol id="sm-4f0">
         <name>cosl</name>
         <value>0x2325</value>
         <object_component_ref idref="oc-95"/>
      </symbol>
      <symbol id="sm-4f1">
         <name>cos</name>
         <value>0x2325</value>
         <object_component_ref idref="oc-95"/>
      </symbol>
      <symbol id="sm-509">
         <name>roundl</name>
         <value>0x4b41</value>
         <object_component_ref idref="oc-23e"/>
      </symbol>
      <symbol id="sm-50a">
         <name>round</name>
         <value>0x4b41</value>
         <object_component_ref idref="oc-23e"/>
      </symbol>
      <symbol id="sm-55a">
         <name>sin</name>
         <value>0x1d45</value>
         <object_component_ref idref="oc-8f"/>
      </symbol>
      <symbol id="sm-55b">
         <name>sinl</name>
         <value>0x1d45</value>
         <object_component_ref idref="oc-8f"/>
      </symbol>
      <symbol id="sm-565">
         <name>__softfloat_float_raise</name>
         <value>0x5889</value>
         <object_component_ref idref="oc-238"/>
      </symbol>
      <symbol id="sm-59c">
         <name>sscanf</name>
         <value>0x53dd</value>
         <object_component_ref idref="oc-f4"/>
      </symbol>
      <symbol id="sm-5b3">
         <name>__aeabi_dsub</name>
         <value>0x3bad</value>
         <object_component_ref idref="oc-8a"/>
      </symbol>
      <symbol id="sm-5b4">
         <name>__aeabi_dadd</name>
         <value>0x3bb7</value>
         <object_component_ref idref="oc-8a"/>
      </symbol>
      <symbol id="sm-5d6">
         <name>__aeabi_cdcmpeq</name>
         <value>0x4def</value>
         <object_component_ref idref="oc-1e2"/>
      </symbol>
      <symbol id="sm-5d7">
         <name>__aeabi_cdcmple</name>
         <value>0x4def</value>
         <object_component_ref idref="oc-1e2"/>
      </symbol>
      <symbol id="sm-5d8">
         <name>__aeabi_cdrcmple</name>
         <value>0x4e75</value>
         <object_component_ref idref="oc-18d"/>
      </symbol>
      <symbol id="sm-5ec">
         <name>__aeabi_ddiv</name>
         <value>0x42fd</value>
         <object_component_ref idref="oc-85"/>
      </symbol>
      <symbol id="sm-5f7">
         <name>__aeabi_dmul</name>
         <value>0x4889</value>
         <object_component_ref idref="oc-80"/>
      </symbol>
      <symbol id="sm-601">
         <name>__aeabi_d2iz</name>
         <value>0x5295</value>
         <object_component_ref idref="oc-106"/>
      </symbol>
      <symbol id="sm-60b">
         <name>__aeabi_i2d</name>
         <value>0x5517</value>
         <object_component_ref idref="oc-10b"/>
      </symbol>
      <symbol id="sm-61f">
         <name>__TI_zero_init_nomemset</name>
         <value>0x563d</value>
         <object_component_ref idref="oc-4d"/>
      </symbol>
      <symbol id="sm-636">
         <name>__TI_decompress_none</name>
         <value>0x57eb</value>
         <object_component_ref idref="oc-1b"/>
      </symbol>
      <symbol id="sm-659">
         <name>__TI_decompress_lzss</name>
         <value>0x504d</value>
         <object_component_ref idref="oc-15"/>
      </symbol>
      <symbol id="sm-666">
         <name>atof</name>
         <value>0x57b9</value>
         <object_component_ref idref="oc-fa"/>
      </symbol>
      <symbol id="sm-671">
         <name>_ctypes_</name>
         <value>0x5a00</value>
         <object_component_ref idref="oc-3bf"/>
      </symbol>
      <symbol id="sm-681">
         <name>strchr</name>
         <value>0x56d3</value>
         <object_component_ref idref="oc-ee"/>
      </symbol>
      <symbol id="sm-68f">
         <name>strcpy</name>
         <value>0x5725</value>
         <object_component_ref idref="oc-e6"/>
      </symbol>
      <symbol id="sm-69f">
         <name>strncmp</name>
         <value>0x5545</value>
         <object_component_ref idref="oc-d4"/>
      </symbol>
      <symbol id="sm-6af">
         <name>strncpy</name>
         <value>0x5415</value>
         <object_component_ref idref="oc-da"/>
      </symbol>
      <symbol id="sm-70f">
         <name>strtold</name>
         <value>0x2901</value>
         <object_component_ref idref="oc-289"/>
      </symbol>
      <symbol id="sm-710">
         <name>strtod</name>
         <value>0x2901</value>
         <object_component_ref idref="oc-289"/>
      </symbol>
      <symbol id="sm-728">
         <name>strtok</name>
         <value>0x5361</value>
         <object_component_ref idref="oc-e0"/>
      </symbol>
      <symbol id="sm-750">
         <name>raise</name>
         <value>0x54e9</value>
         <object_component_ref idref="oc-387"/>
      </symbol>
      <symbol id="sm-751">
         <name>signal</name>
         <value>0x53a1</value>
         <object_component_ref idref="oc-457"/>
      </symbol>
      <symbol id="sm-7c1">
         <name>__kernel_rem_pio2</name>
         <value>0x160d</value>
         <object_component_ref idref="oc-1e7"/>
      </symbol>
      <symbol id="sm-7d4">
         <name>__stack</name>
         <value>0x20000270</value>
         <object_component_ref idref="oc-24"/>
      </symbol>
      <symbol id="sm-7d5">
         <name>_c_int00_noargs</name>
         <value>0x54b5</value>
         <object_component_ref idref="oc-5f"/>
      </symbol>
      <symbol id="sm-7eb">
         <name>__aeabi_errno_addr</name>
         <value>0x5861</value>
         <object_component_ref idref="oc-1fc"/>
      </symbol>
      <symbol id="sm-7ec">
         <name>errno</name>
         <value>0x200005e0</value>
         <object_component_ref idref="oc-359"/>
      </symbol>
      <symbol id="sm-802">
         <name>__kernel_cos</name>
         <value>0x3ed9</value>
         <object_component_ref idref="oc-1ed"/>
      </symbol>
      <symbol id="sm-819">
         <name>__kernel_sin</name>
         <value>0x3d65</value>
         <object_component_ref idref="oc-1dc"/>
      </symbol>
      <symbol id="sm-836">
         <name>floorl</name>
         <value>0x4985</value>
         <object_component_ref idref="oc-33d"/>
      </symbol>
      <symbol id="sm-837">
         <name>floor</name>
         <value>0x4985</value>
         <object_component_ref idref="oc-33d"/>
      </symbol>
      <symbol id="sm-854">
         <name>scalbn</name>
         <value>0x4565</value>
         <object_component_ref idref="oc-337"/>
      </symbol>
      <symbol id="sm-855">
         <name>scalbnl</name>
         <value>0x4565</value>
         <object_component_ref idref="oc-337"/>
      </symbol>
      <symbol id="sm-856">
         <name>ldexpl</name>
         <value>0x4565</value>
         <object_component_ref idref="oc-337"/>
      </symbol>
      <symbol id="sm-857">
         <name>ldexp</name>
         <value>0x4565</value>
         <object_component_ref idref="oc-337"/>
      </symbol>
      <symbol id="sm-917">
         <name>__TI_scanfi</name>
         <value>0x26d</value>
         <object_component_ref idref="oc-26a"/>
      </symbol>
      <symbol id="sm-923">
         <name>__aeabi_d2f</name>
         <value>0x4f75</value>
         <object_component_ref idref="oc-3ae"/>
      </symbol>
      <symbol id="sm-93e">
         <name>memcpy</name>
         <value>0x4cbd</value>
         <object_component_ref idref="oc-41"/>
      </symbol>
      <symbol id="sm-93f">
         <name>__aeabi_memcpy</name>
         <value>0x4cbd</value>
         <object_component_ref idref="oc-41"/>
      </symbol>
      <symbol id="sm-940">
         <name>__aeabi_memcpy8</name>
         <value>0x4cbd</value>
         <object_component_ref idref="oc-41"/>
      </symbol>
      <symbol id="sm-941">
         <name>__aeabi_memcpy4</name>
         <value>0x4cbd</value>
         <object_component_ref idref="oc-41"/>
      </symbol>
      <symbol id="sm-950">
         <name>__aeabi_memset</name>
         <value>0x4efd</value>
         <object_component_ref idref="oc-1b9"/>
      </symbol>
      <symbol id="sm-951">
         <name>memset</name>
         <value>0x4f03</value>
         <object_component_ref idref="oc-1b9"/>
      </symbol>
      <symbol id="sm-952">
         <name>__aeabi_memset8</name>
         <value>0x4efd</value>
         <object_component_ref idref="oc-1b9"/>
      </symbol>
      <symbol id="sm-953">
         <name>__aeabi_memset4</name>
         <value>0x4efd</value>
         <object_component_ref idref="oc-1b9"/>
      </symbol>
      <symbol id="sm-954">
         <name>__aeabi_memclr8</name>
         <value>0x4efb</value>
         <object_component_ref idref="oc-1b9"/>
      </symbol>
      <symbol id="sm-955">
         <name>__aeabi_memclr4</name>
         <value>0x4efb</value>
         <object_component_ref idref="oc-1b9"/>
      </symbol>
      <symbol id="sm-956">
         <name>__aeabi_memclr</name>
         <value>0x4efb</value>
         <object_component_ref idref="oc-1b9"/>
      </symbol>
      <symbol id="sm-97e">
         <name>__TI_auto_init_nobinit_nopinit</name>
         <value>0x52dd</value>
         <object_component_ref idref="oc-300"/>
      </symbol>
      <symbol id="sm-988">
         <name>_system_pre_init</name>
         <value>0x589f</value>
         <object_component_ref idref="oc-1bf"/>
      </symbol>
      <symbol id="sm-994">
         <name>C$$EXIT</name>
         <value>0x58a3</value>
         <object_component_ref idref="oc-2f4"/>
      </symbol>
      <symbol id="sm-995">
         <name>abort</name>
         <value>0x58a3</value>
         <object_component_ref idref="oc-2f4"/>
      </symbol>
      <symbol id="sm-9aa">
         <name>_nop</name>
         <value>0x3d63</value>
         <object_component_ref idref="oc-499"/>
      </symbol>
      <symbol id="sm-9ab">
         <name>_lock</name>
         <value>0x200005d8</value>
         <object_component_ref idref="oc-40e"/>
      </symbol>
      <symbol id="sm-9ac">
         <name>_unlock</name>
         <value>0x200005dc</value>
         <object_component_ref idref="oc-40e"/>
      </symbol>
      <symbol id="sm-9c3">
         <name>atoi</name>
         <value>0x516d</value>
         <object_component_ref idref="oc-3c8"/>
      </symbol>
      <symbol id="sm-9d4">
         <name>strcspn</name>
         <value>0x55c5</value>
         <object_component_ref idref="oc-25b"/>
      </symbol>
      <symbol id="sm-9e2">
         <name>strlen</name>
         <value>0x5739</value>
         <object_component_ref idref="oc-3c2"/>
      </symbol>
      <symbol id="sm-9f1">
         <name>strrchr</name>
         <value>0x56bb</value>
         <object_component_ref idref="oc-3ce"/>
      </symbol>
      <symbol id="sm-a03">
         <name>strspn</name>
         <value>0x559b</value>
         <object_component_ref idref="oc-255"/>
      </symbol>
      <symbol id="sm-a27">
         <name>strtol</name>
         <value>0x4435</value>
         <object_component_ref idref="oc-3b3"/>
      </symbol>
      <symbol id="sm-a4d">
         <name>strtoll</name>
         <value>0x39d1</value>
         <object_component_ref idref="oc-3b9"/>
      </symbol>
      <symbol id="sm-a6d">
         <name>strtoul</name>
         <value>0x4675</value>
         <object_component_ref idref="oc-3a8"/>
      </symbol>
      <symbol id="sm-a90">
         <name>strtoull</name>
         <value>0x4049</value>
         <object_component_ref idref="oc-3a2"/>
      </symbol>
      <symbol id="sm-a9a">
         <name>copysign</name>
         <value>0x5659</value>
         <object_component_ref idref="oc-42c"/>
      </symbol>
      <symbol id="sm-a9b">
         <name>copysignl</name>
         <value>0x5659</value>
         <object_component_ref idref="oc-42c"/>
      </symbol>
      <symbol id="sm-aa4">
         <name>__aeabi_lmul</name>
         <value>0x56a3</value>
         <object_component_ref idref="oc-465"/>
      </symbol>
      <symbol id="sm-ab1">
         <name>__aeabi_uldivmod</name>
         <value>0x4d59</value>
         <object_component_ref idref="oc-46a"/>
      </symbol>
      <symbol id="sm-abb">
         <name>__aeabi_idiv0</name>
         <value>0x4433</value>
         <object_component_ref idref="oc-4cc"/>
      </symbol>
      <symbol id="sm-abc">
         <name>__aeabi_ldiv0</name>
         <value>0x4433</value>
         <object_component_ref idref="oc-4cc"/>
      </symbol>
      <symbol id="sm-abd">
         <name>__TI_static_base__</name>
         <value>0x0</value>
      </symbol>
      <symbol id="sm-ac0">
         <name>__mpu_init</name>
         <value>0x0</value>
      </symbol>
      <symbol id="sm-ac1">
         <name>_system_post_cinit</name>
         <value>0x0</value>
      </symbol>
   </symbol_table>
   <title>Link successful</title>
</link_info>
