******************************************************************************
                  TI ARM Linker PC v20.2.7                     
******************************************************************************
>> Linked Sat Dec 28 15:43:41 2024

OUTPUT FILE NAME:   <Project_embed.out>
ENTRY POINT SYMBOL: "_c_int00_noargs"  address: 000054b5


MEMORY CONFIGURATION

         name            origin    length      used     unused   attr    fill
----------------------  --------  ---------  --------  --------  ----  --------
  FLASH                 00000000   00040000  00005f26  0003a0da  R  X
  SRAM                  20000000   00008000  000005e2  00007a1e  RW X


SEGMENT ALLOCATION MAP

run origin  load origin   length   init length attrs members
----------  ----------- ---------- ----------- ----- -------
00000000    00000000    00005f28   00005f28    r-x
  00000000    00000000    0000026c   0000026c    r-- .intvecs
  0000026c    0000026c    0000563a   0000563a    r-x .text
  000058a8    000058a8    00000638   00000638    r-- .const
  00005ee0    00005ee0    00000048   00000048    r-- .cinit
20000000    20000000    000005e8   00000000    rw-
  20000000    20000000    0000026c   00000000    rw- .vtable
  20000270    20000270    00000200   00000000    rw- .stack
  20000470    20000470    000000da   00000000    rw- .bss
  2000054c    2000054c    0000009c   00000000    rw- .data


SECTION ALLOCATION MAP

 output                                  attributes/
section   page    origin      length       input sections
--------  ----  ----------  ----------   ----------------
.intvecs   0    00000000    0000026c     
                  00000000    0000026c     tm4c123gh6pm_startup_ccs.obj (.intvecs)

.text      0    0000026c    0000563a     
                  0000026c    00000b14     rtsv7M4_T_le_v4SPD16_eabi.lib : _scanfi.c.obj (.text:__TI_scanfi)
                  00000d80    0000088c     main_task1.obj (.text)
                  0000160c    00000738     rtsv7M4_T_le_v4SPD16_eabi.lib : k_rem_pio2.c.obj (.text:__kernel_rem_pio2)
                  00001d44    000005e0                                   : s_sin.c.obj (.text:sin)
                  00002324    000005dc                                   : s_cos.c.obj (.text:cos)
                  00002900    00000460                                   : strtod.c.obj (.text:strtod)
                  00002d60    0000034c     i2c.obj (.text)
                  000030ac    000002ec     rtsv7M4_T_le_v4SPD16_eabi.lib : s_atan.c.obj (.text:atan)
                  00003398    00000234                                   : e_fmod.c.obj (.text:fmod)
                  000035cc    00000220     lcd1602_i2c.obj (.text)
                  000037ec    000001e4     rtsv7M4_T_le_v4SPD16_eabi.lib : e_atan2.c.obj (.text:atan2)
                  000039d0    000001dc                                   : strtoll.c.obj (.text:strtoll)
                  00003bac    000001b6                                   : fd_add_t2.asm.obj (.text)
                  00003d62    00000002                                   : _lock.c.obj (.text:_nop)
                  00003d64    00000174                                   : k_sin.c.obj (.text:__kernel_sin)
                  00003ed8    00000170                                   : k_cos.c.obj (.text:__kernel_cos)
                  00004048    0000015c                                   : strtoull.c.obj (.text:strtoull)
                  000041a4    00000158                                   : e_sqrt.c.obj (.text:sqrt)
                  000042fc    00000136                                   : fd_div_t2.asm.obj (.text)
                  00004432    00000002                                   : div0.asm.obj (.text)
                  00004434    00000130                                   : strtol.c.obj (.text:strtol)
                  00004564    00000110                                   : s_scalbn.c.obj (.text:scalbn)
                  00004674    00000110                                   : strtoul.c.obj (.text:strtoul)
                  00004784    00000104     driverlib.lib : sysctl.obj (.text:SysCtlClockSet)
                  00004888    000000fc     rtsv7M4_T_le_v4SPD16_eabi.lib : fd_mul_t2.asm.obj (.text)
                  00004984    000000f8                                   : s_floor.c.obj (.text:floor)
                  00004a7c    000000c4     driverlib.lib : sysctl.obj (.text:SysCtlClockGet)
                  00004b40    000000c4     rtsv7M4_T_le_v4SPD16_eabi.lib : s_round.c.obj (.text:round)
                  00004c04    000000b8     driverlib.lib : gpio.obj (.text:GPIOPadConfigSet)
                  00004cbc    0000009c     rtsv7M4_T_le_v4SPD16_eabi.lib : memcpy_t2.asm.obj (.text)
                  00004d58    00000096                                   : ull_div_t2.asm.obj (.text)
                  00004dee    00000086                                   : fd_cmp_t2.asm.obj (.text:__aeabi_cdcmple)
                  00004e74    00000086                                   : fd_cmp_t2.asm.obj (.text:__aeabi_cdrcmple)
                  00004efa    0000007a                                   : memset_t2.asm.obj (.text)
                  00004f74    0000006e                                   : fd_tos_t2.asm.obj (.text)
                  00004fe2    00000002     --HOLE-- [fill = 0]
                  00004fe4    00000068                                   : sscanf.c.obj (.text:_chkmbc)
                  0000504c    00000068                                   : copy_decompress_lzss.c.obj (.text:decompress:lzss:__TI_decompress_lzss)
                  000050b4    00000060     driverlib.lib : interrupt.obj (.text:IntEnable)
                  00005114    00000056                   : gpio.obj (.text:GPIOIntTypeSet)
                  0000516a    00000002     --HOLE-- [fill = 0]
                  0000516c    0000004c     rtsv7M4_T_le_v4SPD16_eabi.lib : atoi.c.obj (.text:atoi)
                  000051b8    0000004c                                   : s_lround.c.obj (.text:lround)
                  00005204    00000048     driverlib.lib : gpio.obj (.text:GPIOPinConfigure)
                  0000524c    00000048                   : i2c.obj (.text:I2CMasterInitExpClk)
                  00005294    00000048     rtsv7M4_T_le_v4SPD16_eabi.lib : fd_toi_t2.asm.obj (.text)
                  000052dc    00000044                                   : autoinit.c.obj (.text:__TI_auto_init_nobinit_nopinit:__TI_auto_init_nobinit_nopinit)
                  00005320    00000040     driverlib.lib : uart.obj (.text:UARTConfigSetExpClk)
                  00005360    00000040     rtsv7M4_T_le_v4SPD16_eabi.lib : strtok.c.obj (.text:strtok)
                  000053a0    0000003c                                   : signal.c.obj (.text:signal)
                  000053dc    00000038                                   : sscanf.c.obj (.text:sscanf)
                  00005414    00000036                                   : strncpy.c.obj (.text:strncpy)
                  0000544a    00000002     --HOLE-- [fill = 0]
                  0000544c    00000034     driverlib.lib : interrupt.obj (.text:IntRegister)
                  00005480    00000034                   : sysctl.obj (.text:SysCtlPeripheralEnable)
                  000054b4    00000034     rtsv7M4_T_le_v4SPD16_eabi.lib : boot_cortex_m.c.obj (.text:_c_int00_noargs:_c_int00_noargs)
                  000054e8    0000002e                                   : signal.c.obj (.text:raise)
                  00005516    0000002e                                   : i_tofd_t2.asm.obj (.text)
                  00005544    0000002c                                   : strncmp.c.obj (.text:strncmp)
                  00005570    0000002a     driverlib.lib : gpio.obj (.text:GPIODirModeSet)
                  0000559a    0000002a     rtsv7M4_T_le_v4SPD16_eabi.lib : strspn.c.obj (.text:strspn)
                  000055c4    00000024                                   : strcspn.c.obj (.text:strcspn)
                  000055e8    0000001c     driverlib.lib : uart.obj (.text:UARTDisable)
                  00005604    0000001c                   : gpio.obj (.text:_GPIOIntNumberGet)
                  00005620    0000001c                   : uart.obj (.text:_UARTIntNumberGet)
                  0000563c    0000001c     rtsv7M4_T_le_v4SPD16_eabi.lib : copy_zero_init.c.obj (.text:decompress:ZI:__TI_zero_init_nomemset:__TI_zero_init_nomemset)
                  00005658    0000001a                                   : s_copysign.c.obj (.text:copysign)
                  00005672    00000018     driverlib.lib : gpio.obj (.text:GPIOIntRegister)
                  0000568a    00000018                   : uart.obj (.text:UARTIntRegister)
                  000056a2    00000018     rtsv7M4_T_le_v4SPD16_eabi.lib : ll_mul_t2.asm.obj (.text)
                  000056ba    00000018                                   : strrchr.c.obj (.text:strrchr)
                  000056d2    00000016                                   : strchr.c.obj (.text:strchr)
                  000056e8    00000014     driverlib.lib : systick.obj (.text:SysTickEnable)
                  000056fc    00000014                   : systick.obj (.text:SysTickIntEnable)
                  00005710    00000014                   : uart.obj (.text:UARTEnable)
                  00005724    00000014     rtsv7M4_T_le_v4SPD16_eabi.lib : strcpy.c.obj (.text:strcpy)
                  00005738    00000014                                   : strlen.c.obj (.text:strlen)
                  0000574c    00000012     driverlib.lib : gpio.obj (.text:GPIOPinTypeGPIOInput)
                  0000575e    00000012                   : gpio.obj (.text:GPIOPinTypeGPIOOutput)
                  00005770    00000012                   : gpio.obj (.text:GPIOPinTypeI2C)
                  00005782    00000012                   : gpio.obj (.text:GPIOPinTypeI2CSCL)
                  00005794    00000012                   : gpio.obj (.text:GPIOPinTypeUART)
                  000057a6    00000012     rtsv7M4_T_le_v4SPD16_eabi.lib : sscanf.c.obj (.text:_inpchar)
                  000057b8    00000012                                   : atof.c.obj (.text:atof)
                  000057ca    00000002     --HOLE-- [fill = 0]
                  000057cc    00000010     driverlib.lib : systick.obj (.text:SysTickPeriodSet)
                  000057dc    0000000e                   : uart.obj (.text:UARTCharGetNonBlocking)
                  000057ea    0000000e     rtsv7M4_T_le_v4SPD16_eabi.lib : copy_decompress_none.c.obj (.text:decompress:none:__TI_decompress_none)
                  000057f8    0000000c     driverlib.lib : cpu.obj (.text:CPUcpsie)
                  00005804    0000000c                   : gpio.obj (.text:GPIOIntEnable)
                  00005810    0000000c                   : uart.obj (.text:UARTCharsAvail)
                  0000581c    0000000c     tm4c123gh6pm_startup_ccs.obj (.text)
                  00005828    0000000a     driverlib.lib : i2c.obj (.text:I2CMasterEnable)
                  00005832    0000000a                   : interrupt.obj (.text:IntMasterEnable)
                  0000583c    0000000a                   : uart.obj (.text:UARTIntStatus)
                  00005846    00000008                   : i2c.obj (.text:I2CMasterBusy)
                  0000584e    00000008                   : i2c.obj (.text:I2CMasterSlaveAddrSet)
                  00005856    00000008                   : uart.obj (.text:UARTIntEnable)
                  0000585e    00000002     --HOLE-- [fill = 0]
                  00005860    00000008     rtsv7M4_T_le_v4SPD16_eabi.lib : errno.c.obj (.text:__aeabi_errno_addr)
                  00005868    00000008                                   : sscanf.c.obj (.text:_uninpchar)
                  00005870    00000006     driverlib.lib : gpio.obj (.text:GPIOIntClear)
                  00005876    00000006                   : gpio.obj (.text:GPIOPinRead)
                  0000587c    00000006                   : gpio.obj (.text:GPIOPinWrite)
                  00005882    00000006                   : sysctl.obj (.text:SysCtlDelay)
                  00005888    00000006     rtsv7M4_T_le_v4SPD16_eabi.lib : ti_fenv.c.obj (.text:__softfloat_float_raise)
                  0000588e    00000004     driverlib.lib : i2c.obj (.text:I2CMasterControl)
                  00005892    00000004                   : i2c.obj (.text:I2CMasterDataGet)
                  00005896    00000004                   : i2c.obj (.text:I2CMasterDataPut)
                  0000589a    00000004                   : uart.obj (.text:UARTIntClear)
                  0000589e    00000004     rtsv7M4_T_le_v4SPD16_eabi.lib : pre_init.c.obj (.text:_system_pre_init)
                  000058a2    00000004                                   : exit.c.obj (.text:abort:abort)

.const     0    000058a8    00000638     
                  000058a8    00000158     rtsv7M4_T_le_v4SPD16_eabi.lib : k_rem_pio2.c.obj (.const:$O1$$)
                  00005a00    00000101                                   : ctype.c.obj (.const:.string:_ctypes_)
                  00005b01    00000007     --HOLE-- [fill = 0]
                  00005b08    000000c8                                   : strtod.c.obj (.const:$O1$$)
                  00005bd0    000000c0     driverlib.lib : gpio.obj (.const:g_ppui32GPIOIntMapBlizzard)
                  00005c90    00000098     rtsv7M4_T_le_v4SPD16_eabi.lib : s_atan.c.obj (.const:$O1$$)
                  00005d28    00000078     driverlib.lib : gpio.obj (.const:g_pui32GPIOBaseAddrs)
                  00005da0    00000070                   : interrupt.obj (.const)
                  00005e10    0000006c                   : sysctl.obj (.const:g_pui32Xtals)
                  00005e7c    00000040                   : uart.obj (.const:g_ppui32UARTIntMap)
                  00005ebc    00000010     rtsv7M4_T_le_v4SPD16_eabi.lib : _scanfi.c.obj (.const:$O1$$)
                  00005ecc    00000004     --HOLE-- [fill = 0]
                  00005ed0    00000010                                   : e_fmod.c.obj (.const:Zero)

.cinit     0    00005ee0    00000048     
                  00005ee0    0000000e     (.cinit..data.load) [load image, compression = lzss]
                  00005eee    00000002     --HOLE-- [fill = 0]
                  00005ef0    0000000c     (__TI_handler_table)
                  00005efc    00000004     --HOLE-- [fill = 0]
                  00005f00    00000008     (.cinit..bss.load) [load image, compression = zero_init]
                  00005f08    00000008     (.cinit..vtable.load) [load image, compression = zero_init]
                  00005f10    00000018     (__TI_cinit_table)

.init_array 
*          0    00000000    00000000     UNINITIALIZED

.vtable    0    20000000    0000026c     UNINITIALIZED
                  20000000    0000026c     driverlib.lib : interrupt.obj (.vtable)

.bss       0    20000470    000000da     UNINITIALIZED
                  20000470    00000080     (.common:GPGLLSentence)
                  200004f0    00000010     main_task1.obj (.bss:distance_str$1)
                  20000500    00000010     (.common:latitude)
                  20000510    00000010     (.common:longitude)
                  20000520    00000008     (.common:calculated_distance)
                  20000528    00000008     (.common:current_latDecimal)
                  20000530    00000008     (.common:current_longDecimal)
                  20000538    00000008     (.common:inital_latDecimal)
                  20000540    00000008     (.common:inital_longDecimal)
                  20000548    00000001     (.common:latDir)
                  20000549    00000001     (.common:longDir)

.data      0    2000054c    0000009c     UNINITIALIZED
                  2000054c    00000080     rtsv7M4_T_le_v4SPD16_eabi.lib : signal.c.obj (.data:sigTable)
                  200005cc    0000000a     main_task1.obj (.data)
                  200005d6    00000002     --HOLE--
                  200005d8    00000008     rtsv7M4_T_le_v4SPD16_eabi.lib : _lock.c.obj (.data:$O1$$)
                  200005e0    00000004                                   : errno.c.obj (.data)
                  200005e4    00000004                                   : strtok.c.obj (.data)

.stack     0    20000270    00000200     UNINITIALIZED
                  20000270    00000004     rtsv7M4_T_le_v4SPD16_eabi.lib : boot_cortex_m.c.obj (.stack)
                  20000274    000001fc     --HOLE--

__llvm_prf_cnts 
*          0    20000000    00000000     UNINITIALIZED

MODULE SUMMARY

       Module                         code    ro data   rw data
       ------                         ----    -------   -------
    .\
       main_task1.obj                 2188    0         228    
       tm4c123gh6pm_startup_ccs.obj   12      620       0      
       lcd1602_i2c.obj                544     0         0      
    +--+------------------------------+-------+---------+---------+
       Total:                         2744    620       228    
                                                               
    .\libs\i2c\
       i2c.obj                        844     0         0      
    +--+------------------------------+-------+---------+---------+
       Total:                         844     0         0      
                                                               
    C:/ti/TivaWare_C_Series-1.1/driverlib/ccs/Debug/driverlib.lib
       interrupt.obj                  158     112       620    
       gpio.obj                       556     312       0      
       sysctl.obj                     514     108       0      
       uart.obj                       212     64        0      
       i2c.obj                        110     0         0      
       systick.obj                    56      0         0      
       cpu.obj                        12      0         0      
    +--+------------------------------+-------+---------+---------+
       Total:                         1618    596       620    
                                                               
    C:\ti\ccs1250\ccs\tools\compiler\ti-cgt-arm_20.2.7.LTS\lib\rtsv7M4_T_le_v4SPD16_eabi.lib
       _scanfi.c.obj                  2836    16        0      
       k_rem_pio2.c.obj               1848    344       0      
       s_sin.c.obj                    1504    0         0      
       s_cos.c.obj                    1500    0         0      
       strtod.c.obj                   1120    200       0      
       s_atan.c.obj                   748     152       0      
       e_fmod.c.obj                   564     16        0      
       e_atan2.c.obj                  484     0         0      
       strtoll.c.obj                  476     0         0      
       fd_add_t2.asm.obj              438     0         0      
       k_sin.c.obj                    372     0         0      
       k_cos.c.obj                    368     0         0      
       strtoull.c.obj                 348     0         0      
       e_sqrt.c.obj                   344     0         0      
       fd_div_t2.asm.obj              310     0         0      
       strtol.c.obj                   304     0         0      
       s_scalbn.c.obj                 272     0         0      
       strtoul.c.obj                  272     0         0      
       fd_cmp_t2.asm.obj              268     0         0      
       ctype.c.obj                    0       257       0      
       fd_mul_t2.asm.obj              252     0         0      
       s_floor.c.obj                  248     0         0      
       signal.c.obj                   106     0         128    
       s_round.c.obj                  196     0         0      
       sscanf.c.obj                   186     0         0      
       memcpy_t2.asm.obj              156     0         0      
       ull_div_t2.asm.obj             150     0         0      
       memset_t2.asm.obj              122     0         0      
       fd_tos_t2.asm.obj              110     0         0      
       copy_decompress_lzss.c.obj     104     0         0      
       atoi.c.obj                     76      0         0      
       s_lround.c.obj                 76      0         0      
       fd_toi_t2.asm.obj              72      0         0      
       autoinit.c.obj                 68      0         0      
       strtok.c.obj                   64      0         4      
       strncpy.c.obj                  54      0         0      
       boot_cortex_m.c.obj            52      0         0      
       i_tofd_t2.asm.obj              46      0         0      
       strncmp.c.obj                  44      0         0      
       strspn.c.obj                   42      0         0      
       strcspn.c.obj                  36      0         0      
       copy_zero_init.c.obj           28      0         0      
       s_copysign.c.obj               26      0         0      
       ll_mul_t2.asm.obj              24      0         0      
       strrchr.c.obj                  24      0         0      
       strchr.c.obj                   22      0         0      
       strcpy.c.obj                   20      0         0      
       strlen.c.obj                   20      0         0      
       atof.c.obj                     18      0         0      
       copy_decompress_none.c.obj     14      0         0      
       errno.c.obj                    8       0         4      
       _lock.c.obj                    2       0         8      
       ti_fenv.c.obj                  6       0         0      
       exit.c.obj                     4       0         0      
       pre_init.c.obj                 4       0         0      
       div0.asm.obj                   2       0         0      
    +--+------------------------------+-------+---------+---------+
       Total:                         16858   985       144    
                                                               
       Stack:                         0       0         512    
       Linker Generated:              0       66        0      
    +--+------------------------------+-------+---------+---------+
       Grand Total:                   22064   2267      1504   


LINKER GENERATED COPY TABLES

__TI_cinit_table @ 00005f10 records: 3, size/record: 8, table size: 24
	.data: load addr=00005ee0, load size=0000000e bytes, run addr=2000054c, run size=0000009c bytes, compression=lzss
	.bss: load addr=00005f00, load size=00000008 bytes, run addr=20000470, run size=000000da bytes, compression=zero_init
	.vtable: load addr=00005f08, load size=00000008 bytes, run addr=20000000, run size=0000026c bytes, compression=zero_init


LINKER GENERATED HANDLER TABLE

__TI_handler_table @ 00005ef0 records: 3, size/record: 4, table size: 12
	index: 0, handler: __TI_zero_init
	index: 1, handler: __TI_decompress_lzss
	index: 2, handler: __TI_decompress_none


GLOBAL SYMBOLS: SORTED ALPHABETICALLY BY Name 

address   name                          
-------   ----                          
000013b1  BuzzerOff                     
0000139d  BuzzerOn                      
000058a3  C$$EXIT                       
000057f9  CPUcpsie                      
20000470  GPGLLSentence                 
00005571  GPIODirModeSet                
00005871  GPIOIntClear                  
00005805  GPIOIntEnable                 
00005673  GPIOIntRegister               
00005115  GPIOIntTypeSet                
00004c05  GPIOPadConfigSet              
00005205  GPIOPinConfigure              
00005877  GPIOPinRead                   
0000574d  GPIOPinTypeGPIOInput          
0000575f  GPIOPinTypeGPIOOutput         
00005771  GPIOPinTypeI2C                
00005783  GPIOPinTypeI2CSCL             
00005795  GPIOPinTypeUART               
0000587d  GPIOPinWrite                  
00000d81  GPIOPortFIntHandler           
000012d3  I2C3Init                      
00002d61  I2CInit                       
00005847  I2CMasterBusy                 
0000588f  I2CMasterControl              
00005893  I2CMasterDataGet              
00005897  I2CMasterDataPut              
00005829  I2CMasterEnable               
0000524d  I2CMasterInitExpClk           
0000584f  I2CMasterSlaveAddrSet         
00002f93  I2CReadMultiByte              
00002f37  I2CReadSingleByte             
00002e97  I2CWriteMultiByte             
00002e6f  I2CWriteSingleByte            
000050b5  IntEnable                     
00005833  IntMasterEnable               
0000544d  IntRegister                   
000035ef  LCD1602Clear                  
00003673  LCD1602Goto                   
000035cd  LCD1602Init                   
000035f9  LCD1602SendCmd                
00003625  LCD1602SetChar                
00003609  LCD1602SetString              
00003635  LCD1602SetUDec                
00001291  PortDInit                     
0000581d  ResetISR                      
00004a7d  SysCtlClockGet                
00004785  SysCtlClockSet                
00005883  SysCtlDelay                   
00005481  SysCtlPeripheralEnable        
000056e9  SysTickEnable                 
000056fd  SysTickIntEnable              
00000f9d  SysTickIntHandler             
000057cd  SysTickPeriodSet              
000057dd  UARTCharGetNonBlocking        
00005811  UARTCharsAvail                
00005321  UARTConfigSetExpClk           
000055e9  UARTDisable                   
00005711  UARTEnable                    
0000589b  UARTIntClear                  
00005857  UARTIntEnable                 
00001099  UARTIntHandler                
0000568b  UARTIntRegister               
0000583d  UARTIntStatus                 
20000470  __STACK_END                   
00000200  __STACK_SIZE                  
20000470  __STACK_TOP                   
00005f10  __TI_CINIT_Base               
00005f28  __TI_CINIT_Limit              
00005ef0  __TI_Handler_Table_Base       
00005efc  __TI_Handler_Table_Limit      
000052dd  __TI_auto_init_nobinit_nopinit
0000504d  __TI_decompress_lzss          
000057eb  __TI_decompress_none          
ffffffff  __TI_pprof_out_hndl           
ffffffff  __TI_prof_data_size           
ffffffff  __TI_prof_data_start          
0000026d  __TI_scanfi                   
00000000  __TI_static_base__            
0000563d  __TI_zero_init_nomemset       
00004def  __aeabi_cdcmpeq               
00004def  __aeabi_cdcmple               
00004e75  __aeabi_cdrcmple              
00004f75  __aeabi_d2f                   
00005295  __aeabi_d2iz                  
00003bb7  __aeabi_dadd                  
000042fd  __aeabi_ddiv                  
00004889  __aeabi_dmul                  
00003bad  __aeabi_dsub                  
00005861  __aeabi_errno_addr            
00005517  __aeabi_i2d                   
00004433  __aeabi_idiv0                 
00004433  __aeabi_ldiv0                 
000056a3  __aeabi_lmul                  
00004efb  __aeabi_memclr                
00004efb  __aeabi_memclr4               
00004efb  __aeabi_memclr8               
00004cbd  __aeabi_memcpy                
00004cbd  __aeabi_memcpy4               
00004cbd  __aeabi_memcpy8               
00004efd  __aeabi_memset                
00004efd  __aeabi_memset4               
00004efd  __aeabi_memset8               
00004d59  __aeabi_uldivmod              
ffffffff  __binit__                     
ffffffff  __c_args__                    
00003ed9  __kernel_cos                  
0000160d  __kernel_rem_pio2             
00003d65  __kernel_sin                  
UNDEFED   __mpu_init                    
00005889  __softfloat_float_raise       
20000270  __stack                       
20000000  __start___llvm_prf_cnts       
20000000  __stop___llvm_prf_cnts        
000054b5  _c_int00_noargs               
00005a00  _ctypes_                      
200005d8  _lock                         
00003d63  _nop                          
UNDEFED   _system_post_cinit            
0000589f  _system_pre_init              
200005dc  _unlock                       
000058a3  abort                         
000030ad  atan                          
000037ed  atan2                         
000037ed  atan2l                        
000030ad  atanl                         
000057b9  atof                          
0000516d  atoi                          
ffffffff  binit                         
00000db1  calculateDistance             
20000520  calculated_distance           
00001301  convertToDecimalDegrees       
00005659  copysign                      
00005659  copysignl                     
00002325  cos                           
00002325  cosl                          
200005cd  current_gps_ready             
20000528  current_latDecimal            
20000530  current_longDecimal           
200005e0  errno                         
00001125  extractGPGLL                  
00004985  floor                         
00004985  floorl                        
00003399  fmod                          
00003399  fmodl                         
20000000  g_pfnRAMVectors               
00000000  g_pfnVectors                  
200005cc  gps_signal_ready              
20000538  inital_latDecimal             
20000540  inital_longDecimal            
20000548  latDir                        
20000500  latitude                      
00004565  ldexp                         
00004565  ldexpl                        
20000549  longDir                       
20000510  longitude                     
000051b9  lround                        
000013e5  main                          
00004cbd  memcpy                        
00004f03  memset                        
00001165  processGPGLL                  
000054e9  raise                         
200005d0  readIdx                       
00004b41  round                         
00004b41  roundl                        
00004565  scalbn                        
00004565  scalbnl                       
200005d2  sentenceReady                 
000053a1  signal                        
00001d45  sin                           
00001d45  sinl                          
000041a5  sqrt                          
000041a5  sqrtl                         
000053dd  sscanf                        
000056d3  strchr                        
00005725  strcpy                        
000055c5  strcspn                       
00005739  strlen                        
00005545  strncmp                       
00005415  strncpy                       
000056bb  strrchr                       
0000559b  strspn                        
00002901  strtod                        
00005361  strtok                        
00004435  strtol                        
00002901  strtold                       
000039d1  strtoll                       
00004675  strtoul                       
00004049  strtoull                      
00001229  validateChecksum              
200005ce  writeIdx                      


GLOBAL SYMBOLS: SORTED BY Symbol Address 

address   name                          
-------   ----                          
00000000  __TI_static_base__            
00000000  g_pfnVectors                  
00000200  __STACK_SIZE                  
0000026d  __TI_scanfi                   
00000d81  GPIOPortFIntHandler           
00000db1  calculateDistance             
00000f9d  SysTickIntHandler             
00001099  UARTIntHandler                
00001125  extractGPGLL                  
00001165  processGPGLL                  
00001229  validateChecksum              
00001291  PortDInit                     
000012d3  I2C3Init                      
00001301  convertToDecimalDegrees       
0000139d  BuzzerOn                      
000013b1  BuzzerOff                     
000013e5  main                          
0000160d  __kernel_rem_pio2             
00001d45  sin                           
00001d45  sinl                          
00002325  cos                           
00002325  cosl                          
00002901  strtod                        
00002901  strtold                       
00002d61  I2CInit                       
00002e6f  I2CWriteSingleByte            
00002e97  I2CWriteMultiByte             
00002f37  I2CReadSingleByte             
00002f93  I2CReadMultiByte              
000030ad  atan                          
000030ad  atanl                         
00003399  fmod                          
00003399  fmodl                         
000035cd  LCD1602Init                   
000035ef  LCD1602Clear                  
000035f9  LCD1602SendCmd                
00003609  LCD1602SetString              
00003625  LCD1602SetChar                
00003635  LCD1602SetUDec                
00003673  LCD1602Goto                   
000037ed  atan2                         
000037ed  atan2l                        
000039d1  strtoll                       
00003bad  __aeabi_dsub                  
00003bb7  __aeabi_dadd                  
00003d63  _nop                          
00003d65  __kernel_sin                  
00003ed9  __kernel_cos                  
00004049  strtoull                      
000041a5  sqrt                          
000041a5  sqrtl                         
000042fd  __aeabi_ddiv                  
00004433  __aeabi_idiv0                 
00004433  __aeabi_ldiv0                 
00004435  strtol                        
00004565  ldexp                         
00004565  ldexpl                        
00004565  scalbn                        
00004565  scalbnl                       
00004675  strtoul                       
00004785  SysCtlClockSet                
00004889  __aeabi_dmul                  
00004985  floor                         
00004985  floorl                        
00004a7d  SysCtlClockGet                
00004b41  round                         
00004b41  roundl                        
00004c05  GPIOPadConfigSet              
00004cbd  __aeabi_memcpy                
00004cbd  __aeabi_memcpy4               
00004cbd  __aeabi_memcpy8               
00004cbd  memcpy                        
00004d59  __aeabi_uldivmod              
00004def  __aeabi_cdcmpeq               
00004def  __aeabi_cdcmple               
00004e75  __aeabi_cdrcmple              
00004efb  __aeabi_memclr                
00004efb  __aeabi_memclr4               
00004efb  __aeabi_memclr8               
00004efd  __aeabi_memset                
00004efd  __aeabi_memset4               
00004efd  __aeabi_memset8               
00004f03  memset                        
00004f75  __aeabi_d2f                   
0000504d  __TI_decompress_lzss          
000050b5  IntEnable                     
00005115  GPIOIntTypeSet                
0000516d  atoi                          
000051b9  lround                        
00005205  GPIOPinConfigure              
0000524d  I2CMasterInitExpClk           
00005295  __aeabi_d2iz                  
000052dd  __TI_auto_init_nobinit_nopinit
00005321  UARTConfigSetExpClk           
00005361  strtok                        
000053a1  signal                        
000053dd  sscanf                        
00005415  strncpy                       
0000544d  IntRegister                   
00005481  SysCtlPeripheralEnable        
000054b5  _c_int00_noargs               
000054e9  raise                         
00005517  __aeabi_i2d                   
00005545  strncmp                       
00005571  GPIODirModeSet                
0000559b  strspn                        
000055c5  strcspn                       
000055e9  UARTDisable                   
0000563d  __TI_zero_init_nomemset       
00005659  copysign                      
00005659  copysignl                     
00005673  GPIOIntRegister               
0000568b  UARTIntRegister               
000056a3  __aeabi_lmul                  
000056bb  strrchr                       
000056d3  strchr                        
000056e9  SysTickEnable                 
000056fd  SysTickIntEnable              
00005711  UARTEnable                    
00005725  strcpy                        
00005739  strlen                        
0000574d  GPIOPinTypeGPIOInput          
0000575f  GPIOPinTypeGPIOOutput         
00005771  GPIOPinTypeI2C                
00005783  GPIOPinTypeI2CSCL             
00005795  GPIOPinTypeUART               
000057b9  atof                          
000057cd  SysTickPeriodSet              
000057dd  UARTCharGetNonBlocking        
000057eb  __TI_decompress_none          
000057f9  CPUcpsie                      
00005805  GPIOIntEnable                 
00005811  UARTCharsAvail                
0000581d  ResetISR                      
00005829  I2CMasterEnable               
00005833  IntMasterEnable               
0000583d  UARTIntStatus                 
00005847  I2CMasterBusy                 
0000584f  I2CMasterSlaveAddrSet         
00005857  UARTIntEnable                 
00005861  __aeabi_errno_addr            
00005871  GPIOIntClear                  
00005877  GPIOPinRead                   
0000587d  GPIOPinWrite                  
00005883  SysCtlDelay                   
00005889  __softfloat_float_raise       
0000588f  I2CMasterControl              
00005893  I2CMasterDataGet              
00005897  I2CMasterDataPut              
0000589b  UARTIntClear                  
0000589f  _system_pre_init              
000058a3  C$$EXIT                       
000058a3  abort                         
00005a00  _ctypes_                      
00005ef0  __TI_Handler_Table_Base       
00005efc  __TI_Handler_Table_Limit      
00005f10  __TI_CINIT_Base               
00005f28  __TI_CINIT_Limit              
20000000  __start___llvm_prf_cnts       
20000000  __stop___llvm_prf_cnts        
20000000  g_pfnRAMVectors               
20000270  __stack                       
20000470  GPGLLSentence                 
20000470  __STACK_END                   
20000470  __STACK_TOP                   
20000500  latitude                      
20000510  longitude                     
20000520  calculated_distance           
20000528  current_latDecimal            
20000530  current_longDecimal           
20000538  inital_latDecimal             
20000540  inital_longDecimal            
20000548  latDir                        
20000549  longDir                       
200005cc  gps_signal_ready              
200005cd  current_gps_ready             
200005ce  writeIdx                      
200005d0  readIdx                       
200005d2  sentenceReady                 
200005d8  _lock                         
200005dc  _unlock                       
200005e0  errno                         
ffffffff  __TI_pprof_out_hndl           
ffffffff  __TI_prof_data_size           
ffffffff  __TI_prof_data_start          
ffffffff  __binit__                     
ffffffff  __c_args__                    
ffffffff  binit                         
UNDEFED   __mpu_init                    
UNDEFED   _system_post_cinit            

[190 symbols]
