<?xml version="1.0" encoding="ISO-8859-1" ?>
<link_info>
   <banner>TI ARM Linker PC v20.2.7.LTS</banner>
   <copyright>Copyright (c) 1996-2018 Texas Instruments Incorporated</copyright>
   <link_time>0x67219914</link_time>
   <link_errors>0x0</link_errors>
   <output_file>test.out</output_file>
   <entry_point>
      <name>_c_int00_noargs</name>
      <address>0x681</address>
   </entry_point>
   <input_file_list>
      <input_file id="fl-2">
         <path>.\</path>
         <kind>object</kind>
         <file>main.obj</file>
         <name>main.obj</name>
      </input_file>
      <input_file id="fl-3">
         <path>.\</path>
         <kind>object</kind>
         <file>tm4c123gh6pm_startup_ccs.obj</file>
         <name>tm4c123gh6pm_startup_ccs.obj</name>
      </input_file>
      <input_file id="fl-8">
         <kind>object</kind>
         <file>&lt;internal&gt;</file>
         <name>&lt;internal&gt;</name>
      </input_file>
      <input_file id="fl-9">
         <path>C:\ti\TivaWare_C_Series-1.1\driverlib\ccs\Debug\</path>
         <kind>archive</kind>
         <file>driverlib.lib</file>
         <name>sysctl.obj</name>
      </input_file>
      <input_file id="fl-a">
         <path>C:\ti\TivaWare_C_Series-1.1\driverlib\ccs\Debug\</path>
         <kind>archive</kind>
         <file>driverlib.lib</file>
         <name>interrupt.obj</name>
      </input_file>
      <input_file id="fl-b">
         <path>C:\ti\TivaWare_C_Series-1.1\driverlib\ccs\Debug\</path>
         <kind>archive</kind>
         <file>driverlib.lib</file>
         <name>gpio.obj</name>
      </input_file>
      <input_file id="fl-c">
         <path>C:\ti\TivaWare_C_Series-1.1\driverlib\ccs\Debug\</path>
         <kind>archive</kind>
         <file>driverlib.lib</file>
         <name>cpu.obj</name>
      </input_file>
      <input_file id="fl-c2">
         <path>C:\ti\ccs1250\ccs\tools\compiler\ti-cgt-arm_20.2.7.LTS\lib\</path>
         <kind>archive</kind>
         <file>rtsv7M4_T_le_v4SPD16_eabi.lib</file>
         <name>copy_zero_init.c.obj</name>
      </input_file>
      <input_file id="fl-c3">
         <path>C:\ti\ccs1250\ccs\tools\compiler\ti-cgt-arm_20.2.7.LTS\lib\</path>
         <kind>archive</kind>
         <file>rtsv7M4_T_le_v4SPD16_eabi.lib</file>
         <name>copy_decompress_none.c.obj</name>
      </input_file>
      <input_file id="fl-c4">
         <path>C:\ti\ccs1250\ccs\tools\compiler\ti-cgt-arm_20.2.7.LTS\lib\</path>
         <kind>archive</kind>
         <file>rtsv7M4_T_le_v4SPD16_eabi.lib</file>
         <name>copy_decompress_lzss.c.obj</name>
      </input_file>
      <input_file id="fl-c5">
         <path>C:\ti\ccs1250\ccs\tools\compiler\ti-cgt-arm_20.2.7.LTS\lib\</path>
         <kind>archive</kind>
         <file>rtsv7M4_T_le_v4SPD16_eabi.lib</file>
         <name>boot_cortex_m.c.obj</name>
      </input_file>
      <input_file id="fl-c6">
         <path>C:\ti\ccs1250\ccs\tools\compiler\ti-cgt-arm_20.2.7.LTS\lib\</path>
         <kind>archive</kind>
         <file>rtsv7M4_T_le_v4SPD16_eabi.lib</file>
         <name>memcpy_t2.asm.obj</name>
      </input_file>
      <input_file id="fl-c7">
         <path>C:\ti\ccs1250\ccs\tools\compiler\ti-cgt-arm_20.2.7.LTS\lib\</path>
         <kind>archive</kind>
         <file>rtsv7M4_T_le_v4SPD16_eabi.lib</file>
         <name>memset_t2.asm.obj</name>
      </input_file>
      <input_file id="fl-c8">
         <path>C:\ti\ccs1250\ccs\tools\compiler\ti-cgt-arm_20.2.7.LTS\lib\</path>
         <kind>archive</kind>
         <file>rtsv7M4_T_le_v4SPD16_eabi.lib</file>
         <name>autoinit.c.obj</name>
      </input_file>
      <input_file id="fl-c9">
         <path>C:\ti\ccs1250\ccs\tools\compiler\ti-cgt-arm_20.2.7.LTS\lib\</path>
         <kind>archive</kind>
         <file>rtsv7M4_T_le_v4SPD16_eabi.lib</file>
         <name>pre_init.c.obj</name>
      </input_file>
      <input_file id="fl-ca">
         <path>C:\ti\ccs1250\ccs\tools\compiler\ti-cgt-arm_20.2.7.LTS\lib\</path>
         <kind>archive</kind>
         <file>rtsv7M4_T_le_v4SPD16_eabi.lib</file>
         <name>cpy_tbl.c.obj</name>
      </input_file>
      <input_file id="fl-cb">
         <path>C:\ti\ccs1250\ccs\tools\compiler\ti-cgt-arm_20.2.7.LTS\lib\</path>
         <kind>archive</kind>
         <file>rtsv7M4_T_le_v4SPD16_eabi.lib</file>
         <name>exit.c.obj</name>
      </input_file>
      <input_file id="fl-cc">
         <path>C:\ti\ccs1250\ccs\tools\compiler\ti-cgt-arm_20.2.7.LTS\lib\</path>
         <kind>archive</kind>
         <file>rtsv7M4_T_le_v4SPD16_eabi.lib</file>
         <name>_lock.c.obj</name>
      </input_file>
      <input_file id="fl-cd">
         <path>C:\ti\ccs1250\ccs\tools\compiler\ti-cgt-arm_20.2.7.LTS\lib\</path>
         <kind>archive</kind>
         <file>rtsv7M4_T_le_v4SPD16_eabi.lib</file>
         <name>args_main.c.obj</name>
      </input_file>
   </input_file_list>
   <object_component_list>
      <object_component id="oc-12">
         <name>.intvecs</name>
         <load_address>0x0</load_address>
         <run_address>0x0</run_address>
         <size>0x26c</size>
         <input_file_ref idref="fl-3"/>
      </object_component>
      <object_component id="oc-74">
         <name>.text:SysCtlClockSet</name>
         <load_address>0x26c</load_address>
         <run_address>0x26c</run_address>
         <size>0x104</size>
         <input_file_ref idref="fl-9"/>
      </object_component>
      <object_component id="oc-2d">
         <name>.text</name>
         <load_address>0x370</load_address>
         <run_address>0x370</run_address>
         <size>0xf4</size>
         <input_file_ref idref="fl-2"/>
      </object_component>
      <object_component id="oc-8c">
         <name>.text:GPIOPadConfigSet</name>
         <load_address>0x464</load_address>
         <run_address>0x464</run_address>
         <size>0xb8</size>
         <input_file_ref idref="fl-b"/>
      </object_component>
      <object_component id="oc-aa">
         <name>.text:IntEnable</name>
         <load_address>0x51c</load_address>
         <run_address>0x51c</run_address>
         <size>0x60</size>
         <input_file_ref idref="fl-a"/>
      </object_component>
      <object_component id="oc-98">
         <name>.text:GPIOIntTypeSet</name>
         <load_address>0x57c</load_address>
         <run_address>0x57c</run_address>
         <size>0x56</size>
         <input_file_ref idref="fl-b"/>
      </object_component>
      <object_component id="oc-163">
         <name>.text:__TI_auto_init_nobinit_nopinit:__TI_auto_init_nobinit_nopinit</name>
         <load_address>0x5d4</load_address>
         <run_address>0x5d4</run_address>
         <size>0x44</size>
         <input_file_ref idref="fl-c8"/>
      </object_component>
      <object_component id="oc-120">
         <name>.text:IntRegister</name>
         <load_address>0x618</load_address>
         <run_address>0x618</run_address>
         <size>0x34</size>
         <input_file_ref idref="fl-a"/>
      </object_component>
      <object_component id="oc-7a">
         <name>.text:SysCtlPeripheralEnable</name>
         <load_address>0x64c</load_address>
         <run_address>0x64c</run_address>
         <size>0x34</size>
         <input_file_ref idref="fl-9"/>
      </object_component>
      <object_component id="oc-5f">
         <name>.text:_c_int00_noargs:_c_int00_noargs</name>
         <load_address>0x680</load_address>
         <run_address>0x680</run_address>
         <size>0x34</size>
         <input_file_ref idref="fl-c5"/>
      </object_component>
      <object_component id="oc-110">
         <name>.text:GPIODirModeSet</name>
         <load_address>0x6b4</load_address>
         <run_address>0x6b4</run_address>
         <size>0x2a</size>
         <input_file_ref idref="fl-b"/>
      </object_component>
      <object_component id="oc-9e">
         <name>.text:IntPrioritySet</name>
         <load_address>0x6e0</load_address>
         <run_address>0x6e0</run_address>
         <size>0x24</size>
         <input_file_ref idref="fl-a"/>
      </object_component>
      <object_component id="oc-11a">
         <name>.text:_GPIOIntNumberGet</name>
         <load_address>0x704</load_address>
         <run_address>0x704</run_address>
         <size>0x1c</size>
         <input_file_ref idref="fl-b"/>
      </object_component>
      <object_component id="oc-4d">
         <name>.text:decompress:ZI:__TI_zero_init_nomemset:__TI_zero_init_nomemset</name>
         <load_address>0x720</load_address>
         <run_address>0x720</run_address>
         <size>0x1c</size>
         <input_file_ref idref="fl-c2"/>
      </object_component>
      <object_component id="oc-92">
         <name>.text:GPIOIntRegister</name>
         <load_address>0x73c</load_address>
         <run_address>0x73c</run_address>
         <size>0x18</size>
         <input_file_ref idref="fl-b"/>
      </object_component>
      <object_component id="oc-86">
         <name>.text:GPIOPinTypeGPIOInput</name>
         <load_address>0x754</load_address>
         <run_address>0x754</run_address>
         <size>0x12</size>
         <input_file_ref idref="fl-b"/>
      </object_component>
      <object_component id="oc-80">
         <name>.text:GPIOPinTypeGPIOOutput</name>
         <load_address>0x766</load_address>
         <run_address>0x766</run_address>
         <size>0x12</size>
         <input_file_ref idref="fl-b"/>
      </object_component>
      <object_component id="oc-132">
         <name>.text:CPUcpsie</name>
         <load_address>0x778</load_address>
         <run_address>0x778</run_address>
         <size>0xc</size>
         <input_file_ref idref="fl-c"/>
      </object_component>
      <object_component id="oc-a4">
         <name>.text:GPIOIntEnable</name>
         <load_address>0x784</load_address>
         <run_address>0x784</run_address>
         <size>0xc</size>
         <input_file_ref idref="fl-b"/>
      </object_component>
      <object_component id="oc-27">
         <name>.text</name>
         <load_address>0x790</load_address>
         <run_address>0x790</run_address>
         <size>0xc</size>
         <input_file_ref idref="fl-3"/>
      </object_component>
      <object_component id="oc-b0">
         <name>.text:IntMasterEnable</name>
         <load_address>0x79c</load_address>
         <run_address>0x79c</run_address>
         <size>0xa</size>
         <input_file_ref idref="fl-a"/>
      </object_component>
      <object_component id="oc-b7">
         <name>.text:GPIOIntClear</name>
         <load_address>0x7a6</load_address>
         <run_address>0x7a6</run_address>
         <size>0x6</size>
         <input_file_ref idref="fl-b"/>
      </object_component>
      <object_component id="oc-bd">
         <name>.text:GPIOPinRead</name>
         <load_address>0x7ac</load_address>
         <run_address>0x7ac</run_address>
         <size>0x6</size>
         <input_file_ref idref="fl-b"/>
      </object_component>
      <object_component id="oc-c3">
         <name>.text:GPIOPinWrite</name>
         <load_address>0x7b2</load_address>
         <run_address>0x7b2</run_address>
         <size>0x6</size>
         <input_file_ref idref="fl-b"/>
      </object_component>
      <object_component id="oc-b6">
         <name>.text:SysCtlDelay</name>
         <load_address>0x7b8</load_address>
         <run_address>0x7b8</run_address>
         <size>0x6</size>
         <input_file_ref idref="fl-9"/>
      </object_component>
      <object_component id="oc-f6">
         <name>.text:_system_pre_init</name>
         <load_address>0x7be</load_address>
         <run_address>0x7be</run_address>
         <size>0x4</size>
         <input_file_ref idref="fl-c9"/>
      </object_component>
      <object_component id="oc-157">
         <name>.text:abort:abort</name>
         <load_address>0x7c2</load_address>
         <run_address>0x7c2</run_address>
         <size>0x4</size>
         <input_file_ref idref="fl-cb"/>
      </object_component>
      <object_component id="oc-19a">
         <name>.const:g_ppui32GPIOIntMapBlizzard</name>
         <load_address>0x7c8</load_address>
         <run_address>0x7c8</run_address>
         <size>0xc0</size>
         <input_file_ref idref="fl-b"/>
      </object_component>
      <object_component id="oc-128">
         <name>.const:g_pui32Regs</name>
         <load_address>0x888</load_address>
         <run_address>0x888</run_address>
         <size>0x9c</size>
         <input_file_ref idref="fl-a"/>
      </object_component>
      <object_component id="oc-12e">
         <name>.const</name>
         <load_address>0x924</load_address>
         <run_address>0x924</run_address>
         <size>0x70</size>
         <input_file_ref idref="fl-a"/>
      </object_component>
      <object_component id="oc-22a">
         <name>.cinit..vtable.load</name>
         <load_address>0x998</load_address>
         <run_address>0x998</run_address>
         <size>0x8</size>
      </object_component>
      <object_component id="oc-228">
         <name>__TI_handler_table</name>
         <load_address>0x9a0</load_address>
         <run_address>0x9a0</run_address>
         <size>0x4</size>
      </object_component>
      <object_component id="oc-229">
         <name>__TI_cinit_table</name>
         <load_address>0x9a4</load_address>
         <run_address>0x9a4</run_address>
         <size>0x8</size>
      </object_component>
      <object_component id="oc-19e">
         <name>.vtable</name>
         <uninitialized>true</uninitialized>
         <run_address>0x20000000</run_address>
         <size>0x26c</size>
         <input_file_ref idref="fl-a"/>
      </object_component>
      <object_component id="oc-24">
         <name>.stack</name>
         <uninitialized>true</uninitialized>
         <run_address>0x20000270</run_address>
         <size>0x4</size>
         <input_file_ref idref="fl-c5"/>
      </object_component>
      <object_component id="oc-22c">
         <name>.stack</name>
         <uninitialized>true</uninitialized>
         <run_address>0x20000270</run_address>
         <size>0x0</size>
      </object_component>
      <object_component id="oc-146">
         <name>.debug_info</name>
         <load_address>0x0</load_address>
         <run_address>0x0</run_address>
         <size>0x565</size>
         <input_file_ref idref="fl-2"/>
      </object_component>
      <object_component id="oc-31">
         <name>.debug_info</name>
         <load_address>0x565</load_address>
         <run_address>0x565</run_address>
         <size>0x2f3</size>
         <input_file_ref idref="fl-2"/>
      </object_component>
      <object_component id="oc-d1">
         <name>.debug_info</name>
         <load_address>0x858</load_address>
         <run_address>0x858</run_address>
         <size>0x26b</size>
         <input_file_ref idref="fl-2"/>
      </object_component>
      <object_component id="oc-ca">
         <name>.debug_info</name>
         <load_address>0xac3</load_address>
         <run_address>0xac3</run_address>
         <size>0x8b</size>
         <input_file_ref idref="fl-2"/>
      </object_component>
      <object_component id="oc-141">
         <name>.debug_info</name>
         <load_address>0xb4e</load_address>
         <run_address>0xb4e</run_address>
         <size>0x2a4</size>
         <input_file_ref idref="fl-2"/>
      </object_component>
      <object_component id="oc-d6">
         <name>.debug_info</name>
         <load_address>0xdf2</load_address>
         <run_address>0xdf2</run_address>
         <size>0xbb</size>
         <input_file_ref idref="fl-2"/>
      </object_component>
      <object_component id="oc-35">
         <name>.debug_info</name>
         <load_address>0xead</load_address>
         <run_address>0xead</run_address>
         <size>0x2d2</size>
         <input_file_ref idref="fl-3"/>
      </object_component>
      <object_component id="oc-13">
         <name>.debug_info</name>
         <load_address>0x117f</load_address>
         <run_address>0x117f</run_address>
         <size>0xe3</size>
         <input_file_ref idref="fl-3"/>
      </object_component>
      <object_component id="oc-2b">
         <name>.debug_info</name>
         <load_address>0x1262</load_address>
         <run_address>0x1262</run_address>
         <size>0x25f</size>
         <input_file_ref idref="fl-3"/>
      </object_component>
      <object_component id="oc-3c">
         <name>.debug_info</name>
         <load_address>0x14c1</load_address>
         <run_address>0x14c1</run_address>
         <size>0x84</size>
         <input_file_ref idref="fl-3"/>
      </object_component>
      <object_component id="oc-10e">
         <name>.debug_info</name>
         <load_address>0x1545</load_address>
         <run_address>0x1545</run_address>
         <size>0x1e2</size>
         <input_file_ref idref="fl-9"/>
      </object_component>
      <object_component id="oc-7b">
         <name>.debug_info</name>
         <load_address>0x1727</load_address>
         <run_address>0x1727</run_address>
         <size>0x1e1</size>
         <input_file_ref idref="fl-9"/>
      </object_component>
      <object_component id="oc-75">
         <name>.debug_info</name>
         <load_address>0x1908</load_address>
         <run_address>0x1908</run_address>
         <size>0x2d4</size>
         <input_file_ref idref="fl-9"/>
      </object_component>
      <object_component id="oc-139">
         <name>.debug_info</name>
         <load_address>0x1bdc</load_address>
         <run_address>0x1bdc</run_address>
         <size>0x90</size>
         <input_file_ref idref="fl-9"/>
      </object_component>
      <object_component id="oc-109">
         <name>.debug_info</name>
         <load_address>0x1c6c</load_address>
         <run_address>0x1c6c</run_address>
         <size>0x18b</size>
         <input_file_ref idref="fl-9"/>
      </object_component>
      <object_component id="oc-12c">
         <name>.debug_info</name>
         <load_address>0x1df7</load_address>
         <run_address>0x1df7</run_address>
         <size>0x1ba</size>
         <input_file_ref idref="fl-a"/>
      </object_component>
      <object_component id="oc-12f">
         <name>.debug_info</name>
         <load_address>0x1fb1</load_address>
         <run_address>0x1fb1</run_address>
         <size>0x1c2</size>
         <input_file_ref idref="fl-a"/>
      </object_component>
      <object_component id="oc-129">
         <name>.debug_info</name>
         <load_address>0x2173</load_address>
         <run_address>0x2173</run_address>
         <size>0x100</size>
         <input_file_ref idref="fl-a"/>
      </object_component>
      <object_component id="oc-19f">
         <name>.debug_info</name>
         <load_address>0x2273</load_address>
         <run_address>0x2273</run_address>
         <size>0x109</size>
         <input_file_ref idref="fl-a"/>
      </object_component>
      <object_component id="oc-122">
         <name>.debug_info</name>
         <load_address>0x237c</load_address>
         <run_address>0x237c</run_address>
         <size>0x2b0</size>
         <input_file_ref idref="fl-a"/>
      </object_component>
      <object_component id="oc-a1">
         <name>.debug_info</name>
         <load_address>0x262c</load_address>
         <run_address>0x262c</run_address>
         <size>0x22d</size>
         <input_file_ref idref="fl-a"/>
      </object_component>
      <object_component id="oc-b3">
         <name>.debug_info</name>
         <load_address>0x2859</load_address>
         <run_address>0x2859</run_address>
         <size>0x1a2</size>
         <input_file_ref idref="fl-a"/>
      </object_component>
      <object_component id="oc-ab">
         <name>.debug_info</name>
         <load_address>0x29fb</load_address>
         <run_address>0x29fb</run_address>
         <size>0x1cc</size>
         <input_file_ref idref="fl-a"/>
      </object_component>
      <object_component id="oc-119">
         <name>.debug_info</name>
         <load_address>0x2bc7</load_address>
         <run_address>0x2bc7</run_address>
         <size>0x1d1</size>
         <input_file_ref idref="fl-b"/>
      </object_component>
      <object_component id="oc-19b">
         <name>.debug_info</name>
         <load_address>0x2d98</load_address>
         <run_address>0x2d98</run_address>
         <size>0x119</size>
         <input_file_ref idref="fl-b"/>
      </object_component>
      <object_component id="oc-c5">
         <name>.debug_info</name>
         <load_address>0x2eb1</load_address>
         <run_address>0x2eb1</run_address>
         <size>0x207</size>
         <input_file_ref idref="fl-b"/>
      </object_component>
      <object_component id="oc-112">
         <name>.debug_info</name>
         <load_address>0x30b8</load_address>
         <run_address>0x30b8</run_address>
         <size>0x215</size>
         <input_file_ref idref="fl-b"/>
      </object_component>
      <object_component id="oc-8e">
         <name>.debug_info</name>
         <load_address>0x32cd</load_address>
         <run_address>0x32cd</run_address>
         <size>0x265</size>
         <input_file_ref idref="fl-b"/>
      </object_component>
      <object_component id="oc-82">
         <name>.debug_info</name>
         <load_address>0x3532</load_address>
         <run_address>0x3532</run_address>
         <size>0x1eb</size>
         <input_file_ref idref="fl-b"/>
      </object_component>
      <object_component id="oc-88">
         <name>.debug_info</name>
         <load_address>0x371d</load_address>
         <run_address>0x371d</run_address>
         <size>0x1e9</size>
         <input_file_ref idref="fl-b"/>
      </object_component>
      <object_component id="oc-bf">
         <name>.debug_info</name>
         <load_address>0x3906</load_address>
         <run_address>0x3906</run_address>
         <size>0x1df</size>
         <input_file_ref idref="fl-b"/>
      </object_component>
      <object_component id="oc-11c">
         <name>.debug_info</name>
         <load_address>0x3ae5</load_address>
         <run_address>0x3ae5</run_address>
         <size>0x246</size>
         <input_file_ref idref="fl-b"/>
      </object_component>
      <object_component id="oc-9a">
         <name>.debug_info</name>
         <load_address>0x3d2b</load_address>
         <run_address>0x3d2b</run_address>
         <size>0x21f</size>
         <input_file_ref idref="fl-b"/>
      </object_component>
      <object_component id="oc-94">
         <name>.debug_info</name>
         <load_address>0x3f4a</load_address>
         <run_address>0x3f4a</run_address>
         <size>0x1f9</size>
         <input_file_ref idref="fl-b"/>
      </object_component>
      <object_component id="oc-a6">
         <name>.debug_info</name>
         <load_address>0x4143</load_address>
         <run_address>0x4143</run_address>
         <size>0x1f3</size>
         <input_file_ref idref="fl-b"/>
      </object_component>
      <object_component id="oc-b9">
         <name>.debug_info</name>
         <load_address>0x4336</load_address>
         <run_address>0x4336</run_address>
         <size>0x1f1</size>
         <input_file_ref idref="fl-b"/>
      </object_component>
      <object_component id="oc-133">
         <name>.debug_info</name>
         <load_address>0x4527</load_address>
         <run_address>0x4527</run_address>
         <size>0x176</size>
         <input_file_ref idref="fl-c"/>
      </object_component>
      <object_component id="oc-ef">
         <name>.debug_info</name>
         <load_address>0x469d</load_address>
         <run_address>0x469d</run_address>
         <size>0x2d4</size>
         <input_file_ref idref="fl-c2"/>
      </object_component>
      <object_component id="oc-4f">
         <name>.debug_info</name>
         <load_address>0x4971</load_address>
         <run_address>0x4971</run_address>
         <size>0x1d2</size>
         <input_file_ref idref="fl-c2"/>
      </object_component>
      <object_component id="oc-ea">
         <name>.debug_info</name>
         <load_address>0x4b43</load_address>
         <run_address>0x4b43</run_address>
         <size>0x46</size>
         <input_file_ref idref="fl-c2"/>
      </object_component>
      <object_component id="oc-14e">
         <name>.debug_info</name>
         <load_address>0x4b89</load_address>
         <run_address>0x4b89</run_address>
         <size>0x2c</size>
         <input_file_ref idref="fl-c2"/>
      </object_component>
      <object_component id="oc-25">
         <name>.debug_info</name>
         <load_address>0x4bb5</load_address>
         <run_address>0x4bb5</run_address>
         <size>0x10b</size>
         <input_file_ref idref="fl-c5"/>
      </object_component>
      <object_component id="oc-60">
         <name>.debug_info</name>
         <load_address>0x4cc0</load_address>
         <run_address>0x4cc0</run_address>
         <size>0x1a9</size>
         <input_file_ref idref="fl-c5"/>
      </object_component>
      <object_component id="oc-1b6">
         <name>.debug_info</name>
         <load_address>0x4e69</load_address>
         <run_address>0x4e69</run_address>
         <size>0x4b3</size>
         <input_file_ref idref="fl-c8"/>
      </object_component>
      <object_component id="oc-165">
         <name>.debug_info</name>
         <load_address>0x531c</load_address>
         <run_address>0x531c</run_address>
         <size>0x1a6</size>
         <input_file_ref idref="fl-c8"/>
      </object_component>
      <object_component id="oc-1df">
         <name>.debug_info</name>
         <load_address>0x54c2</load_address>
         <run_address>0x54c2</run_address>
         <size>0x39</size>
         <input_file_ref idref="fl-c8"/>
      </object_component>
      <object_component id="oc-1f3">
         <name>.debug_info</name>
         <load_address>0x54fb</load_address>
         <run_address>0x54fb</run_address>
         <size>0x39</size>
         <input_file_ref idref="fl-c8"/>
      </object_component>
      <object_component id="oc-1e4">
         <name>.debug_info</name>
         <load_address>0x5534</load_address>
         <run_address>0x5534</run_address>
         <size>0x39</size>
         <input_file_ref idref="fl-c8"/>
      </object_component>
      <object_component id="oc-1e9">
         <name>.debug_info</name>
         <load_address>0x556d</load_address>
         <run_address>0x556d</run_address>
         <size>0xcd</size>
         <input_file_ref idref="fl-c8"/>
      </object_component>
      <object_component id="oc-fa">
         <name>.debug_info</name>
         <load_address>0x563a</load_address>
         <run_address>0x563a</run_address>
         <size>0x153</size>
         <input_file_ref idref="fl-c9"/>
      </object_component>
      <object_component id="oc-15b">
         <name>.debug_info</name>
         <load_address>0x578d</load_address>
         <run_address>0x578d</run_address>
         <size>0x122</size>
         <input_file_ref idref="fl-cb"/>
      </object_component>
      <object_component id="oc-22d">
         <name>.debug_info</name>
         <load_address>0x58af</load_address>
         <run_address>0x58af</run_address>
         <size>0x96</size>
      </object_component>
      <object_component id="oc-1aa">
         <name>.debug_line</name>
         <load_address>0x0</load_address>
         <run_address>0x0</run_address>
         <size>0xb7</size>
         <input_file_ref idref="fl-2"/>
      </object_component>
      <object_component id="oc-2f">
         <name>.debug_line</name>
         <load_address>0xb7</load_address>
         <run_address>0xb7</run_address>
         <size>0x80</size>
         <input_file_ref idref="fl-2"/>
      </object_component>
      <object_component id="oc-d4">
         <name>.debug_line</name>
         <load_address>0x137</load_address>
         <run_address>0x137</run_address>
         <size>0x6f</size>
         <input_file_ref idref="fl-2"/>
      </object_component>
      <object_component id="oc-cd">
         <name>.debug_line</name>
         <load_address>0x1a6</load_address>
         <run_address>0x1a6</run_address>
         <size>0x20</size>
         <input_file_ref idref="fl-2"/>
      </object_component>
      <object_component id="oc-144">
         <name>.debug_line</name>
         <load_address>0x1c6</load_address>
         <run_address>0x1c6</run_address>
         <size>0x73</size>
         <input_file_ref idref="fl-2"/>
      </object_component>
      <object_component id="oc-d9">
         <name>.debug_line</name>
         <load_address>0x239</load_address>
         <run_address>0x239</run_address>
         <size>0x70</size>
         <input_file_ref idref="fl-2"/>
      </object_component>
      <object_component id="oc-d0">
         <name>.debug_line</name>
         <load_address>0x2a9</load_address>
         <run_address>0x2a9</run_address>
         <size>0x41</size>
         <input_file_ref idref="fl-3"/>
      </object_component>
      <object_component id="oc-34">
         <name>.debug_line</name>
         <load_address>0x2ea</load_address>
         <run_address>0x2ea</run_address>
         <size>0x41</size>
         <input_file_ref idref="fl-3"/>
      </object_component>
      <object_component id="oc-28">
         <name>.debug_line</name>
         <load_address>0x32b</load_address>
         <run_address>0x32b</run_address>
         <size>0xa1</size>
         <input_file_ref idref="fl-3"/>
      </object_component>
      <object_component id="oc-3f">
         <name>.debug_line</name>
         <load_address>0x3cc</load_address>
         <run_address>0x3cc</run_address>
         <size>0x20</size>
         <input_file_ref idref="fl-3"/>
      </object_component>
      <object_component id="oc-196">
         <name>.debug_line</name>
         <load_address>0x3ec</load_address>
         <run_address>0x3ec</run_address>
         <size>0xc8</size>
         <input_file_ref idref="fl-9"/>
      </object_component>
      <object_component id="oc-7e">
         <name>.debug_line</name>
         <load_address>0x4b4</load_address>
         <run_address>0x4b4</run_address>
         <size>0x6d</size>
         <input_file_ref idref="fl-9"/>
      </object_component>
      <object_component id="oc-78">
         <name>.debug_line</name>
         <load_address>0x521</load_address>
         <run_address>0x521</run_address>
         <size>0xd2</size>
         <input_file_ref idref="fl-9"/>
      </object_component>
      <object_component id="oc-13c">
         <name>.debug_line</name>
         <load_address>0x5f3</load_address>
         <run_address>0x5f3</run_address>
         <size>0x20</size>
         <input_file_ref idref="fl-9"/>
      </object_component>
      <object_component id="oc-10c">
         <name>.debug_line</name>
         <load_address>0x613</load_address>
         <run_address>0x613</run_address>
         <size>0x5e</size>
         <input_file_ref idref="fl-9"/>
      </object_component>
      <object_component id="oc-1a5">
         <name>.debug_line</name>
         <load_address>0x671</load_address>
         <run_address>0x671</run_address>
         <size>0x55</size>
         <input_file_ref idref="fl-a"/>
      </object_component>
      <object_component id="oc-1a7">
         <name>.debug_line</name>
         <load_address>0x6c6</load_address>
         <run_address>0x6c6</run_address>
         <size>0x5b</size>
         <input_file_ref idref="fl-a"/>
      </object_component>
      <object_component id="oc-1a3">
         <name>.debug_line</name>
         <load_address>0x721</load_address>
         <run_address>0x721</run_address>
         <size>0x5b</size>
         <input_file_ref idref="fl-a"/>
      </object_component>
      <object_component id="oc-1ce">
         <name>.debug_line</name>
         <load_address>0x77c</load_address>
         <run_address>0x77c</run_address>
         <size>0x5b</size>
         <input_file_ref idref="fl-a"/>
      </object_component>
      <object_component id="oc-121">
         <name>.debug_line</name>
         <load_address>0x7d7</load_address>
         <run_address>0x7d7</run_address>
         <size>0x88</size>
         <input_file_ref idref="fl-a"/>
      </object_component>
      <object_component id="oc-9f">
         <name>.debug_line</name>
         <load_address>0x85f</load_address>
         <run_address>0x85f</run_address>
         <size>0x72</size>
         <input_file_ref idref="fl-a"/>
      </object_component>
      <object_component id="oc-b2">
         <name>.debug_line</name>
         <load_address>0x8d1</load_address>
         <run_address>0x8d1</run_address>
         <size>0x70</size>
         <input_file_ref idref="fl-a"/>
      </object_component>
      <object_component id="oc-af">
         <name>.debug_line</name>
         <load_address>0x941</load_address>
         <run_address>0x941</run_address>
         <size>0x99</size>
         <input_file_ref idref="fl-a"/>
      </object_component>
      <object_component id="oc-199">
         <name>.debug_line</name>
         <load_address>0x9da</load_address>
         <run_address>0x9da</run_address>
         <size>0x5b</size>
         <input_file_ref idref="fl-b"/>
      </object_component>
      <object_component id="oc-1cc">
         <name>.debug_line</name>
         <load_address>0xa35</load_address>
         <run_address>0xa35</run_address>
         <size>0x56</size>
         <input_file_ref idref="fl-b"/>
      </object_component>
      <object_component id="oc-c4">
         <name>.debug_line</name>
         <load_address>0xa8b</load_address>
         <run_address>0xa8b</run_address>
         <size>0x6b</size>
         <input_file_ref idref="fl-b"/>
      </object_component>
      <object_component id="oc-111">
         <name>.debug_line</name>
         <load_address>0xaf6</load_address>
         <run_address>0xaf6</run_address>
         <size>0x6e</size>
         <input_file_ref idref="fl-b"/>
      </object_component>
      <object_component id="oc-8d">
         <name>.debug_line</name>
         <load_address>0xb64</load_address>
         <run_address>0xb64</run_address>
         <size>0x85</size>
         <input_file_ref idref="fl-b"/>
      </object_component>
      <object_component id="oc-81">
         <name>.debug_line</name>
         <load_address>0xbe9</load_address>
         <run_address>0xbe9</run_address>
         <size>0x6c</size>
         <input_file_ref idref="fl-b"/>
      </object_component>
      <object_component id="oc-87">
         <name>.debug_line</name>
         <load_address>0xc55</load_address>
         <run_address>0xc55</run_address>
         <size>0x6c</size>
         <input_file_ref idref="fl-b"/>
      </object_component>
      <object_component id="oc-be">
         <name>.debug_line</name>
         <load_address>0xcc1</load_address>
         <run_address>0xcc1</run_address>
         <size>0x6b</size>
         <input_file_ref idref="fl-b"/>
      </object_component>
      <object_component id="oc-11b">
         <name>.debug_line</name>
         <load_address>0xd2c</load_address>
         <run_address>0xd2c</run_address>
         <size>0x7a</size>
         <input_file_ref idref="fl-b"/>
      </object_component>
      <object_component id="oc-99">
         <name>.debug_line</name>
         <load_address>0xda6</load_address>
         <run_address>0xda6</run_address>
         <size>0x72</size>
         <input_file_ref idref="fl-b"/>
      </object_component>
      <object_component id="oc-93">
         <name>.debug_line</name>
         <load_address>0xe18</load_address>
         <run_address>0xe18</run_address>
         <size>0x6d</size>
         <input_file_ref idref="fl-b"/>
      </object_component>
      <object_component id="oc-a5">
         <name>.debug_line</name>
         <load_address>0xe85</load_address>
         <run_address>0xe85</run_address>
         <size>0x6b</size>
         <input_file_ref idref="fl-b"/>
      </object_component>
      <object_component id="oc-b8">
         <name>.debug_line</name>
         <load_address>0xef0</load_address>
         <run_address>0xef0</run_address>
         <size>0x6b</size>
         <input_file_ref idref="fl-b"/>
      </object_component>
      <object_component id="oc-136">
         <name>.debug_line</name>
         <load_address>0xf5b</load_address>
         <run_address>0xf5b</run_address>
         <size>0x6a</size>
         <input_file_ref idref="fl-c"/>
      </object_component>
      <object_component id="oc-154">
         <name>.debug_line</name>
         <load_address>0xfc5</load_address>
         <run_address>0xfc5</run_address>
         <size>0x92</size>
         <input_file_ref idref="fl-c2"/>
      </object_component>
      <object_component id="oc-52">
         <name>.debug_line</name>
         <load_address>0x1057</load_address>
         <run_address>0x1057</run_address>
         <size>0x4c</size>
         <input_file_ref idref="fl-c2"/>
      </object_component>
      <object_component id="oc-ed">
         <name>.debug_line</name>
         <load_address>0x10a3</load_address>
         <run_address>0x10a3</run_address>
         <size>0x34</size>
         <input_file_ref idref="fl-c2"/>
      </object_component>
      <object_component id="oc-151">
         <name>.debug_line</name>
         <load_address>0x10d7</load_address>
         <run_address>0x10d7</run_address>
         <size>0x92</size>
         <input_file_ref idref="fl-c2"/>
      </object_component>
      <object_component id="oc-72">
         <name>.debug_line</name>
         <load_address>0x1169</load_address>
         <run_address>0x1169</run_address>
         <size>0x33</size>
         <input_file_ref idref="fl-c5"/>
      </object_component>
      <object_component id="oc-63">
         <name>.debug_line</name>
         <load_address>0x119c</load_address>
         <run_address>0x119c</run_address>
         <size>0x45</size>
         <input_file_ref idref="fl-c5"/>
      </object_component>
      <object_component id="oc-1de">
         <name>.debug_line</name>
         <load_address>0x11e1</load_address>
         <run_address>0x11e1</run_address>
         <size>0xbf</size>
         <input_file_ref idref="fl-c8"/>
      </object_component>
      <object_component id="oc-168">
         <name>.debug_line</name>
         <load_address>0x12a0</load_address>
         <run_address>0x12a0</run_address>
         <size>0x6f</size>
         <input_file_ref idref="fl-c8"/>
      </object_component>
      <object_component id="oc-1e2">
         <name>.debug_line</name>
         <load_address>0x130f</load_address>
         <run_address>0x130f</run_address>
         <size>0x2e</size>
         <input_file_ref idref="fl-c8"/>
      </object_component>
      <object_component id="oc-1f6">
         <name>.debug_line</name>
         <load_address>0x133d</load_address>
         <run_address>0x133d</run_address>
         <size>0x9a</size>
         <input_file_ref idref="fl-c8"/>
      </object_component>
      <object_component id="oc-1e7">
         <name>.debug_line</name>
         <load_address>0x13d7</load_address>
         <run_address>0x13d7</run_address>
         <size>0x97</size>
         <input_file_ref idref="fl-c8"/>
      </object_component>
      <object_component id="oc-1ec">
         <name>.debug_line</name>
         <load_address>0x146e</load_address>
         <run_address>0x146e</run_address>
         <size>0x93</size>
         <input_file_ref idref="fl-c8"/>
      </object_component>
      <object_component id="oc-f8">
         <name>.debug_line</name>
         <load_address>0x1501</load_address>
         <run_address>0x1501</run_address>
         <size>0x40</size>
         <input_file_ref idref="fl-c9"/>
      </object_component>
      <object_component id="oc-15a">
         <name>.debug_line</name>
         <load_address>0x1541</load_address>
         <run_address>0x1541</run_address>
         <size>0x3c</size>
         <input_file_ref idref="fl-cb"/>
      </object_component>
      <object_component id="oc-30">
         <name>.debug_frame</name>
         <load_address>0x0</load_address>
         <run_address>0x0</run_address>
         <size>0x70</size>
         <input_file_ref idref="fl-2"/>
      </object_component>
      <object_component id="oc-29">
         <name>.debug_frame</name>
         <load_address>0x70</load_address>
         <run_address>0x70</run_address>
         <size>0x90</size>
         <input_file_ref idref="fl-3"/>
      </object_component>
      <object_component id="oc-7f">
         <name>.debug_frame</name>
         <load_address>0x2a8</load_address>
         <run_address>0x2a8</run_address>
         <size>0x7f</size>
         <input_file_ref idref="fl-9"/>
      </object_component>
      <object_component id="oc-79">
         <name>.debug_frame</name>
         <load_address>0x327</load_address>
         <run_address>0x327</run_address>
         <size>0x90</size>
         <input_file_ref idref="fl-9"/>
      </object_component>
      <object_component id="oc-125">
         <name>.debug_frame</name>
         <load_address>0x3b7</load_address>
         <run_address>0x3b7</run_address>
         <size>0x8f</size>
         <input_file_ref idref="fl-a"/>
      </object_component>
      <object_component id="oc-a0">
         <name>.debug_frame</name>
         <load_address>0x446</load_address>
         <run_address>0x446</run_address>
         <size>0x87</size>
         <input_file_ref idref="fl-a"/>
      </object_component>
      <object_component id="oc-b1">
         <name>.debug_frame</name>
         <load_address>0x4cd</load_address>
         <run_address>0x4cd</run_address>
         <size>0x87</size>
         <input_file_ref idref="fl-a"/>
      </object_component>
      <object_component id="oc-ae">
         <name>.debug_frame</name>
         <load_address>0x554</load_address>
         <run_address>0x554</run_address>
         <size>0x7f</size>
         <input_file_ref idref="fl-a"/>
      </object_component>
      <object_component id="oc-c8">
         <name>.debug_frame</name>
         <load_address>0x5d3</load_address>
         <run_address>0x5d3</run_address>
         <size>0x7f</size>
         <input_file_ref idref="fl-b"/>
      </object_component>
      <object_component id="oc-115">
         <name>.debug_frame</name>
         <load_address>0x652</load_address>
         <run_address>0x652</run_address>
         <size>0x7f</size>
         <input_file_ref idref="fl-b"/>
      </object_component>
      <object_component id="oc-91">
         <name>.debug_frame</name>
         <load_address>0x6d1</load_address>
         <run_address>0x6d1</run_address>
         <size>0x88</size>
         <input_file_ref idref="fl-b"/>
      </object_component>
      <object_component id="oc-85">
         <name>.debug_frame</name>
         <load_address>0x759</load_address>
         <run_address>0x759</run_address>
         <size>0x87</size>
         <input_file_ref idref="fl-b"/>
      </object_component>
      <object_component id="oc-8b">
         <name>.debug_frame</name>
         <load_address>0x7e0</load_address>
         <run_address>0x7e0</run_address>
         <size>0x87</size>
         <input_file_ref idref="fl-b"/>
      </object_component>
      <object_component id="oc-c2">
         <name>.debug_frame</name>
         <load_address>0x867</load_address>
         <run_address>0x867</run_address>
         <size>0x7f</size>
         <input_file_ref idref="fl-b"/>
      </object_component>
      <object_component id="oc-11f">
         <name>.debug_frame</name>
         <load_address>0x8e6</load_address>
         <run_address>0x8e6</run_address>
         <size>0x7f</size>
         <input_file_ref idref="fl-b"/>
      </object_component>
      <object_component id="oc-9d">
         <name>.debug_frame</name>
         <load_address>0x965</load_address>
         <run_address>0x965</run_address>
         <size>0x7f</size>
         <input_file_ref idref="fl-b"/>
      </object_component>
      <object_component id="oc-97">
         <name>.debug_frame</name>
         <load_address>0x9e4</load_address>
         <run_address>0x9e4</run_address>
         <size>0x8b</size>
         <input_file_ref idref="fl-b"/>
      </object_component>
      <object_component id="oc-a9">
         <name>.debug_frame</name>
         <load_address>0xa6f</load_address>
         <run_address>0xa6f</run_address>
         <size>0x7f</size>
         <input_file_ref idref="fl-b"/>
      </object_component>
      <object_component id="oc-bc">
         <name>.debug_frame</name>
         <load_address>0xaee</load_address>
         <run_address>0xaee</run_address>
         <size>0x7f</size>
         <input_file_ref idref="fl-b"/>
      </object_component>
      <object_component id="oc-137">
         <name>.debug_frame</name>
         <load_address>0xb6d</load_address>
         <run_address>0xb6d</run_address>
         <size>0x7f</size>
         <input_file_ref idref="fl-c"/>
      </object_component>
      <object_component id="oc-4e">
         <name>.debug_frame</name>
         <load_address>0x100</load_address>
         <run_address>0x100</run_address>
         <size>0x54</size>
         <input_file_ref idref="fl-c2"/>
      </object_component>
      <object_component id="oc-64">
         <name>.debug_frame</name>
         <load_address>0x154</load_address>
         <run_address>0x154</run_address>
         <size>0x50</size>
         <input_file_ref idref="fl-c5"/>
      </object_component>
      <object_component id="oc-164">
         <name>.debug_frame</name>
         <load_address>0x1a4</load_address>
         <run_address>0x1a4</run_address>
         <size>0x5c</size>
         <input_file_ref idref="fl-c8"/>
      </object_component>
      <object_component id="oc-f7">
         <name>.debug_frame</name>
         <load_address>0x200</load_address>
         <run_address>0x200</run_address>
         <size>0x54</size>
         <input_file_ref idref="fl-c9"/>
      </object_component>
      <object_component id="oc-159">
         <name>.debug_frame</name>
         <load_address>0x254</load_address>
         <run_address>0x254</run_address>
         <size>0x54</size>
         <input_file_ref idref="fl-cb"/>
      </object_component>
      <object_component id="oc-1a9">
         <name>.debug_abbrev</name>
         <load_address>0x0</load_address>
         <run_address>0x0</run_address>
         <size>0x9f</size>
         <input_file_ref idref="fl-2"/>
      </object_component>
      <object_component id="oc-c9">
         <name>.debug_abbrev</name>
         <load_address>0x9f</load_address>
         <run_address>0x9f</run_address>
         <size>0x8d</size>
         <input_file_ref idref="fl-2"/>
      </object_component>
      <object_component id="oc-d3">
         <name>.debug_abbrev</name>
         <load_address>0x12c</load_address>
         <run_address>0x12c</run_address>
         <size>0x69</size>
         <input_file_ref idref="fl-2"/>
      </object_component>
      <object_component id="oc-cc">
         <name>.debug_abbrev</name>
         <load_address>0x195</load_address>
         <run_address>0x195</run_address>
         <size>0x1f</size>
         <input_file_ref idref="fl-2"/>
      </object_component>
      <object_component id="oc-143">
         <name>.debug_abbrev</name>
         <load_address>0x1b4</load_address>
         <run_address>0x1b4</run_address>
         <size>0x5c</size>
         <input_file_ref idref="fl-2"/>
      </object_component>
      <object_component id="oc-d8">
         <name>.debug_abbrev</name>
         <load_address>0x210</load_address>
         <run_address>0x210</run_address>
         <size>0x24</size>
         <input_file_ref idref="fl-2"/>
      </object_component>
      <object_component id="oc-cf">
         <name>.debug_abbrev</name>
         <load_address>0x234</load_address>
         <run_address>0x234</run_address>
         <size>0x7c</size>
         <input_file_ref idref="fl-3"/>
      </object_component>
      <object_component id="oc-33">
         <name>.debug_abbrev</name>
         <load_address>0x2b0</load_address>
         <run_address>0x2b0</run_address>
         <size>0x29</size>
         <input_file_ref idref="fl-3"/>
      </object_component>
      <object_component id="oc-73">
         <name>.debug_abbrev</name>
         <load_address>0x2d9</load_address>
         <run_address>0x2d9</run_address>
         <size>0x79</size>
         <input_file_ref idref="fl-3"/>
      </object_component>
      <object_component id="oc-3e">
         <name>.debug_abbrev</name>
         <load_address>0x352</load_address>
         <run_address>0x352</run_address>
         <size>0x1f</size>
         <input_file_ref idref="fl-3"/>
      </object_component>
      <object_component id="oc-195">
         <name>.debug_abbrev</name>
         <load_address>0x371</load_address>
         <run_address>0x371</run_address>
         <size>0x9c</size>
         <input_file_ref idref="fl-9"/>
      </object_component>
      <object_component id="oc-10f">
         <name>.debug_abbrev</name>
         <load_address>0x40d</load_address>
         <run_address>0x40d</run_address>
         <size>0x6c</size>
         <input_file_ref idref="fl-9"/>
      </object_component>
      <object_component id="oc-108">
         <name>.debug_abbrev</name>
         <load_address>0x479</load_address>
         <run_address>0x479</run_address>
         <size>0x99</size>
         <input_file_ref idref="fl-9"/>
      </object_component>
      <object_component id="oc-13b">
         <name>.debug_abbrev</name>
         <load_address>0x512</load_address>
         <run_address>0x512</run_address>
         <size>0x23</size>
         <input_file_ref idref="fl-9"/>
      </object_component>
      <object_component id="oc-10b">
         <name>.debug_abbrev</name>
         <load_address>0x535</load_address>
         <run_address>0x535</run_address>
         <size>0x35</size>
         <input_file_ref idref="fl-9"/>
      </object_component>
      <object_component id="oc-1a4">
         <name>.debug_abbrev</name>
         <load_address>0x56a</load_address>
         <run_address>0x56a</run_address>
         <size>0x8e</size>
         <input_file_ref idref="fl-a"/>
      </object_component>
      <object_component id="oc-1a6">
         <name>.debug_abbrev</name>
         <load_address>0x5f8</load_address>
         <run_address>0x5f8</run_address>
         <size>0x27</size>
         <input_file_ref idref="fl-a"/>
      </object_component>
      <object_component id="oc-1a2">
         <name>.debug_abbrev</name>
         <load_address>0x61f</load_address>
         <run_address>0x61f</run_address>
         <size>0x27</size>
         <input_file_ref idref="fl-a"/>
      </object_component>
      <object_component id="oc-1cd">
         <name>.debug_abbrev</name>
         <load_address>0x646</load_address>
         <run_address>0x646</run_address>
         <size>0x29</size>
         <input_file_ref idref="fl-a"/>
      </object_component>
      <object_component id="oc-1a1">
         <name>.debug_abbrev</name>
         <load_address>0x66f</load_address>
         <run_address>0x66f</run_address>
         <size>0x8b</size>
         <input_file_ref idref="fl-a"/>
      </object_component>
      <object_component id="oc-12b">
         <name>.debug_abbrev</name>
         <load_address>0x6fa</load_address>
         <run_address>0x6fa</run_address>
         <size>0x6c</size>
         <input_file_ref idref="fl-a"/>
      </object_component>
      <object_component id="oc-138">
         <name>.debug_abbrev</name>
         <load_address>0x766</load_address>
         <run_address>0x766</run_address>
         <size>0x60</size>
         <input_file_ref idref="fl-a"/>
      </object_component>
      <object_component id="oc-131">
         <name>.debug_abbrev</name>
         <load_address>0x7c6</load_address>
         <run_address>0x7c6</run_address>
         <size>0x6c</size>
         <input_file_ref idref="fl-a"/>
      </object_component>
      <object_component id="oc-198">
         <name>.debug_abbrev</name>
         <load_address>0x832</load_address>
         <run_address>0x832</run_address>
         <size>0x72</size>
         <input_file_ref idref="fl-b"/>
      </object_component>
      <object_component id="oc-1cb">
         <name>.debug_abbrev</name>
         <load_address>0x8a4</load_address>
         <run_address>0x8a4</run_address>
         <size>0x27</size>
         <input_file_ref idref="fl-b"/>
      </object_component>
      <object_component id="oc-140">
         <name>.debug_abbrev</name>
         <load_address>0x8cb</load_address>
         <run_address>0x8cb</run_address>
         <size>0x6c</size>
         <input_file_ref idref="fl-b"/>
      </object_component>
      <object_component id="oc-197">
         <name>.debug_abbrev</name>
         <load_address>0x937</load_address>
         <run_address>0x937</run_address>
         <size>0x6c</size>
         <input_file_ref idref="fl-b"/>
      </object_component>
      <object_component id="oc-118">
         <name>.debug_abbrev</name>
         <load_address>0x9a3</load_address>
         <run_address>0x9a3</run_address>
         <size>0x6c</size>
         <input_file_ref idref="fl-b"/>
      </object_component>
      <object_component id="oc-116">
         <name>.debug_abbrev</name>
         <load_address>0xa0f</load_address>
         <run_address>0xa0f</run_address>
         <size>0x6c</size>
         <input_file_ref idref="fl-b"/>
      </object_component>
      <object_component id="oc-117">
         <name>.debug_abbrev</name>
         <load_address>0xa7b</load_address>
         <run_address>0xa7b</run_address>
         <size>0x6c</size>
         <input_file_ref idref="fl-b"/>
      </object_component>
      <object_component id="oc-13f">
         <name>.debug_abbrev</name>
         <load_address>0xae7</load_address>
         <run_address>0xae7</run_address>
         <size>0x6e</size>
         <input_file_ref idref="fl-b"/>
      </object_component>
      <object_component id="oc-19d">
         <name>.debug_abbrev</name>
         <load_address>0xb55</load_address>
         <run_address>0xb55</run_address>
         <size>0x8b</size>
         <input_file_ref idref="fl-b"/>
      </object_component>
      <object_component id="oc-127">
         <name>.debug_abbrev</name>
         <load_address>0xbe0</load_address>
         <run_address>0xbe0</run_address>
         <size>0x6c</size>
         <input_file_ref idref="fl-b"/>
      </object_component>
      <object_component id="oc-126">
         <name>.debug_abbrev</name>
         <load_address>0xc4c</load_address>
         <run_address>0xc4c</run_address>
         <size>0x6c</size>
         <input_file_ref idref="fl-b"/>
      </object_component>
      <object_component id="oc-12d">
         <name>.debug_abbrev</name>
         <load_address>0xcb8</load_address>
         <run_address>0xcb8</run_address>
         <size>0x6c</size>
         <input_file_ref idref="fl-b"/>
      </object_component>
      <object_component id="oc-13e">
         <name>.debug_abbrev</name>
         <load_address>0xd24</load_address>
         <run_address>0xd24</run_address>
         <size>0x6c</size>
         <input_file_ref idref="fl-b"/>
      </object_component>
      <object_component id="oc-1a8">
         <name>.debug_abbrev</name>
         <load_address>0xd90</load_address>
         <run_address>0xd90</run_address>
         <size>0x52</size>
         <input_file_ref idref="fl-c"/>
      </object_component>
      <object_component id="oc-153">
         <name>.debug_abbrev</name>
         <load_address>0xde2</load_address>
         <run_address>0xde2</run_address>
         <size>0x5d</size>
         <input_file_ref idref="fl-c2"/>
      </object_component>
      <object_component id="oc-e9">
         <name>.debug_abbrev</name>
         <load_address>0xe3f</load_address>
         <run_address>0xe3f</run_address>
         <size>0x6f</size>
         <input_file_ref idref="fl-c2"/>
      </object_component>
      <object_component id="oc-ec">
         <name>.debug_abbrev</name>
         <load_address>0xeae</load_address>
         <run_address>0xeae</run_address>
         <size>0x24</size>
         <input_file_ref idref="fl-c2"/>
      </object_component>
      <object_component id="oc-150">
         <name>.debug_abbrev</name>
         <load_address>0xed2</load_address>
         <run_address>0xed2</run_address>
         <size>0x24</size>
         <input_file_ref idref="fl-c2"/>
      </object_component>
      <object_component id="oc-71">
         <name>.debug_abbrev</name>
         <load_address>0xef6</load_address>
         <run_address>0xef6</run_address>
         <size>0x29</size>
         <input_file_ref idref="fl-c5"/>
      </object_component>
      <object_component id="oc-ff">
         <name>.debug_abbrev</name>
         <load_address>0xf1f</load_address>
         <run_address>0xf1f</run_address>
         <size>0x55</size>
         <input_file_ref idref="fl-c5"/>
      </object_component>
      <object_component id="oc-1dd">
         <name>.debug_abbrev</name>
         <load_address>0xf74</load_address>
         <run_address>0xf74</run_address>
         <size>0xc0</size>
         <input_file_ref idref="fl-c8"/>
      </object_component>
      <object_component id="oc-1b5">
         <name>.debug_abbrev</name>
         <load_address>0x1034</load_address>
         <run_address>0x1034</run_address>
         <size>0x7e</size>
         <input_file_ref idref="fl-c8"/>
      </object_component>
      <object_component id="oc-1e1">
         <name>.debug_abbrev</name>
         <load_address>0x10b2</load_address>
         <run_address>0x10b2</run_address>
         <size>0x24</size>
         <input_file_ref idref="fl-c8"/>
      </object_component>
      <object_component id="oc-1f5">
         <name>.debug_abbrev</name>
         <load_address>0x10d6</load_address>
         <run_address>0x10d6</run_address>
         <size>0x24</size>
         <input_file_ref idref="fl-c8"/>
      </object_component>
      <object_component id="oc-1e6">
         <name>.debug_abbrev</name>
         <load_address>0x10fa</load_address>
         <run_address>0x10fa</run_address>
         <size>0x24</size>
         <input_file_ref idref="fl-c8"/>
      </object_component>
      <object_component id="oc-1eb">
         <name>.debug_abbrev</name>
         <load_address>0x111e</load_address>
         <run_address>0x111e</run_address>
         <size>0x4b</size>
         <input_file_ref idref="fl-c8"/>
      </object_component>
      <object_component id="oc-156">
         <name>.debug_abbrev</name>
         <load_address>0x1169</load_address>
         <run_address>0x1169</run_address>
         <size>0x55</size>
         <input_file_ref idref="fl-c9"/>
      </object_component>
      <object_component id="oc-1ab">
         <name>.debug_abbrev</name>
         <load_address>0x11be</load_address>
         <run_address>0x11be</run_address>
         <size>0x45</size>
         <input_file_ref idref="fl-cb"/>
      </object_component>
      <object_component id="oc-22e">
         <name>.debug_abbrev</name>
         <load_address>0x1203</load_address>
         <run_address>0x1203</run_address>
         <size>0xf</size>
      </object_component>
      <object_component id="oc-d5">
         <name>.debug_str</name>
         <load_address>0x0</load_address>
         <run_address>0x0</run_address>
         <size>0x2a7</size>
         <input_file_ref idref="fl-2"/>
      </object_component>
      <object_component id="oc-ce">
         <name>.debug_str</name>
         <load_address>0x2a7</load_address>
         <run_address>0x2a7</run_address>
         <size>0xfd</size>
         <input_file_ref idref="fl-2"/>
      </object_component>
      <object_component id="oc-145">
         <name>.debug_str</name>
         <load_address>0x3a4</load_address>
         <run_address>0x3a4</run_address>
         <size>0x33d</size>
         <input_file_ref idref="fl-2"/>
      </object_component>
      <object_component id="oc-da">
         <name>.debug_str</name>
         <load_address>0x6e1</load_address>
         <run_address>0x6e1</run_address>
         <size>0x13f</size>
         <input_file_ref idref="fl-2"/>
      </object_component>
      <object_component id="oc-40">
         <name>.debug_str</name>
         <load_address>0x820</load_address>
         <run_address>0x820</run_address>
         <size>0xfd</size>
         <input_file_ref idref="fl-3"/>
      </object_component>
      <object_component id="oc-13d">
         <name>.debug_str</name>
         <load_address>0x91d</load_address>
         <run_address>0x91d</run_address>
         <size>0x12b</size>
         <input_file_ref idref="fl-9"/>
      </object_component>
      <object_component id="oc-10d">
         <name>.debug_str</name>
         <load_address>0xa48</load_address>
         <run_address>0xa48</run_address>
         <size>0x20f</size>
         <input_file_ref idref="fl-9"/>
      </object_component>
      <object_component id="oc-ee">
         <name>.debug_str</name>
         <load_address>0xc57</load_address>
         <run_address>0xc57</run_address>
         <size>0x105</size>
         <input_file_ref idref="fl-c2"/>
      </object_component>
      <object_component id="oc-152">
         <name>.debug_str</name>
         <load_address>0xd5c</load_address>
         <run_address>0xd5c</run_address>
         <size>0x140</size>
         <input_file_ref idref="fl-c2"/>
      </object_component>
      <object_component id="oc-1e3">
         <name>.debug_str</name>
         <load_address>0xe9c</load_address>
         <run_address>0xe9c</run_address>
         <size>0xed</size>
         <input_file_ref idref="fl-c8"/>
      </object_component>
      <object_component id="oc-1f7">
         <name>.debug_str</name>
         <load_address>0xf89</load_address>
         <run_address>0xf89</run_address>
         <size>0x157</size>
         <input_file_ref idref="fl-c8"/>
      </object_component>
      <object_component id="oc-1e8">
         <name>.debug_str</name>
         <load_address>0x10e0</load_address>
         <run_address>0x10e0</run_address>
         <size>0x150</size>
         <input_file_ref idref="fl-c8"/>
      </object_component>
      <object_component id="oc-1ed">
         <name>.debug_str</name>
         <load_address>0x1230</load_address>
         <run_address>0x1230</run_address>
         <size>0x197</size>
         <input_file_ref idref="fl-c8"/>
      </object_component>
      <object_component id="oc-2e">
         <name>.debug_aranges</name>
         <load_address>0x0</load_address>
         <run_address>0x0</run_address>
         <size>0x28</size>
         <input_file_ref idref="fl-2"/>
      </object_component>
      <object_component id="oc-2a">
         <name>.debug_aranges</name>
         <load_address>0x28</load_address>
         <run_address>0x28</run_address>
         <size>0x38</size>
         <input_file_ref idref="fl-3"/>
      </object_component>
      <object_component id="oc-7c">
         <name>.debug_aranges</name>
         <load_address>0x60</load_address>
         <run_address>0x60</run_address>
         <size>0x20</size>
         <input_file_ref idref="fl-9"/>
      </object_component>
      <object_component id="oc-76">
         <name>.debug_aranges</name>
         <load_address>0x80</load_address>
         <run_address>0x80</run_address>
         <size>0x20</size>
         <input_file_ref idref="fl-9"/>
      </object_component>
      <object_component id="oc-124">
         <name>.debug_aranges</name>
         <load_address>0xa0</load_address>
         <run_address>0xa0</run_address>
         <size>0x20</size>
         <input_file_ref idref="fl-a"/>
      </object_component>
      <object_component id="oc-a3">
         <name>.debug_aranges</name>
         <load_address>0xc0</load_address>
         <run_address>0xc0</run_address>
         <size>0x20</size>
         <input_file_ref idref="fl-a"/>
      </object_component>
      <object_component id="oc-b5">
         <name>.debug_aranges</name>
         <load_address>0xe0</load_address>
         <run_address>0xe0</run_address>
         <size>0x20</size>
         <input_file_ref idref="fl-a"/>
      </object_component>
      <object_component id="oc-ac">
         <name>.debug_aranges</name>
         <load_address>0x100</load_address>
         <run_address>0x100</run_address>
         <size>0x20</size>
         <input_file_ref idref="fl-a"/>
      </object_component>
      <object_component id="oc-c6">
         <name>.debug_aranges</name>
         <load_address>0x120</load_address>
         <run_address>0x120</run_address>
         <size>0x20</size>
         <input_file_ref idref="fl-b"/>
      </object_component>
      <object_component id="oc-113">
         <name>.debug_aranges</name>
         <load_address>0x140</load_address>
         <run_address>0x140</run_address>
         <size>0x20</size>
         <input_file_ref idref="fl-b"/>
      </object_component>
      <object_component id="oc-8f">
         <name>.debug_aranges</name>
         <load_address>0x160</load_address>
         <run_address>0x160</run_address>
         <size>0x20</size>
         <input_file_ref idref="fl-b"/>
      </object_component>
      <object_component id="oc-83">
         <name>.debug_aranges</name>
         <load_address>0x180</load_address>
         <run_address>0x180</run_address>
         <size>0x20</size>
         <input_file_ref idref="fl-b"/>
      </object_component>
      <object_component id="oc-89">
         <name>.debug_aranges</name>
         <load_address>0x1a0</load_address>
         <run_address>0x1a0</run_address>
         <size>0x20</size>
         <input_file_ref idref="fl-b"/>
      </object_component>
      <object_component id="oc-c0">
         <name>.debug_aranges</name>
         <load_address>0x1c0</load_address>
         <run_address>0x1c0</run_address>
         <size>0x20</size>
         <input_file_ref idref="fl-b"/>
      </object_component>
      <object_component id="oc-11d">
         <name>.debug_aranges</name>
         <load_address>0x1e0</load_address>
         <run_address>0x1e0</run_address>
         <size>0x20</size>
         <input_file_ref idref="fl-b"/>
      </object_component>
      <object_component id="oc-9c">
         <name>.debug_aranges</name>
         <load_address>0x200</load_address>
         <run_address>0x200</run_address>
         <size>0x20</size>
         <input_file_ref idref="fl-b"/>
      </object_component>
      <object_component id="oc-96">
         <name>.debug_aranges</name>
         <load_address>0x220</load_address>
         <run_address>0x220</run_address>
         <size>0x20</size>
         <input_file_ref idref="fl-b"/>
      </object_component>
      <object_component id="oc-a8">
         <name>.debug_aranges</name>
         <load_address>0x240</load_address>
         <run_address>0x240</run_address>
         <size>0x20</size>
         <input_file_ref idref="fl-b"/>
      </object_component>
      <object_component id="oc-bb">
         <name>.debug_aranges</name>
         <load_address>0x260</load_address>
         <run_address>0x260</run_address>
         <size>0x20</size>
         <input_file_ref idref="fl-b"/>
      </object_component>
      <object_component id="oc-134">
         <name>.debug_aranges</name>
         <load_address>0x280</load_address>
         <run_address>0x280</run_address>
         <size>0x20</size>
         <input_file_ref idref="fl-c"/>
      </object_component>
      <object_component id="oc-50">
         <name>.debug_aranges</name>
         <load_address>0x2a0</load_address>
         <run_address>0x2a0</run_address>
         <size>0x20</size>
         <input_file_ref idref="fl-c2"/>
      </object_component>
      <object_component id="oc-61">
         <name>.debug_aranges</name>
         <load_address>0x2c0</load_address>
         <run_address>0x2c0</run_address>
         <size>0x20</size>
         <input_file_ref idref="fl-c5"/>
      </object_component>
      <object_component id="oc-166">
         <name>.debug_aranges</name>
         <load_address>0x2e0</load_address>
         <run_address>0x2e0</run_address>
         <size>0x20</size>
         <input_file_ref idref="fl-c8"/>
      </object_component>
      <object_component id="oc-f9">
         <name>.debug_aranges</name>
         <load_address>0x300</load_address>
         <run_address>0x300</run_address>
         <size>0x20</size>
         <input_file_ref idref="fl-c9"/>
      </object_component>
      <object_component id="oc-158">
         <name>.debug_aranges</name>
         <load_address>0x320</load_address>
         <run_address>0x320</run_address>
         <size>0x20</size>
         <input_file_ref idref="fl-cb"/>
      </object_component>
      <object_component id="oc-32">
         <name>.debug_pubnames</name>
         <load_address>0x0</load_address>
         <run_address>0x0</run_address>
         <size>0x33</size>
         <input_file_ref idref="fl-2"/>
      </object_component>
      <object_component id="oc-14">
         <name>.debug_pubnames</name>
         <load_address>0x33</load_address>
         <run_address>0x33</run_address>
         <size>0x23</size>
         <input_file_ref idref="fl-3"/>
      </object_component>
      <object_component id="oc-2c">
         <name>.debug_pubnames</name>
         <load_address>0x56</load_address>
         <run_address>0x56</run_address>
         <size>0x4c</size>
         <input_file_ref idref="fl-3"/>
      </object_component>
      <object_component id="oc-7d">
         <name>.debug_pubnames</name>
         <load_address>0xa2</load_address>
         <run_address>0xa2</run_address>
         <size>0x2d</size>
         <input_file_ref idref="fl-9"/>
      </object_component>
      <object_component id="oc-77">
         <name>.debug_pubnames</name>
         <load_address>0xcf</load_address>
         <run_address>0xcf</run_address>
         <size>0x25</size>
         <input_file_ref idref="fl-9"/>
      </object_component>
      <object_component id="oc-130">
         <name>.debug_pubnames</name>
         <load_address>0xf4</load_address>
         <run_address>0xf4</run_address>
         <size>0x77</size>
         <input_file_ref idref="fl-a"/>
      </object_component>
      <object_component id="oc-12a">
         <name>.debug_pubnames</name>
         <load_address>0x16b</load_address>
         <run_address>0x16b</run_address>
         <size>0x22</size>
         <input_file_ref idref="fl-a"/>
      </object_component>
      <object_component id="oc-1a0">
         <name>.debug_pubnames</name>
         <load_address>0x18d</load_address>
         <run_address>0x18d</run_address>
         <size>0x26</size>
         <input_file_ref idref="fl-a"/>
      </object_component>
      <object_component id="oc-123">
         <name>.debug_pubnames</name>
         <load_address>0x1b3</load_address>
         <run_address>0x1b3</run_address>
         <size>0x22</size>
         <input_file_ref idref="fl-a"/>
      </object_component>
      <object_component id="oc-a2">
         <name>.debug_pubnames</name>
         <load_address>0x1d5</load_address>
         <run_address>0x1d5</run_address>
         <size>0x25</size>
         <input_file_ref idref="fl-a"/>
      </object_component>
      <object_component id="oc-b4">
         <name>.debug_pubnames</name>
         <load_address>0x1fa</load_address>
         <run_address>0x1fa</run_address>
         <size>0x26</size>
         <input_file_ref idref="fl-a"/>
      </object_component>
      <object_component id="oc-ad">
         <name>.debug_pubnames</name>
         <load_address>0x220</load_address>
         <run_address>0x220</run_address>
         <size>0x20</size>
         <input_file_ref idref="fl-a"/>
      </object_component>
      <object_component id="oc-19c">
         <name>.debug_pubnames</name>
         <load_address>0x240</load_address>
         <run_address>0x240</run_address>
         <size>0x31</size>
         <input_file_ref idref="fl-b"/>
      </object_component>
      <object_component id="oc-c7">
         <name>.debug_pubnames</name>
         <load_address>0x271</load_address>
         <run_address>0x271</run_address>
         <size>0x23</size>
         <input_file_ref idref="fl-b"/>
      </object_component>
      <object_component id="oc-114">
         <name>.debug_pubnames</name>
         <load_address>0x294</load_address>
         <run_address>0x294</run_address>
         <size>0x25</size>
         <input_file_ref idref="fl-b"/>
      </object_component>
      <object_component id="oc-90">
         <name>.debug_pubnames</name>
         <load_address>0x2b9</load_address>
         <run_address>0x2b9</run_address>
         <size>0x27</size>
         <input_file_ref idref="fl-b"/>
      </object_component>
      <object_component id="oc-84">
         <name>.debug_pubnames</name>
         <load_address>0x2e0</load_address>
         <run_address>0x2e0</run_address>
         <size>0x2c</size>
         <input_file_ref idref="fl-b"/>
      </object_component>
      <object_component id="oc-8a">
         <name>.debug_pubnames</name>
         <load_address>0x30c</load_address>
         <run_address>0x30c</run_address>
         <size>0x2b</size>
         <input_file_ref idref="fl-b"/>
      </object_component>
      <object_component id="oc-c1">
         <name>.debug_pubnames</name>
         <load_address>0x337</load_address>
         <run_address>0x337</run_address>
         <size>0x22</size>
         <input_file_ref idref="fl-b"/>
      </object_component>
      <object_component id="oc-11e">
         <name>.debug_pubnames</name>
         <load_address>0x359</load_address>
         <run_address>0x359</run_address>
         <size>0x28</size>
         <input_file_ref idref="fl-b"/>
      </object_component>
      <object_component id="oc-9b">
         <name>.debug_pubnames</name>
         <load_address>0x381</load_address>
         <run_address>0x381</run_address>
         <size>0x25</size>
         <input_file_ref idref="fl-b"/>
      </object_component>
      <object_component id="oc-95">
         <name>.debug_pubnames</name>
         <load_address>0x3a6</load_address>
         <run_address>0x3a6</run_address>
         <size>0x26</size>
         <input_file_ref idref="fl-b"/>
      </object_component>
      <object_component id="oc-a7">
         <name>.debug_pubnames</name>
         <load_address>0x3cc</load_address>
         <run_address>0x3cc</run_address>
         <size>0x24</size>
         <input_file_ref idref="fl-b"/>
      </object_component>
      <object_component id="oc-ba">
         <name>.debug_pubnames</name>
         <load_address>0x3f0</load_address>
         <run_address>0x3f0</run_address>
         <size>0x23</size>
         <input_file_ref idref="fl-b"/>
      </object_component>
      <object_component id="oc-135">
         <name>.debug_pubnames</name>
         <load_address>0x413</load_address>
         <run_address>0x413</run_address>
         <size>0x1f</size>
         <input_file_ref idref="fl-c"/>
      </object_component>
      <object_component id="oc-51">
         <name>.debug_pubnames</name>
         <load_address>0x432</load_address>
         <run_address>0x432</run_address>
         <size>0x2e</size>
         <input_file_ref idref="fl-c2"/>
      </object_component>
      <object_component id="oc-26">
         <name>.debug_pubnames</name>
         <load_address>0x460</load_address>
         <run_address>0x460</run_address>
         <size>0x1e</size>
         <input_file_ref idref="fl-c5"/>
      </object_component>
      <object_component id="oc-62">
         <name>.debug_pubnames</name>
         <load_address>0x47e</load_address>
         <run_address>0x47e</run_address>
         <size>0x26</size>
         <input_file_ref idref="fl-c5"/>
      </object_component>
      <object_component id="oc-167">
         <name>.debug_pubnames</name>
         <load_address>0x4a4</load_address>
         <run_address>0x4a4</run_address>
         <size>0x35</size>
         <input_file_ref idref="fl-c8"/>
      </object_component>
      <object_component id="oc-fb">
         <name>.debug_pubnames</name>
         <load_address>0x4d9</load_address>
         <run_address>0x4d9</run_address>
         <size>0x27</size>
         <input_file_ref idref="fl-c9"/>
      </object_component>
      <object_component id="oc-15c">
         <name>.debug_pubnames</name>
         <load_address>0x500</load_address>
         <run_address>0x500</run_address>
         <size>0x1c</size>
         <input_file_ref idref="fl-cb"/>
      </object_component>
      <object_component id="oc-d2">
         <name>.debug_pubtypes</name>
         <load_address>0x0</load_address>
         <run_address>0x0</run_address>
         <size>0x25c</size>
         <input_file_ref idref="fl-2"/>
      </object_component>
      <object_component id="oc-cb">
         <name>.debug_pubtypes</name>
         <load_address>0x25c</load_address>
         <run_address>0x25c</run_address>
         <size>0xff</size>
         <input_file_ref idref="fl-2"/>
      </object_component>
      <object_component id="oc-142">
         <name>.debug_pubtypes</name>
         <load_address>0x35b</load_address>
         <run_address>0x35b</run_address>
         <size>0x330</size>
         <input_file_ref idref="fl-2"/>
      </object_component>
      <object_component id="oc-d7">
         <name>.debug_pubtypes</name>
         <load_address>0x68b</load_address>
         <run_address>0x68b</run_address>
         <size>0xaa</size>
         <input_file_ref idref="fl-2"/>
      </object_component>
      <object_component id="oc-3d">
         <name>.debug_pubtypes</name>
         <load_address>0x735</load_address>
         <run_address>0x735</run_address>
         <size>0xed</size>
[...]
         <load_address>0x0</load_address>
         <run_address>0x0</run_address>
         <size>0x1212</size>
         <contents>
            <object_component_ref idref="oc-1a9"/>
            <object_component_ref idref="oc-c9"/>
            <object_component_ref idref="oc-d3"/>
            <object_component_ref idref="oc-cc"/>
            <object_component_ref idref="oc-143"/>
            <object_component_ref idref="oc-d8"/>
            <object_component_ref idref="oc-cf"/>
            <object_component_ref idref="oc-33"/>
            <object_component_ref idref="oc-73"/>
            <object_component_ref idref="oc-3e"/>
            <object_component_ref idref="oc-195"/>
            <object_component_ref idref="oc-10f"/>
            <object_component_ref idref="oc-108"/>
            <object_component_ref idref="oc-13b"/>
            <object_component_ref idref="oc-10b"/>
            <object_component_ref idref="oc-1a4"/>
            <object_component_ref idref="oc-1a6"/>
            <object_component_ref idref="oc-1a2"/>
            <object_component_ref idref="oc-1cd"/>
            <object_component_ref idref="oc-1a1"/>
            <object_component_ref idref="oc-12b"/>
            <object_component_ref idref="oc-138"/>
            <object_component_ref idref="oc-131"/>
            <object_component_ref idref="oc-198"/>
            <object_component_ref idref="oc-1cb"/>
            <object_component_ref idref="oc-140"/>
            <object_component_ref idref="oc-197"/>
            <object_component_ref idref="oc-118"/>
            <object_component_ref idref="oc-116"/>
            <object_component_ref idref="oc-117"/>
            <object_component_ref idref="oc-13f"/>
            <object_component_ref idref="oc-19d"/>
            <object_component_ref idref="oc-127"/>
            <object_component_ref idref="oc-126"/>
            <object_component_ref idref="oc-12d"/>
            <object_component_ref idref="oc-13e"/>
            <object_component_ref idref="oc-1a8"/>
            <object_component_ref idref="oc-153"/>
            <object_component_ref idref="oc-e9"/>
            <object_component_ref idref="oc-ec"/>
            <object_component_ref idref="oc-150"/>
            <object_component_ref idref="oc-71"/>
            <object_component_ref idref="oc-ff"/>
            <object_component_ref idref="oc-1dd"/>
            <object_component_ref idref="oc-1b5"/>
            <object_component_ref idref="oc-1e1"/>
            <object_component_ref idref="oc-1f5"/>
            <object_component_ref idref="oc-1e6"/>
            <object_component_ref idref="oc-1eb"/>
            <object_component_ref idref="oc-156"/>
            <object_component_ref idref="oc-1ab"/>
            <object_component_ref idref="oc-22e"/>
         </contents>
      </logical_group>
      <logical_group id="lg-218" display="never" color="cyan">
         <name>.debug_str</name>
         <load_address>0x0</load_address>
         <run_address>0x0</run_address>
         <size>0x13c7</size>
         <contents>
            <object_component_ref idref="oc-d5"/>
            <object_component_ref idref="oc-ce"/>
            <object_component_ref idref="oc-145"/>
            <object_component_ref idref="oc-da"/>
            <object_component_ref idref="oc-40"/>
            <object_component_ref idref="oc-13d"/>
            <object_component_ref idref="oc-10d"/>
            <object_component_ref idref="oc-ee"/>
            <object_component_ref idref="oc-152"/>
            <object_component_ref idref="oc-1e3"/>
            <object_component_ref idref="oc-1f7"/>
            <object_component_ref idref="oc-1e8"/>
            <object_component_ref idref="oc-1ed"/>
         </contents>
      </logical_group>
      <logical_group id="lg-21a" display="never" color="cyan">
         <name>.debug_aranges</name>
         <load_address>0x0</load_address>
         <run_address>0x0</run_address>
         <size>0x340</size>
         <contents>
            <object_component_ref idref="oc-2e"/>
            <object_component_ref idref="oc-2a"/>
            <object_component_ref idref="oc-7c"/>
            <object_component_ref idref="oc-76"/>
            <object_component_ref idref="oc-124"/>
            <object_component_ref idref="oc-a3"/>
            <object_component_ref idref="oc-b5"/>
            <object_component_ref idref="oc-ac"/>
            <object_component_ref idref="oc-c6"/>
            <object_component_ref idref="oc-113"/>
            <object_component_ref idref="oc-8f"/>
            <object_component_ref idref="oc-83"/>
            <object_component_ref idref="oc-89"/>
            <object_component_ref idref="oc-c0"/>
            <object_component_ref idref="oc-11d"/>
            <object_component_ref idref="oc-9c"/>
            <object_component_ref idref="oc-96"/>
            <object_component_ref idref="oc-a8"/>
            <object_component_ref idref="oc-bb"/>
            <object_component_ref idref="oc-134"/>
            <object_component_ref idref="oc-50"/>
            <object_component_ref idref="oc-61"/>
            <object_component_ref idref="oc-166"/>
            <object_component_ref idref="oc-f9"/>
            <object_component_ref idref="oc-158"/>
         </contents>
      </logical_group>
      <logical_group id="lg-21c" display="never" color="cyan">
         <name>.debug_pubnames</name>
         <load_address>0x0</load_address>
         <run_address>0x0</run_address>
         <size>0x51c</size>
         <contents>
            <object_component_ref idref="oc-32"/>
            <object_component_ref idref="oc-14"/>
            <object_component_ref idref="oc-2c"/>
            <object_component_ref idref="oc-7d"/>
            <object_component_ref idref="oc-77"/>
            <object_component_ref idref="oc-130"/>
            <object_component_ref idref="oc-12a"/>
            <object_component_ref idref="oc-1a0"/>
            <object_component_ref idref="oc-123"/>
            <object_component_ref idref="oc-a2"/>
            <object_component_ref idref="oc-b4"/>
            <object_component_ref idref="oc-ad"/>
            <object_component_ref idref="oc-19c"/>
            <object_component_ref idref="oc-c7"/>
            <object_component_ref idref="oc-114"/>
            <object_component_ref idref="oc-90"/>
            <object_component_ref idref="oc-84"/>
            <object_component_ref idref="oc-8a"/>
            <object_component_ref idref="oc-c1"/>
            <object_component_ref idref="oc-11e"/>
            <object_component_ref idref="oc-9b"/>
            <object_component_ref idref="oc-95"/>
            <object_component_ref idref="oc-a7"/>
            <object_component_ref idref="oc-ba"/>
            <object_component_ref idref="oc-135"/>
            <object_component_ref idref="oc-51"/>
            <object_component_ref idref="oc-26"/>
            <object_component_ref idref="oc-62"/>
            <object_component_ref idref="oc-167"/>
            <object_component_ref idref="oc-fb"/>
            <object_component_ref idref="oc-15c"/>
         </contents>
      </logical_group>
      <logical_group id="lg-21e" display="never" color="cyan">
         <name>.debug_pubtypes</name>
         <load_address>0x0</load_address>
         <run_address>0x0</run_address>
         <size>0xc2a</size>
         <contents>
            <object_component_ref idref="oc-d2"/>
            <object_component_ref idref="oc-cb"/>
            <object_component_ref idref="oc-142"/>
            <object_component_ref idref="oc-d7"/>
            <object_component_ref idref="oc-3d"/>
            <object_component_ref idref="oc-13a"/>
            <object_component_ref idref="oc-10a"/>
            <object_component_ref idref="oc-eb"/>
            <object_component_ref idref="oc-14f"/>
            <object_component_ref idref="oc-1e0"/>
            <object_component_ref idref="oc-1f4"/>
            <object_component_ref idref="oc-1e5"/>
            <object_component_ref idref="oc-1ea"/>
         </contents>
      </logical_group>
      <logical_group id="lg-22b" display="no" color="cyan">
         <name>Veneer$$CMSE</name>
         <run_address>0x0</run_address>
         <size>0x0</size>
         <contents>
         </contents>
      </logical_group>
      <load_segment id="lg-231" display="no" color="cyan">
         <name>SEGMENT_0</name>
         <load_address>0x0</load_address>
         <run_address>0x0</run_address>
         <size>0x9ac</size>
         <flags>0x5</flags>
         <contents>
            <logical_group_ref idref="lg-3"/>
            <logical_group_ref idref="lg-4"/>
            <logical_group_ref idref="lg-5"/>
            <logical_group_ref idref="lg-6"/>
         </contents>
      </load_segment>
      <load_segment id="lg-232" display="no" color="cyan">
         <name>SEGMENT_1</name>
         <run_address>0x20000000</run_address>
         <size>0x470</size>
         <flags>0x6</flags>
         <contents>
            <logical_group_ref idref="lg-9"/>
            <logical_group_ref idref="lg-d"/>
         </contents>
      </load_segment>
   </logical_group_list>
   <placement_map>
      <memory_area display="yes" color="green">
         <name>FLASH</name>
         <page_id>0x0</page_id>
         <origin>0x0</origin>
         <length>0x40000</length>
         <used_space>0x9a6</used_space>
         <unused_space>0x3f65a</unused_space>
         <attributes>RX</attributes>
         <usage_details>
            <allocated_space>
               <start_address>0x0</start_address>
               <size>0x26c</size>
               <logical_group_ref idref="lg-3"/>
            </allocated_space>
            <allocated_space>
               <start_address>0x26c</start_address>
               <size>0x55a</size>
               <logical_group_ref idref="lg-4"/>
            </allocated_space>
            <available_space>
               <start_address>0x7c6</start_address>
               <size>0x2</size>
            </available_space>
            <allocated_space>
               <start_address>0x7c8</start_address>
               <size>0x1cc</size>
               <logical_group_ref idref="lg-5"/>
            </allocated_space>
            <available_space>
               <start_address>0x994</start_address>
               <size>0x4</size>
            </available_space>
            <allocated_space>
               <start_address>0x998</start_address>
               <size>0x14</size>
               <logical_group_ref idref="lg-6"/>
            </allocated_space>
            <available_space>
               <start_address>0x9ac</start_address>
               <size>0x3f654</size>
            </available_space>
         </usage_details>
      </memory_area>
      <memory_area display="yes" color="green">
         <name>SRAM</name>
         <page_id>0x0</page_id>
         <origin>0x20000000</origin>
         <length>0x8000</length>
         <used_space>0x46c</used_space>
         <unused_space>0x7b94</unused_space>
         <attributes>RWX</attributes>
         <usage_details>
            <allocated_space>
               <start_address>0x20000000</start_address>
               <size>0x0</size>
               <logical_group_ref idref="lg-201"/>
            </allocated_space>
            <allocated_space>
               <start_address>0x20000000</start_address>
               <size>0x26c</size>
               <logical_group_ref idref="lg-9"/>
            </allocated_space>
            <available_space>
               <start_address>0x2000026c</start_address>
               <size>0x4</size>
            </available_space>
            <allocated_space>
               <start_address>0x20000270</start_address>
               <size>0x200</size>
               <logical_group_ref idref="lg-d"/>
            </allocated_space>
            <available_space>
               <start_address>0x20000470</start_address>
               <size>0x7b90</size>
            </available_space>
         </usage_details>
      </memory_area>
   </placement_map>
   <cptbl_list>
      <cptbl>
         <name>__TI_cinit_table</name>
         <cprec>
            <name>.vtable</name>
            <load_address>0x998</load_address>
            <load_size>0x8</load_size>
            <run_address>0x20000000</run_address>
            <run_size>0x26c</run_size>
            <compression>zero_init</compression>
         </cprec>
      </cptbl>
   </cptbl_list>
   <handler_table>
      <handler_table_name>__TI_handler_table</handler_table_name>
      <handler>
         <index>0x0</index>
         <name>__TI_zero_init</name>
      </handler>
   </handler_table>
   <symbol_table>
      <symbol id="sm-1">
         <name>__STACK_TOP</name>
         <value>0x20000470</value>
      </symbol>
      <symbol id="sm-2">
         <name>__start___llvm_prf_cnts</name>
         <value>0x20000000</value>
      </symbol>
      <symbol id="sm-3">
         <name>__stop___llvm_prf_cnts</name>
         <value>0x20000000</value>
      </symbol>
      <symbol id="sm-4">
         <name>__TI_CINIT_Base</name>
         <value>0x9a4</value>
      </symbol>
      <symbol id="sm-5">
         <name>__TI_CINIT_Limit</name>
         <value>0x9ac</value>
      </symbol>
      <symbol id="sm-6">
         <name>__TI_Handler_Table_Base</name>
         <value>0x9a0</value>
      </symbol>
      <symbol id="sm-7">
         <name>__TI_Handler_Table_Limit</name>
         <value>0x9a4</value>
      </symbol>
      <symbol id="sm-8">
         <name>binit</name>
         <value>0xffffffff</value>
      </symbol>
      <symbol id="sm-9">
         <name>__binit__</name>
         <value>0xffffffff</value>
      </symbol>
      <symbol id="sm-a">
         <name>__STACK_SIZE</name>
         <value>0x200</value>
      </symbol>
      <symbol id="sm-b">
         <name>__STACK_END</name>
         <value>0x20000470</value>
      </symbol>
      <symbol id="sm-c">
         <name>__c_args__</name>
         <value>0xffffffff</value>
      </symbol>
      <symbol id="sm-d">
         <name>__TI_pprof_out_hndl</name>
         <value>0xffffffff</value>
      </symbol>
      <symbol id="sm-e">
         <name>__TI_prof_data_start</name>
         <value>0xffffffff</value>
      </symbol>
      <symbol id="sm-f">
         <name>__TI_prof_data_size</name>
         <value>0xffffffff</value>
      </symbol>
      <symbol id="sm-56">
         <name>GPIOPortFIntHandler</name>
         <value>0x3df</value>
         <object_component_ref idref="oc-2d"/>
      </symbol>
      <symbol id="sm-57">
         <name>main</name>
         <value>0x371</value>
         <object_component_ref idref="oc-2d"/>
      </symbol>
      <symbol id="sm-78">
         <name>ResetISR</name>
         <value>0x791</value>
         <object_component_ref idref="oc-27"/>
      </symbol>
      <symbol id="sm-79">
         <name>g_pfnVectors</name>
         <value>0x0</value>
         <object_component_ref idref="oc-12"/>
      </symbol>
      <symbol id="sm-af">
         <name>SysCtlClockSet</name>
         <value>0x26d</value>
         <object_component_ref idref="oc-74"/>
      </symbol>
      <symbol id="sm-b0">
         <name>SysCtlDelay</name>
         <value>0x7b9</value>
         <object_component_ref idref="oc-b6"/>
      </symbol>
      <symbol id="sm-b1">
         <name>SysCtlPeripheralEnable</name>
         <value>0x64d</value>
         <object_component_ref idref="oc-7a"/>
      </symbol>
      <symbol id="sm-104">
         <name>IntPrioritySet</name>
         <value>0x6e1</value>
         <object_component_ref idref="oc-9e"/>
      </symbol>
      <symbol id="sm-105">
         <name>IntEnable</name>
         <value>0x51d</value>
         <object_component_ref idref="oc-aa"/>
      </symbol>
      <symbol id="sm-106">
         <name>IntRegister</name>
         <value>0x619</value>
         <object_component_ref idref="oc-120"/>
      </symbol>
      <symbol id="sm-107">
         <name>g_pfnRAMVectors</name>
         <value>0x20000000</value>
         <object_component_ref idref="oc-19e"/>
      </symbol>
      <symbol id="sm-108">
         <name>IntMasterEnable</name>
         <value>0x79d</value>
         <object_component_ref idref="oc-b0"/>
      </symbol>
      <symbol id="sm-175">
         <name>GPIOIntRegister</name>
         <value>0x73d</value>
         <object_component_ref idref="oc-92"/>
      </symbol>
      <symbol id="sm-176">
         <name>GPIOIntEnable</name>
         <value>0x785</value>
         <object_component_ref idref="oc-a4"/>
      </symbol>
      <symbol id="sm-177">
         <name>GPIOIntTypeSet</name>
         <value>0x57d</value>
         <object_component_ref idref="oc-98"/>
      </symbol>
      <symbol id="sm-178">
         <name>GPIOPinTypeGPIOInput</name>
         <value>0x755</value>
         <object_component_ref idref="oc-86"/>
      </symbol>
      <symbol id="sm-179">
         <name>GPIOIntClear</name>
         <value>0x7a7</value>
         <object_component_ref idref="oc-b7"/>
      </symbol>
      <symbol id="sm-17a">
         <name>GPIOPinTypeGPIOOutput</name>
         <value>0x767</value>
         <object_component_ref idref="oc-80"/>
      </symbol>
      <symbol id="sm-17b">
         <name>GPIOPinRead</name>
         <value>0x7ad</value>
         <object_component_ref idref="oc-bd"/>
      </symbol>
      <symbol id="sm-17c">
         <name>GPIODirModeSet</name>
         <value>0x6b5</value>
         <object_component_ref idref="oc-110"/>
      </symbol>
      <symbol id="sm-17d">
         <name>GPIOPinWrite</name>
         <value>0x7b3</value>
         <object_component_ref idref="oc-c3"/>
      </symbol>
      <symbol id="sm-17e">
         <name>GPIOPadConfigSet</name>
         <value>0x465</value>
         <object_component_ref idref="oc-8c"/>
      </symbol>
      <symbol id="sm-188">
         <name>CPUcpsie</name>
         <value>0x779</value>
         <object_component_ref idref="oc-132"/>
      </symbol>
      <symbol id="sm-1a1">
         <name>__TI_zero_init_nomemset</name>
         <value>0x721</value>
         <object_component_ref idref="oc-4d"/>
      </symbol>
      <symbol id="sm-1b6">
         <name>__stack</name>
         <value>0x20000270</value>
         <object_component_ref idref="oc-24"/>
      </symbol>
      <symbol id="sm-1b7">
         <name>_c_int00_noargs</name>
         <value>0x681</value>
         <object_component_ref idref="oc-5f"/>
      </symbol>
      <symbol id="sm-1e1">
         <name>__TI_auto_init_nobinit_nopinit</name>
         <value>0x5d5</value>
         <object_component_ref idref="oc-163"/>
      </symbol>
      <symbol id="sm-1eb">
         <name>_system_pre_init</name>
         <value>0x7bf</value>
         <object_component_ref idref="oc-f6"/>
      </symbol>
      <symbol id="sm-1f7">
         <name>C$$EXIT</name>
         <value>0x7c3</value>
         <object_component_ref idref="oc-157"/>
      </symbol>
      <symbol id="sm-1f8">
         <name>abort</name>
         <value>0x7c3</value>
         <object_component_ref idref="oc-157"/>
      </symbol>
      <symbol id="sm-1fb">
         <name>__TI_static_base__</name>
         <value>0x0</value>
      </symbol>
      <symbol id="sm-1fd">
         <name>__mpu_init</name>
         <value>0x0</value>
      </symbol>
      <symbol id="sm-1fe">
         <name>_system_post_cinit</name>
         <value>0x0</value>
      </symbol>
   </symbol_table>
   <title>Link successful</title>
</link_info>
